10-02 22:51:47.730 17484 16458 E BufferQueueProducer: BQDUMP  [03:0xb4000076952468b0] state=DEQUEUED 0xb4000076b52b5d50 frame=1751 [1280x 720:1280,7F000001]
10-02 22:51:47.742 17484 16458 E BufferQueueProducer: BQDUMP  [03:0xb4000076952468b0] state=DEQUEUED 0xb4000076b52b5d50 frame=1751 [1280x 720:1280,7F000001]
10-02 22:51:47.743 17484 16458 E BufferQueueProducer: BQDUMP  [03:0xb4000076952468b0] state=DEQUEUED 0xb4000076b52b5d50 frame=1751 [1280x 720:1280,7F000001]
10-02 22:51:47.806 17484 16458 E BufferQueueProducer: BQDUMP  [03:0xb4000076952468b0] state=DEQUEUED 0xb4000076b52b5d50 frame=1751 [1280x 720:1280,7F000001]
10-02 22:51:47.806 17484 16458 E BufferQueueProducer: BQDUMP  [03:0xb4000076952468b0] state=DEQUEUED 0xb4000076b52b5d50 frame=1751 [1280x 720:1280,7F000001]
10-02 22:51:47.844 17484 17504 E BufferQueueProducer: BQDUMP  [03:0xb4000076952468b0] state=DEQUEUED 0xb4000076b52b5d50 frame=1751 [1280x 720:1280,7F000001]
10-02 22:51:47.844 17484 17504 E BufferQueueProducer: BQDUMP  [03:0xb4000076952468b0] state=DEQUEUED 0xb4000076b52b5d50 frame=1751 [1280x 720:1280,7F000001]
10-02 22:51:57.751 17484 17654 E BufferQueueProducer: [SurfaceView[com.vivo.gallery/com.android.gallery3d.vivo.NewPageActivity]#39(BLAST Consumer)39](id:444c00000043,api:3,p:1152,c:17484) waitForFreeSlotThenRelock TIMED_OUT 0
10-02 22:52:21.108 17484 17502 E BufferQueueProducer: BQDUMP  default-size=[720x1280] default-format=4 BQDUMP  transform-hint=00 frame-counter=2751
10-02 22:52:32.751 17484 17504 E BufferQueueProducer: Slots:
10-02 22:52:32.751 17484 17504 E BufferQueueProducer: BQDUMP  [00:0xb4000076952496d0] state=DEQUEUED 0xb4000076b52b3a50 frame=3082 [1280x 720:1280,7F000001]
10-02 22:52:32.751 17484 17504 E BufferQueueProducer: BQDUMP  [01:0xb400007695248ef0] state=DEQUEUED 0xb4000076b52b4d90 frame=3089 [1280x 720:1280,7F000001]
10-02 22:52:32.751 17484 17504 E BufferQueueProducer: BQDUMP  [02:0xb400007695244a50] state=DEQUEUED 0xb4000076b52c6210 frame=3083 [1280x 720:1280,7F000001]
10-02 22:52:32.751 17484 17504 E BufferQueueProducer: BQDUMP >[03:0xb4000076952468b0] state=ACQUIRED 0xb4000076b52b5d50 frame=3095 [1280x 720:1280,7F000001]
10-02 22:52:32.751 17484 17504 E BufferQueueProducer: BQDUMP  [04:0xb400007695241210] state=DEQUEUED 0xb4000076b5242710 frame=3091 [1280x 720:1280,7F000001]
10-02 22:52:32.751 17484 17504 E BufferQueueProducer: BQDUMP  [05:0xb400007695242410] state=DEQUEUED 0xb4000076b52b83d0 frame=3086 [1280x 720:1280,7F000001]
10-02 22:52:32.751 17484 17504 E BufferQueueProducer: BQDUMP >[06:0xb4000076952432b0] state=ACQUIRED 0xb4000076b52aa3d0 frame=3094 [1280x 720:1280,7F000001]
10-02 22:52:32.751 17484 17504 E BufferQueueProducer: BQDUMP  [07:0xb4000076952460d0] state=DEQUEUED 0xb4000076b52c0a90 frame=3076 [1280x 720:1280,7F000001]
10-02 22:52:32.751 17484 17504 E BufferQueueProducer: BQDUMP  [08:0xb400007695240910] state=DEQUEUED 0xb4000076b52baf90 frame=3079 [1280x 720:1280,7F000001]
10-02 22:52:32.751 17484 17504 E BufferQueueProducer: BQDUMP  [09:0xb400007695246670] state=DEQUEUED 0xb4000076b5310d50 frame=3077 [1280x 720:1
10-02 22:52:55.377 17484 17924 E BufferQueueProducer: BQDUMP  default-size=[720x1280] default-format=4 BQDUMP  transform-hint=00 frame-counter=3751
10-02 22:53:30.628 17484 17504 E BufferQueueProducer: BQDUMP  default-size=[720x1280] default-format=4 BQDUMP  transform-hint=00 frame-counter=4751
10-02 22:53:30.628 17484 17504 E BufferQueueProducer: BQDUMP >[04:0xb400007695241210] state=ACQUIRED 0xb4000076b5242710 frame=4751 [1280x 720:1280,7F000001]
10-02 22:53:30.665 17484 17504 E BufferQueueProducer: BQDUMP >[04:0xb400007695241210] state=ACQUIRED 0xb4000076b5242710 frame=4751 [1280x 720:1280,7F000001]
10-02 22:53:30.747 17484 17924 E BufferQueueProducer: BQDUMP  [04:0xb400007695241210] state=DEQUEUED 0xb4000076b5242710 frame=4751 [1280x 720:1280,7F000001]
10-02 22:53:30.799 17484 17924 E BufferQueueProducer: BQDUMP  [04:0xb400007695241210] state=DEQUEUED 0xb4000076b5242710 frame=4751 [1280x 720:1280,7F000001]
10-02 22:53:30.825 17484 17924 E BufferQueueProducer: BQDUMP  [04:0xb400007695241210] state=DEQUEUED 0xb4000076b5242710 frame=4751 [1280x 720:1280,7F000001]
10-02 22:53:30.897 17484 17501 E BufferQueueProducer: BQDUMP  [04:0xb400007695241210] state=DEQUEUED 0xb4000076b5242710 frame=4751 [1280x 720:1280,7F000001]
10-02 22:53:30.923 17484 17924 E BufferQueueProducer: BQDUMP  [04:0xb400007695241210] state=DEQUEUED 0xb4000076b5242710 frame=4751 [1280x 720:1280,7F000001]
10-02 22:53:31.020 17484 17502 E BufferQueueProducer: BQDUMP  [04:0xb400007695241210] state=DEQUEUED 0xb4000076b5242710 frame=4751 [1280x 720:1280,7F000001]
10-02 22:53:31.191 17484 17502 E BufferQueueProducer: BQDUMP  [04:0xb400007695241210] state=DEQUEUED 0xb4000076b5242710 frame=4751 [1280x 720:1280,7F000001]
10-02 22:54:17.751 17484 17654 E BufferQueueProducer: BQDUMP- BufferQueue mMaxAcquiredBufferCount=2 mMaxDequeuedBufferCount=19
10-02 22:54:17.751 17484 17654 E BufferQueueProducer: BQDUMP  mDequeueBufferCannotBlock=0 mAsyncMode=0
10-02 22:54:17.751 17484 17654 E BufferQueueProducer: BQDUMP  mQueueBufferCanDrop=0 mLegacyBufferDrop=1
10-02 22:54:17.751 17484 17654 E BufferQueueProducer: BQDUMP  default-size=[720x1280] default-format=4 BQDUMP  transform-hint=00 frame-counter=5876
10-02 22:54:17.751 17484 17654 E BufferQueueProducer: BQDUMP  mTransformHintInUse=00 mAutoPrerotation=0
10-02 22:54:17.751 17484 17654 E BufferQueueProducer: BQDUMPFIFO(0):
10-02 22:54:17.751 17484 17654 E BufferQueueProducer: BQDUMP(mConsumerName=SurfaceView[com.vivo.gallery/com.android.gallery3d.vivo.NewPageActivity]#39(BLAST Consumer)39, mConnectedApi=3, mConsumerUsageBits=2304, mId=444c00000043, producer=[1152:???], consumer=[17484:com.vivo.gallery])
10-02 22:54:17.751 17484 17654 E BufferQueueProducer: BQDUMPSlots:
10-02 22:54:17.751 17484 17654 E BufferQueueProducer: BQDUMP >[00:0xb4000076952496d0] state=ACQUIRED 0xb4000076b52b3a50 frame=5875 [1280x 720:1280,7F000001]
10-02 22:54:17.751 17484 17654 E BufferQueueProducer: BQDUMP  [01:0xb400007695248ef0] state=DEQUEUED 0xb4000076b52b4d90 frame=5861 [1280x 720:1280,7F000001]
10-02 22:54:17.751 17484 17654 E BufferQueueProducer: BQDUMP >[02:0xb400007695244a50] state=ACQUIRED 0xb4000076b52c6210 frame=5876 [1280x 720:1280,7F000001]
10-02 22:54:17.751 17484 17654 E BufferQueueProducer: BQDUMP  [03:0xb4000076952468b0] state=DEQUEUED 0xb4000076b52b5d50 frame=5872 [1280x 720:1280,7F000001]
10-02 22:54:17.751 17484 17654 E BufferQueueProducer: BQDUMP  [04:0xb400007695241210] sta
10-02 22:54:17.751 17484 17654 E BufferQueueProducer: Slots:
10-02 22:54:17.751 17484 17654 E BufferQueueProducer: BQDUMP >[00:0xb4000076952496d0] state=ACQUIRED 0xb4000076b52b3a50 frame=5875 [1280x 720:1280,7F000001]
10-02 22:54:17.751 17484 17654 E BufferQueueProducer: BQDUMP  [01:0xb400007695248ef0] state=DEQUEUED 0xb4000076b52b4d90 frame=5861 [1280x 720:1280,7F000001]
10-02 22:54:17.751 17484 17654 E BufferQueueProducer: BQDUMP >[02:0xb400007695244a50] state=ACQUIRED 0xb4000076b52c6210 frame=5876 [1280x 720:1280,7F000001]
10-02 22:54:17.751 17484 17654 E BufferQueueProducer: BQDUMP  [03:0xb4000076952468b0] state=DEQUEUED 0xb4000076b52b5d50 frame=5872 [1280x 720:1280,7F000001]
10-02 22:54:17.751 17484 17654 E BufferQueueProducer: BQDUMP  [04:0xb400007695241210] state=DEQUEUED 0xb4000076b5242710 frame=5864 [1280x 720:1280,7F000001]
10-02 22:54:17.751 17484 17654 E BufferQueueProducer: BQDUMP  [05:0xb400007695242410] state=DEQUEUED 0xb4000076b52b83d0 frame=5860 [1280x 720:1280,7F000001]
10-02 22:54:17.751 17484 17654 E BufferQueueProducer: BQDUMP  [06:0xb4000076952432b0] state=DEQUEUED 0xb4000076b52aa3d0 frame=5867 [1280x 720:1280,7F000001]
10-02 22:54:17.751 17484 17654 E BufferQueueProducer: BQDUMP  [07:0xb4000076952460d0] state=DEQUEUED 0xb4000076b52c0a90 frame=5866 [1280x 720:1280,7F000001]
10-02 22:54:17.751 17484 17654 E BufferQueueProducer: BQDUMP  [08:0xb400007695240910] state=DEQUEUED 0xb4000076b52baf90 frame=5870 [1280x 720:1280,7F000001]
10-02 22:54:17.751 17484 17654 E BufferQueueProducer: BQDUMP  [09:0xb400007695246670] state=DEQUEUED 0xb4000076b5310d50 frame=5868 [1280x 720:1
10-02 22:54:25.751 17484 17924 E BufferQueueProducer: [SurfaceView[com.vivo.gallery/com.android.gallery3d.vivo.NewPageActivity]#39(BLAST Consumer)39](id:444c00000043,api:3,p:1152,c:17484) waitForFreeSlotThenRelock TIMED_OUT 0
10-02 22:54:46.751 17484 17502 E BufferQueueProducer: Slots:
10-02 22:54:46.751 17484 17502 E BufferQueueProducer: BQDUMP  [00:0xb4000076952496d0] state=DEQUEUED 0xb4000076b52b3a50 frame=6672 [1280x 720:1280,7F000001]
10-02 22:54:46.751 17484 17502 E BufferQueueProducer: BQDUMP  [01:0xb400007695248ef0] state=DEQUEUED 0xb4000076b52b4d90 frame=6678 [1280x 720:1280,7F000001]
10-02 22:54:46.751 17484 17502 E BufferQueueProducer: BQDUMP  [02:0xb400007695244a50] state=DEQUEUED 0xb4000076b52c6210 frame=6673 [1280x 720:1280,7F000001]
10-02 22:54:46.751 17484 17502 E BufferQueueProducer: BQDUMP  [03:0xb4000076952468b0] state=DEQUEUED 0xb4000076b52b5d50 frame=6670 [1280x 720:1280,7F000001]
10-02 22:54:46.751 17484 17502 E BufferQueueProducer: BQDUMP >[04:0xb400007695241210] state=ACQUIRED 0xb4000076b5242710 frame=6684 [1280x 720:1280,7F000001]
10-02 22:54:46.751 17484 17502 E BufferQueueProducer: BQDUMP  [05:0xb400007695242410] state=DEQUEUED 0xb4000076b52b83d0 frame=6681 [1280x 720:1280,7F000001]
10-02 22:54:46.751 17484 17502 E BufferQueueProducer: BQDUMP >[06:0xb4000076952432b0] state=ACQUIRED 0xb4000076b52aa3d0 frame=6686 [1280x 720:1280,7F000001]
10-02 22:54:46.751 17484 17502 E BufferQueueProducer: BQDUMP  [07:0xb4000076952460d0] state=DEQUEUED 0xb4000076b52c0a90 frame=6666 [1280x 720:1280,7F000001]
10-02 22:54:46.751 17484 17502 E BufferQueueProducer: BQDUMP  [08:0xb400007695240910] state=DEQUEUED 0xb4000076b52baf90 frame=6683 [1280x 720:1280,7F000001]
10-02 22:54:46.751 17484 17502 E BufferQueueProducer: BQDUMP  [09:0xb400007695246670] state=DEQUEUED 0xb4000076b5310d50 frame=6668 [1280x 720:1
10-02 22:54:49.392 17484 17502 E BufferQueueProducer: BQDUMP  default-size=[720x1280] default-format=4 BQDUMP  transform-hint=00 frame-counter=6751
10-02 22:55:09.751 17484 17502 E BufferQueueProducer: BQDUMP- BufferQueue mMaxAcquiredBufferCount=2 mMaxDequeuedBufferCount=19
10-02 22:55:09.751 17484 17502 E BufferQueueProducer: BQDUMP  mDequeueBufferCannotBlock=0 mAsyncMode=0
10-02 22:55:09.751 17484 17502 E BufferQueueProducer: BQDUMP  mQueueBufferCanDrop=0 mLegacyBufferDrop=1
10-02 22:55:09.751 17484 17502 E BufferQueueProducer: BQDUMP  default-size=[720x1280] default-format=4 BQDUMP  transform-hint=00 frame-counter=7313
10-02 22:55:09.751 17484 17502 E BufferQueueProducer: BQDUMP  mTransformHintInUse=00 mAutoPrerotation=0
10-02 22:55:09.751 17484 17502 E BufferQueueProducer: BQDUMPFIFO(0):
10-02 22:55:09.751 17484 17502 E BufferQueueProducer: BQDUMP(mConsumerName=SurfaceView[com.vivo.gallery/com.android.gallery3d.vivo.NewPageActivity]#39(BLAST Consumer)39, mConnectedApi=3, mConsumerUsageBits=2304, mId=444c00000043, producer=[1152:???], consumer=[17484:com.vivo.gallery])
10-02 22:55:09.751 17484 17502 E BufferQueueProducer: BQDUMPSlots:
10-02 22:55:09.751 17484 17502 E BufferQueueProducer: BQDUMP  [00:0xb4000076952496d0] state=DEQUEUED 0xb4000076b52b3a50 frame=7301 [1280x 720:1280,7F000001]
10-02 22:55:09.751 17484 17502 E BufferQueueProducer: BQDUMP  [01:0xb400007695248ef0] state=DEQUEUED 0xb4000076b52b4d90 frame=7307 [1280x 720:1280,7F000001]
10-02 22:55:09.751 17484 17502 E BufferQueueProducer: BQDUMP  [02:0xb400007695244a50] state=DEQUEUED 0xb4000076b52c6210 frame=7304 [1280x 720:1280,7F000001]
10-02 22:55:09.751 17484 17502 E BufferQueueProducer: BQDUMP  [03:0xb4000076952468b0] state=DEQUEUED 0xb4000076b52b5d50 frame=7300 [1280x 720:1280,7F000001]
10-02 22:55:09.751 17484 17502 E BufferQueueProducer: BQDUMP >[04:0xb400007695241210] sta
10-02 22:55:17.140 17484 17654 E BufferQueueProducer: BQDUMP  default-size=[720x1280] default-format=4 BQDUMP  transform-hint=00 frame-counter=7510
10-02 22:55:17.140 17484 17654 E BufferQueueProducer: BQDUMP >[03:0xb4000076952468b0] state=ACQUIRED 0xb4000076b52b5d50 frame=7510 [1280x 720:1280,7F000001]
10-02 22:55:17.140 17484 17654 E BufferQueueProducer: BQDUMP >[03:0xb4000076952468b0] state=ACQUIRED 0xb4000076b52b5d50 frame=7510 [1280x 720:1280,7F000001]
10-02 22:55:17.239 17484 16458 E BufferQueueProducer: BQDUMP  default-size=[720x1280] default-format=4 BQDUMP  transform-hint=00 frame-counter=7513
10-02 22:55:17.239 17484 16458 E BufferQueueProducer: BQDUMP >[00:0xb4000076952496d0] state=ACQUIRED 0xb4000076b52b3a50 frame=7511 [1280x 720:1280,7F000001]
10-02 22:55:17.239 17484 16458 E BufferQueueProducer: BQDUMP  [03:0xb4000076952468b0] state=DEQUEUED 0xb4000076b52b5d50 frame=7510 [1280x 720:1280,7F000001]
10-02 22:55:17.239 17484 16458 E BufferQueueProducer: BQDUMP >[00:0xb4000076952496d0] state=ACQUIRED 0xb4000076b52b3a50 frame=7511 [1280x 720:1280,7F000001]
10-02 22:55:17.239 17484 16458 E BufferQueueProducer: BQDUMP  [03:0xb4000076952468b0] state=DEQUEUED 0xb4000076b52b5d50 frame=7510 [1280x 720:1280,7F000001]
10-02 22:55:17.321 17484 16458 E BufferQueueProducer: BQDUMP  default-size=[720x1280] default-format=4 BQDUMP  transform-hint=00 frame-counter=7515
10-02 22:55:17.321 17484 16458 E BufferQueueProducer: BQDUMP  [00:0xb4000076952496d0] state=DEQUEUED 0xb4000076b52b3a50 frame=7511 [1280x 720:1280,7F000001]
10-02 22:55:17.321 17484 16458 E BufferQueueProducer: BQDUMP >[02:0xb400007695244a50] state=ACQUIRED 0xb4000076b52c6210 frame=7515 [1280x 720:1280,7F000001]
10-02 22:55:17.321 17484 16458 E BufferQueueProducer: BQDUMP  [03:0xb4000076952468b0] state=DEQUEUED 0xb4000076b52b5d50 frame=7510 [1280x 720:1280,7F000001]
10-02 22:55:17.321 17484 16458 E BufferQueueProducer: BQDUMP  [00:0xb4000076952496d0] state=DEQUEUED 0xb4000076b52b3a50 frame=7511 [1280x 720:1280,7F000001]
10-02 22:55:17.321 17484 16458 E BufferQueueProducer: BQDUMP >[02:0xb400007695244a50] state=ACQUIRED 0xb4000076b52c6210 frame=7515 [1280x 720:1280,7F000001]
10-02 22:55:17.321 17484 16458 E BufferQueueProducer: BQDUMP  [03:0xb4000076952468b0] state=DEQUEUED 0xb4000076b52b5d50 frame=7510 [1280x 720:1280,7F000001]
10-02 22:55:17.423 17484 17654 E BufferQueueProducer: BQDUMP  default-size=[720x1280] default-format=4 BQDUMP  transform-hint=00 frame-counter=7517
10-02 22:55:17.423 17484 17654 E BufferQueueProducer: BQDUMP  [00:0xb4000076952496d0] state=DEQUEUED 0xb4000076b52b3a50 frame=7511 [1280x 720:1280,7F000001]
10-02 22:55:17.423 17484 17654 E BufferQueueProducer: BQDUMP >[01:0xb400007695248ef0] state=ACQUIRED 0xb4000076b52b4d90 frame=7516 [1280x 720:1280,7F000001]
10-02 22:55:17.423 17484 17654 E BufferQueueProducer: BQDUMP >[02:0xb400007695244a50] state=ACQUIRED 0xb4000076b52c6210 frame=7515 [1280x 720:1280,7F000001]
10-02 22:55:17.423 17484 17654 E BufferQueueProducer: BQDUMP  [03:0xb4000076952468b0] state=DEQUEUED 0xb4000076b52b5d50 frame=7510 [1280x 720:1280,7F000001]
10-02 22:55:17.423 17484 17654 E BufferQueueProducer: BQDUMP  [00:0xb4000076952496d0] state=DEQUEUED 0xb4000076b52b3a50 frame=7511 [1280x 720:1280,7F000001]
10-02 22:55:17.423 17484 17654 E BufferQueueProducer: BQDUMP >[01:0xb400007695248ef0] state=ACQUIRED 0xb4000076b52b4d90 frame=7516 [1280x 720:1280,7F000001]
10-02 22:55:17.423 17484 17654 E BufferQueueProducer: BQDUMP >[02:0xb400007695244a50] state=ACQUIRED 0xb4000076b52c6210 frame=7515 [1280x 720:1280,7F000001]
10-02 22:55:17.423 17484 17654 E BufferQueueProducer: BQDUMP  [03:0xb4000076952468b0] state=DEQUEUED 0xb4000076b52b5d50 frame=7510 [1280x 720:1280,7F000001]
10-02 22:55:17.436 17484 16458 E BufferQueueProducer: BQDUMP  default-size=[720x1280] default-format=4 BQDUMP  transform-hint=00 frame-counter=7518
10-02 22:55:17.436 17484 16458 E BufferQueueProducer: BQDUMP  [00:0xb4000076952496d0] state=DEQUEUED 0xb4000076b52b3a50 frame=7511 [1280x 720:1280,7F000001]
10-02 22:55:17.436 17484 16458 E BufferQueueProducer: BQDUMP >[01:0xb400007695248ef0] state=ACQUIRED 0xb4000076b52b4d90 frame=7516 [1280x 720:1280,7F000001]
10-02 22:55:17.436 17484 16458 E BufferQueueProducer: BQDUMP >[02:0xb400007695244a50] state=ACQUIRED 0xb4000076b52c6210 frame=7515 [1280x 720:1280,7F000001]
10-02 22:55:17.436 17484 16458 E BufferQueueProducer: BQDUMP  [03:0xb4000076952468b0] state=DEQUEUED 0xb4000076b52b5d50 frame=7510 [1280x 720:1280,7F000001]
10-02 22:55:17.436 17484 16458 E BufferQueueProducer: BQDUMP  [00:0xb4000076952496d0] state=DEQUEUED 0xb4000076b52b3a50 frame=7511 [1280x 720:1280,7F000001]
10-02 22:55:17.436 17484 16458 E BufferQueueProducer: BQDUMP >[01:0xb400007695248ef0] state=ACQUIRED 0xb4000076b52b4d90 frame=7516 [1280x 720:1280,7F000001]
10-02 22:55:17.436 17484 16458 E BufferQueueProducer: BQDUMP >[02:0xb400007695244a50] state=ACQUIRED 0xb4000076b52c6210 frame=7515 [1280x 720:1280,7F000001]
10-02 22:55:17.436 17484 16458 E BufferQueueProducer: BQDUMP  [03:0xb4000076952468b0] state=DEQUEUED 0xb4000076b52b5d50 frame=7510 [1280x 720:1280,7F000001]
10-02 22:55:17.449 17484 16458 E BufferQueueProducer: BQDUMP  default-size=[720x1280] default-format=4 BQDUMP  transform-hint=00 frame-counter=7518
10-02 22:55:17.449 17484 16458 E BufferQueueProducer: BQDUMP  [00:0xb4000076952496d0] state=DEQUEUED 0xb4000076b52b3a50 frame=7511 [1280x 720:1280,7F000001]
10-02 22:55:17.449 17484 16458 E BufferQueueProducer: BQDUMP >[01:0xb400007695248ef0] state=ACQUIRED 0xb4000076b52b4d90 frame=7516 [1280x 720:1280,7F000001]
10-02 22:55:17.449 17484 16458 E BufferQueueProducer: BQDUMP  [02:0xb400007695244a50] state=DEQUEUED 0xb4000076b52c6210 frame=7515 [1280x 720:1280,7F000001]
10-02 22:55:17.449 17484 16458 E BufferQueueProducer: BQDUMP  [03:0xb4000076952468b0] state=DEQUEUED 0xb4000076b52b5d50 frame=7510 [1280x 720:1280,7F000001]
10-02 22:55:17.449 17484 16458 E BufferQueueProducer: BQDUMP  [00:0xb4000076952496d0] state=DEQUEUED 0xb4000076b52b3a50 frame=7511 [1280x 720:1280,7F000001]
10-02 22:55:17.449 17484 16458 E BufferQueueProducer: BQDUMP >[01:0xb400007695248ef0] state=ACQUIRED 0xb4000076b52b4d90 frame=7516 [1280x 720:1280,7F000001]
10-02 22:55:17.449 17484 16458 E BufferQueueProducer: BQDUMP  [02:0xb400007695244a50] state=DEQUEUED 0xb4000076b52c6210 frame=7515 [1280x 720:1280,7F000001]
10-02 22:55:17.449 17484 16458 E BufferQueueProducer: BQDUMP  [03:0xb4000076952468b0] state=DEQUEUED 0xb4000076b52b5d50 frame=7510 [1280x 720:1280,7F000001]
10-02 22:55:17.534 17484 16458 E BufferQueueProducer: BQDUMP  [00:0xb4000076952496d0] state=DEQUEUED 0xb4000076b52b3a50 frame=7511 [1280x 720:1280,7F000001]
10-02 22:55:17.534 17484 16458 E BufferQueueProducer: BQDUMP  [01:0xb400007695248ef0] state=DEQUEUED 0xb4000076b52b4d90 frame=7516 [1280x 720:1280,7F000001]
10-02 22:55:17.534 17484 16458 E BufferQueueProducer: BQDUMP  [02:0xb400007695244a50] state=DEQUEUED 0xb4000076b52c6210 frame=7515 [1280x 720:1280,7F000001]
10-02 22:55:17.534 17484 16458 E BufferQueueProducer: BQDUMP  [03:0xb4000076952468b0] state=DEQUEUED 0xb4000076b52b5d50 frame=7510 [1280x 720:1280,7F000001]
10-02 22:55:17.534 17484 16458 E BufferQueueProducer: BQDUMP  [00:0xb4000076952496d0] state=DEQUEUED 0xb4000076b52b3a50 frame=7511 [1280x 720:1280,7F000001]
10-02 22:55:17.534 17484 16458 E BufferQueueProducer: BQDUMP  [01:0xb400007695248ef0] state=DEQUEUED 0xb4000076b52b4d90 frame=7516 [1280x 720:1280,7F000001]
10-02 22:55:17.534 17484 16458 E BufferQueueProducer: BQDUMP  [02:0xb400007695244a50] state=DEQUEUED 0xb4000076b52c6210 frame=7515 [1280x 720:1280,7F000001]
10-02 22:55:17.534 17484 16458 E BufferQueueProducer: BQDUMP  [03:0xb4000076952468b0] state=DEQUEUED 0xb4000076b52b5d50 frame=7510 [1280x 720:1280,7F000001]
10-02 22:55:17.559 17484 16458 E BufferQueueProducer: BQDUMP  [00:0xb4000076952496d0] state=DEQUEUED 0xb4000076b52b3a50 frame=7511 [1280x 720:1280,7F000001]
10-02 22:55:17.559 17484 16458 E BufferQueueProducer: BQDUMP  [01:0xb400007695248ef0] state=DEQUEUED 0xb4000076b52b4d90 frame=7516 [1280x 720:1280,7F000001]
10-02 22:55:17.559 17484 16458 E BufferQueueProducer: BQDUMP  [02:0xb400007695244a50] state=DEQUEUED 0xb4000076b52c6210 frame=7515 [1280x 720:1280,7F000001]
10-02 22:55:17.559 17484 16458 E BufferQueueProducer: BQDUMP  [03:0xb4000076952468b0] state=DEQUEUED 0xb4000076b52b5d50 frame=7510 [1280x 720:1280,7F000001]
10-02 22:55:17.559 17484 16458 E BufferQueueProducer: BQDUMP  [00:0xb4000076952496d0] state=DEQUEUED 0xb4000076b52b3a50 frame=7511 [1280x 720:1280,7F000001]
10-02 22:55:17.559 17484 16458 E BufferQueueProducer: BQDUMP  [01:0xb400007695248ef0] state=DEQUEUED 0xb4000076b52b4d90 frame=7516 [1280x 720:1280,7F000001]
10-02 22:55:17.559 17484 16458 E BufferQueueProducer: BQDUMP  [02:0xb400007695244a50] state=DEQUEUED 0xb4000076b52c6210 frame=7515 [1280x 720:1280,7F000001]
10-02 22:55:17.559 17484 16458 E BufferQueueProducer: BQDUMP  [03:0xb4000076952468b0] state=DEQUEUED 0xb4000076b52b5d50 frame=7510 [1280x 720:1280,7F000001]
10-02 22:55:17.571 17484 16458 E BufferQueueProducer: BQDUMP  [00:0xb4000076952496d0] state=DEQUEUED 0xb4000076b52b3a50 frame=7511 [1280x 720:1280,7F000001]
10-02 22:55:17.571 17484 16458 E BufferQueueProducer: BQDUMP  [01:0xb400007695248ef0] state=DEQUEUED 0xb4000076b52b4d90 frame=7516 [1280x 720:1280,7F000001]
10-02 22:55:17.571 17484 16458 E BufferQueueProducer: BQDUMP  [02:0xb400007695244a50] state=DEQUEUED 0xb4000076b52c6210 frame=7515 [1280x 720:1280,7F000001]
10-02 22:55:17.571 17484 16458 E BufferQueueProducer: BQDUMP  [03:0xb4000076952468b0] state=DEQUEUED 0xb4000076b52b5d50 frame=7510 [1280x 720:1280,7F000001]
10-02 22:55:17.571 17484 16458 E BufferQueueProducer: BQDUMP  [00:0xb4000076952496d0] state=DEQUEUED 0xb4000076b52b3a50 frame=7511 [1280x 720:1280,7F000001]
10-02 22:55:17.571 17484 16458 E BufferQueueProducer: BQDUMP  [01:0xb400007695248ef0] state=DEQUEUED 0xb4000076b52b4d90 frame=7516 [1280x 720:1280,7F000001]
10-02 22:55:17.571 17484 16458 E BufferQueueProducer: BQDUMP  [02:0xb400007695244a50] state=DEQUEUED 0xb4000076b52c6210 frame=7515 [1280x 720:1280,7F000001]
10-02 22:55:17.571 17484 16458 E BufferQueueProducer: BQDUMP  [03:0xb4000076952468b0] state=DEQUEUED 0xb4000076b52b5d50 frame=7510 [1280x 720:1280,7F000001]
10-02 22:55:17.630 17484 17654 E BufferQueueProducer: BQDUMP  [00:0xb4000076952496d0] state=DEQUEUED 0xb4000076b52b3a50 frame=7511 [1280x 720:1280,7F000001]
10-02 22:55:17.630 17484 17654 E BufferQueueProducer: BQDUMP  [01:0xb400007695248ef0] state=DEQUEUED 0xb4000076b52b4d90 frame=7516 [1280x 720:1280,7F000001]
10-02 22:55:17.630 17484 17654 E BufferQueueProducer: BQDUMP  [02:0xb400007695244a50] state=DEQUEUED 0xb4000076b52c6210 frame=7515 [1280x 720:1280,7F000001]
10-02 22:55:17.630 17484 17654 E BufferQueueProducer: BQDUMP  [03:0xb4000076952468b0] state=DEQUEUED 0xb4000076b52b5d50 frame=7510 [1280x 720:1280,7F000001]
10-02 22:55:17.630 17484 17654 E BufferQueueProducer: BQDUMP  [00:0xb4000076952496d0] state=DEQUEUED 0xb4000076b52b3a50 frame=7511 [1280x 720:1280,7F000001]
10-02 22:55:17.630 17484 17654 E BufferQueueProducer: BQDUMP  [01:0xb400007695248ef0] state=DEQUEUED 0xb4000076b52b4d90 frame=7516 [1280x 720:1280,7F000001]
10-02 22:55:17.630 17484 17654 E BufferQueueProducer: BQDUMP  [02:0xb400007695244a50] state=DEQUEUED 0xb4000076b52c6210 frame=7515 [1280x 720:1280,7F000001]
10-02 22:55:17.630 17484 17654 E BufferQueueProducer: BQDUMP  [03:0xb4000076952468b0] state=DEQUEUED 0xb4000076b52b5d50 frame=7510 [1280x 720:1280,7F000001]
10-02 22:55:17.642 17484 17654 E BufferQueueProducer: BQDUMP  [00:0xb4000076952496d0] state=DEQUEUED 0xb4000076b52b3a50 frame=7511 [1280x 720:1280,7F000001]
10-02 22:55:17.642 17484 17654 E BufferQueueProducer: BQDUMP  [01:0xb400007695248ef0] state=DEQUEUED 0xb4000076b52b4d90 frame=7516 [1280x 720:1280,7F000001]
10-02 22:55:17.642 17484 17654 E BufferQueueProducer: BQDUMP  [02:0xb400007695244a50] state=DEQUEUED 0xb4000076b52c6210 frame=7515 [1280x 720:1280,7F000001]
10-02 22:55:17.642 17484 17654 E BufferQueueProducer: BQDUMP  [03:0xb4000076952468b0] state=DEQUEUED 0xb4000076b52b5d50 frame=7510 [1280x 720:1280,7F000001]
10-02 22:55:17.642 17484 17654 E BufferQueueProducer: BQDUMP  [00:0xb4000076952496d0] state=DEQUEUED 0xb4000076b52b3a50 frame=7511 [1280x 720:1280,7F000001]
10-02 22:55:17.642 17484 17654 E BufferQueueProducer: BQDUMP  [01:0xb400007695248ef0] state=DEQUEUED 0xb4000076b52b4d90 frame=7516 [1280x 720:1280,7F000001]
10-02 22:55:17.642 17484 17654 E BufferQueueProducer: BQDUMP  [02:0xb400007695244a50] state=DEQUEUED 0xb4000076b52c6210 frame=7515 [1280x 720:1280,7F000001]
10-02 22:55:17.642 17484 17654 E BufferQueueProducer: BQDUMP  [03:0xb4000076952468b0] state=DEQUEUED 0xb4000076b52b5d50 frame=7510 [1280x 720:1280,7F000001]
10-02 22:55:17.738 17484 17654 E BufferQueueProducer: BQDUMP  [00:0xb4000076952496d0] state=DEQUEUED 0xb4000076b52b3a50 frame=7511 [1280x 720:1280,7F000001]
10-02 22:55:17.738 17484 17654 E BufferQueueProducer: BQDUMP  [01:0xb400007695248ef0] state=DEQUEUED 0xb4000076b52b4d90 frame=7516 [1280x 720:1280,7F000001]
10-02 22:55:17.738 17484 17654 E BufferQueueProducer: BQDUMP  [02:0xb400007695244a50] state=DEQUEUED 0xb4000076b52c6210 frame=7515 [1280x 720:1280,7F000001]
10-02 22:55:17.738 17484 17654 E BufferQueueProducer: BQDUMP  [03:0xb4000076952468b0] state=DEQUEUED 0xb4000076b52b5d50 frame=7510 [1280x 720:1280,7F000001]
10-02 22:55:17.738 17484 17654 E BufferQueueProducer: BQDUMP  [00:0xb4000076952496d0] state=DEQUEUED 0xb4000076b52b3a50 frame=7511 [1280x 720:1280,7F000001]
10-02 22:55:17.738 17484 17654 E BufferQueueProducer: BQDUMP  [01:0xb400007695248ef0] state=DEQUEUED 0xb4000076b52b4d90 frame=7516 [1280x 720:1280,7F000001]
10-02 22:55:17.738 17484 17654 E BufferQueueProducer: BQDUMP  [02:0xb400007695244a50] state=DEQUEUED 0xb4000076b52c6210 frame=7515 [1280x 720:1280,7F000001]
10-02 22:55:17.738 17484 17654 E BufferQueueProducer: BQDUMP  [03:0xb4000076952468b0] state=DEQUEUED 0xb4000076b52b5d50 frame=7510 [1280x 720:1280,7F000001]
10-02 22:55:17.751 17484 17654 E BufferQueueProducer: BQDUMP- BufferQueue mMaxAcquiredBufferCount=2 mMaxDequeuedBufferCount=19
10-02 22:55:17.751 17484 17654 E BufferQueueProducer: BQDUMP  mDequeueBufferCannotBlock=0 mAsyncMode=0
10-02 22:55:17.751 17484 17654 E BufferQueueProducer: BQDUMP  mQueueBufferCanDrop=0 mLegacyBufferDrop=1
10-02 22:55:17.751 17484 17654 E BufferQueueProducer: BQDUMP  default-size=[720x1280] default-format=4 BQDUMP  transform-hint=00 frame-counter=7527
10-02 22:55:17.751 17484 17654 E BufferQueueProducer: BQDUMP  mTransformHintInUse=00 mAutoPrerotation=0
10-02 22:55:17.751 17484 17654 E BufferQueueProducer: BQDUMPFIFO(0):
10-02 22:55:17.751 17484 17654 E BufferQueueProducer: BQDUMP(mConsumerName=SurfaceView[com.vivo.gallery/com.android.gallery3d.vivo.NewPageActivity]#39(BLAST Consumer)39, mConnectedApi=3, mConsumerUsageBits=2304, mId=444c00000043, producer=[1152:???], consumer=[17484:com.vivo.gallery])
10-02 22:55:17.751 17484 17654 E BufferQueueProducer: BQDUMPSlots:
10-02 22:55:17.751 17484 17654 E BufferQueueProducer: BQDUMP  [00:0xb4000076952496d0] state=DEQUEUED 0xb4000076b52b3a50 frame=7511 [1280x 720:1280,7F000001]
10-02 22:55:17.751 17484 17654 E BufferQueueProducer: BQDUMP  [01:0xb400007695248ef0] state=DEQUEUED 0xb4000076b52b4d90 frame=7516 [1280x 720:1280,7F000001]
10-02 22:55:17.751 17484 17654 E BufferQueueProducer: BQDUMP  [02:0xb400007695244a50] state=DEQUEUED 0xb4000076b52c6210 frame=7515 [1280x 720:1280,7F000001]
10-02 22:55:17.751 17484 17654 E BufferQueueProducer: BQDUMP  [03:0xb4000076952468b0] state=DEQUEUED 0xb4000076b52b5d50 frame=7510 [1280x 720:1280,7F000001]
10-02 22:55:17.751 17484 17654 E BufferQueueProducer: BQDUMP  [04:0xb400007695241210] sta
10-02 22:55:17.751 17484 17654 E BufferQueueProducer: Slots:
10-02 22:55:17.751 17484 17654 E BufferQueueProducer: BQDUMP  [00:0xb4000076952496d0] state=DEQUEUED 0xb4000076b52b3a50 frame=7511 [1280x 720:1280,7F000001]
10-02 22:55:17.751 17484 17654 E BufferQueueProducer: BQDUMP  [01:0xb400007695248ef0] state=DEQUEUED 0xb4000076b52b4d90 frame=7516 [1280x 720:1280,7F000001]
10-02 22:55:17.751 17484 17654 E BufferQueueProducer: BQDUMP  [02:0xb400007695244a50] state=DEQUEUED 0xb4000076b52c6210 frame=7515 [1280x 720:1280,7F000001]
10-02 22:55:17.751 17484 17654 E BufferQueueProducer: BQDUMP  [03:0xb4000076952468b0] state=DEQUEUED 0xb4000076b52b5d50 frame=7510 [1280x 720:1280,7F000001]
10-02 22:55:17.751 17484 17654 E BufferQueueProducer: BQDUMP  [04:0xb400007695241210] state=DEQUEUED 0xb4000076b5242710 frame=7523 [1280x 720:1280,7F000001]
10-02 22:55:17.751 17484 17654 E BufferQueueProducer: BQDUMP  [05:0xb400007695242410] state=DEQUEUED 0xb4000076b52b83d0 frame=7521 [1280x 720:1280,7F000001]
10-02 22:55:17.751 17484 17654 E BufferQueueProducer: BQDUMP >[06:0xb4000076952432b0] state=ACQUIRED 0xb4000076b52aa3d0 frame=7526 [1280x 720:1280,7F000001]
10-02 22:55:17.751 17484 17654 E BufferQueueProducer: BQDUMP  [07:0xb4000076952460d0] state=DEQUEUED 0xb4000076b52c0a90 frame=7508 [1280x 720:1280,7F000001]
10-02 22:55:17.751 17484 17654 E BufferQueueProducer: BQDUMP  [08:0xb400007695240910] state=DEQUEUED 0xb4000076b52baf90 frame=7520 [1280x 720:1280,7F000001]
10-02 22:55:17.751 17484 17654 E BufferQueueProducer: BQDUMP  [09:0xb400007695246670] state=DEQUEUED 0xb4000076b5310d50 frame=7507 [1280x 720:1
10-02 22:55:17.775 17484 17654 E BufferQueueProducer: BQDUMP  [00:0xb4000076952496d0] state=DEQUEUED 0xb4000076b52b3a50 frame=7511 [1280x 720:1280,7F000001]
10-02 22:55:17.775 17484 17654 E BufferQueueProducer: BQDUMP  [01:0xb400007695248ef0] state=DEQUEUED 0xb4000076b52b4d90 frame=7516 [1280x 720:1280,7F000001]
10-02 22:55:17.775 17484 17654 E BufferQueueProducer: BQDUMP  [02:0xb400007695244a50] state=DEQUEUED 0xb4000076b52c6210 frame=7515 [1280x 720:1280,7F000001]
10-02 22:55:17.775 17484 17654 E BufferQueueProducer: BQDUMP  [03:0xb4000076952468b0] state=DEQUEUED 0xb4000076b52b5d50 frame=7510 [1280x 720:1280,7F000001]
10-02 22:55:18.010 17484 16458 E BufferQueueProducer: BQDUMP  [01:0xb400007695248ef0] state=DEQUEUED 0xb4000076b52b4d90 frame=7516 [1280x 720:1280,7F000001]
10-02 22:55:18.010 17484 16458 E BufferQueueProducer: BQDUMP  [02:0xb400007695244a50] state=DEQUEUED 0xb4000076b52c6210 frame=7515 [1280x 720:1280,7F000001]
10-02 22:55:18.010 17484 16458 E BufferQueueProducer: BQDUMP  [01:0xb400007695248ef0] state=DEQUEUED 0xb4000076b52b4d90 frame=7516 [1280x 720:1280,7F000001]
10-02 22:55:18.010 17484 16458 E BufferQueueProducer: BQDUMP  [02:0xb400007695244a50] state=DEQUEUED 0xb4000076b52c6210 frame=7515 [1280x 720:1280,7F000001]
10-02 22:55:18.023 17484 16458 E BufferQueueProducer: BQDUMP  [01:0xb400007695248ef0] state=DEQUEUED 0xb4000076b52b4d90 frame=7516 [1280x 720:1280,7F000001]
10-02 22:55:18.023 17484 16458 E BufferQueueProducer: BQDUMP  [02:0xb400007695244a50] state=DEQUEUED 0xb4000076b52c6210 frame=7515 [1280x 720:1280,7F000001]
10-02 22:55:18.024 17484 16458 E BufferQueueProducer: BQDUMP  [01:0xb400007695248ef0] state=DEQUEUED 0xb4000076b52b4d90 frame=7516 [1280x 720:1280,7F000001]
10-02 22:55:18.024 17484 16458 E BufferQueueProducer: BQDUMP  [02:0xb400007695244a50] state=DEQUEUED 0xb4000076b52c6210 frame=7515 [1280x 720:1280,7F000001]
10-02 22:55:18.036 17484 16458 E BufferQueueProducer: BQDUMP  [01:0xb400007695248ef0] state=DEQUEUED 0xb4000076b52b4d90 frame=7516 [1280x 720:1280,7F000001]
10-02 22:55:18.036 17484 16458 E BufferQueueProducer: BQDUMP  [02:0xb400007695244a50] state=DEQUEUED 0xb4000076b52c6210 frame=7515 [1280x 720:1280,7F000001]
10-02 22:55:18.036 17484 16458 E BufferQueueProducer: BQDUMP  [01:0xb400007695248ef0] state=DEQUEUED 0xb4000076b52b4d90 frame=7516 [1280x 720:1280,7F000001]
10-02 22:55:18.036 17484 16458 E BufferQueueProducer: BQDUMP  [02:0xb400007695244a50] state=DEQUEUED 0xb4000076b52c6210 frame=7515 [1280x 720:1280,7F000001]
10-02 22:55:18.049 17484 18296 E BufferQueueProducer: BQDUMP  [01:0xb400007695248ef0] state=DEQUEUED 0xb4000076b52b4d90 frame=7516 [1280x 720:1280,7F000001]
10-02 22:55:18.049 17484 18296 E BufferQueueProducer: BQDUMP  [01:0xb400007695248ef0] state=DEQUEUED 0xb4000076b52b4d90 frame=7516 [1280x 720:1280,7F000001]
10-02 22:55:26.281 17484 17654 E BufferQueueProducer: BQDUMP  default-size=[720x1280] default-format=4 BQDUMP  transform-hint=00 frame-counter=7751
10-02 22:55:26.281 17484 17654 E BufferQueueProducer: BQDUMP >[04:0xb400007695241210] state=ACQUIRED 0xb4000076b5242710 frame=7751 [1280x 720:1280,7F000001]
10-02 22:55:26.348 17484 17654 E BufferQueueProducer: BQDUMP >[04:0xb400007695241210] state=ACQUIRED 0xb4000076b5242710 frame=7751 [1280x 720:1280,7F000001]
10-02 22:55:26.446 17484 16458 E BufferQueueProducer: BQDUMP  [04:0xb400007695241210] state=DEQUEUED 0xb4000076b5242710 frame=7751 [1280x 720:1280,7F000001]
10-02 22:55:26.458 17484 16458 E BufferQueueProducer: BQDUMP  [04:0xb400007695241210] state=DEQUEUED 0xb4000076b5242710 frame=7751 [1280x 720:1280,7F000001]
10-02 22:55:26.589 17484 16458 E BufferQueueProducer: BQDUMP  [04:0xb400007695241210] state=DEQUEUED 0xb4000076b5242710 frame=7751 [1280x 720:1280,7F000001]
10-02 22:55:26.601 17484 16458 E BufferQueueProducer: BQDUMP  [04:0xb400007695241210] state=DEQUEUED 0xb4000076b5242710 frame=7751 [1280x 720:1280,7F000001]
10-02 22:55:26.621 17484 16458 E BufferQueueProducer: BQDUMP  [04:0xb400007695241210] state=DEQUEUED 0xb4000076b5242710 frame=7751 [1280x 720:1280,7F000001]
10-02 22:55:26.633 17484 17654 E BufferQueueProducer: BQDUMP  [04:0xb400007695241210] state=DEQUEUED 0xb4000076b5242710 frame=7751 [1280x 720:1280,7F000001]
10-02 22:55:26.645 17484 17654 E BufferQueueProducer: BQDUMP  [04:0xb400007695241210] state=DEQUEUED 0xb4000076b5242710 frame=7751 [1280x 720:1280,7F000001]
10-02 22:55:26.684 17484 17504 E BufferQueueProducer: BQDUMP  [04:0xb400007695241210] state=DEQUEUED 0xb4000076b5242710 frame=7751 [1280x 720:1280,7F000001]
10-02 22:55:37.751 17484 16458 E BufferQueueProducer: [SurfaceView[com.vivo.gallery/com.android.gallery3d.vivo.NewPageActivity]#39(BLAST Consumer)39](id:444c00000043,api:3,p:1152,c:17484) waitForFreeSlotThenRelock TIMED_OUT 0
10-02 22:56:02.731 17484 17654 E BufferQueueProducer: BQDUMP >[02:0xb400007695244a50] state=ACQUIRED 0xb4000076b52c6210 frame=8751 [1280x 720:1280,7F000001]
10-02 22:56:03.130 17484 17654 E BufferQueueProducer: BQDUMP  [02:0xb400007695244a50] state=DEQUEUED 0xb4000076b52c6210 frame=8751 [1280x 720:1280,7F000001]
10-02 22:56:03.130 17484 17654 E BufferQueueProducer: BQDUMP  [02:0xb400007695244a50] state=DEQUEUED 0xb4000076b52c6210 frame=8751 [1280x 720:1280,7F000001]
10-02 22:56:03.192 17484 17654 E BufferQueueProducer: BQDUMP  [02:0xb400007695244a50] state=DEQUEUED 0xb4000076b52c6210 frame=8751 [1280x 720:1280,7F000001]
10-02 22:56:03.192 17484 17654 E BufferQueueProducer: BQDUMP  [02:0xb400007695244a50] state=DEQUEUED 0xb4000076b52c6210 frame=8751 [1280x 720:1280,7F000001]
10-02 22:56:03.219 17484 17654 E BufferQueueProducer: BQDUMP  [02:0xb400007695244a50] state=DEQUEUED 0xb4000076b52c6210 frame=8751 [1280x 720:1280,7F000001]
10-02 22:56:03.219 17484 17654 E BufferQueueProducer: BQDUMP  [02:0xb400007695244a50] state=DEQUEUED 0xb4000076b52c6210 frame=8751 [1280x 720:1280,7F000001]
10-02 22:56:03.232 17484 17654 E BufferQueueProducer: BQDUMP  [02:0xb400007695244a50] state=DEQUEUED 0xb4000076b52c6210 frame=8751 [1280x 720:1280,7F000001]
10-02 22:56:03.232 17484 17654 E BufferQueueProducer: BQDUMP  [02:0xb400007695244a50] state=DEQUEUED 0xb4000076b52c6210 frame=8751 [1280x 720:1280,7F000001]
10-02 22:56:03.247 17484 16458 E BufferQueueProducer: BQDUMP  [02:0xb400007695244a50] state=DEQUEUED 0xb4000076b52c6210 frame=8751 [1280x 720:1280,7F000001]
10-02 22:56:03.248 17484 16458 E BufferQueueProducer: BQDUMP  [02:0xb400007695244a50] state=DEQUEUED 0xb4000076b52c6210 frame=8751 [1280x 720:1280,7F000001]
10-02 22:56:03.368 17484 17501 E BufferQueueProducer: BQDUMP  [02:0xb400007695244a50] state=DEQUEUED 0xb4000076b52c6210 frame=8751 [1280x 720:1280,7F000001]
10-02 22:56:03.368 17484 17501 E BufferQueueProducer: BQDUMP  [02:0xb400007695244a50] state=DEQUEUED 0xb4000076b52c6210 frame=8751 [1280x 720:1280,7F000001]
10-02 22:56:03.393 17484 16458 E BufferQueueProducer: BQDUMP  [02:0xb400007695244a50] state=DEQUEUED 0xb4000076b52c6210 frame=8751 [1280x 720:1280,7F000001]
10-02 22:56:03.393 17484 16458 E BufferQueueProducer: BQDUMP  [02:0xb400007695244a50] state=DEQUEUED 0xb4000076b52c6210 frame=8751 [1280x 720:1280,7F000001]
10-02 22:57:12.832   751 26454 E AudioALSAPlaybackHandlerNormal: open_audiodsp_preset() Preset file can't be opened
10-02 22:57:12.832   751 26454 E AudioALSAPlaybackHandlerNormal: open_audiodsp() Could not load the preset file, it might be sktv3 algo, return here.
10-02 22:57:12.832   751 26454 E AudioALSAPlaybackHandlerNormal: open() Could not open audioDSP lib
10-02 22:57:35.295   751 26454 E AudioALSAPlaybackHandlerNormal: open_audiodsp_preset() Preset file can't be opened
10-02 22:57:35.295   751 26454 E AudioALSAPlaybackHandlerNormal: open_audiodsp() Could not load the preset file, it might be sktv3 algo, return here.
10-02 22:57:35.295   751 26454 E AudioALSAPlaybackHandlerNormal: open() Could not open audioDSP lib
10-02 22:58:09.950 17484 17566 E BufferQueueProducer: BQDUMP  [01:0xb400007695247510] state=DEQUEUED 0xb4000076b5278e90 frame=0 [ 640x 288: 640,1000]
10-02 22:58:09.950 17484 17566 E BufferQueueProducer: BQDUMP  [01:0xb400007695247510] state=DEQUEUED 0xb4000076b5278e90 frame=0 [ 640x 288: 640,1000]
10-02 22:58:12.881   751 26454 E AudioALSAPlaybackHandlerNormal: open_audiodsp_preset() Preset file can't be opened
10-02 22:58:12.882   751 26454 E AudioALSAPlaybackHandlerNormal: open_audiodsp() Could not load the preset file, it might be sktv3 algo, return here.
10-02 22:58:12.882   751 26454 E AudioALSAPlaybackHandlerNormal: open() Could not open audioDSP lib
10-02 22:58:46.106 17484 17516 E _V_AudioFeatures: Application cannot support or Zenmode close
10-02 22:58:46.335   751 26454 E AudioALSAPlaybackHandlerNormal: open_audiodsp_preset() Preset file can't be opened
10-02 22:58:46.335   751 26454 E AudioALSAPlaybackHandlerNormal: open_audiodsp() Could not load the preset file, it might be sktv3 algo, return here.
10-02 22:58:46.335   751 26454 E AudioALSAPlaybackHandlerNormal: open() Could not open audioDSP lib
10-02 22:59:11.357 17484 17655 E BufferQueueProducer: BQDUMP  default-size=[1920x864] default-format=4 BQDUMP  transform-hint=00 frame-counter=751
10-02 22:59:35.856   751 26454 E AudioALSAPlaybackHandlerNormal: open_audiodsp_preset() Preset file can't be opened
10-02 22:59:35.856   751 26454 E AudioALSAPlaybackHandlerNormal: open_audiodsp() Could not load the preset file, it might be sktv3 algo, return here.
10-02 22:59:35.856   751 26454 E AudioALSAPlaybackHandlerNormal: open() Could not open audioDSP lib
10-02 23:00:24.823   751 26454 E AudioALSAPlaybackHandlerNormal: open_audiodsp_preset() Preset file can't be opened
10-02 23:00:24.823   751 26454 E AudioALSAPlaybackHandlerNormal: open_audiodsp() Could not load the preset file, it might be sktv3 algo, return here.
10-02 23:00:24.823   751 26454 E AudioALSAPlaybackHandlerNormal: open() Could not open audioDSP lib
10-02 23:00:34.210   751  6769 W AudioALSACaptureDataProviderNormal: readThread, latency_in_s,0.000001,0.039759,0.000050, totalTime 0.039810 > logTimeout 0.022000 TIMEOUT!!
10-02 23:00:34.250   751  6769 W AudioALSACaptureDataProviderNormal: readThread, latency_in_s,0.000001,0.039499,0.000044, totalTime 0.039544 > logTimeout 0.022000 TIMEOUT!!
10-02 23:00:34.290   751  6769 W AudioALSACaptureDataProviderNormal: readThread, latency_in_s,0.000001,0.039680,0.000053, totalTime 0.039734 > logTimeout 0.022000 TIMEOUT!!
10-02 23:00:34.330   751  6769 W AudioALSACaptureDataProviderNormal: readThread, latency_in_s,0.000001,0.039568,0.000036, totalTime 0.039605 > logTimeout 0.022000 TIMEOUT!!
10-02 23:00:34.370   751  6769 W AudioALSACaptureDataProviderNormal: readThread, latency_in_s,0.000001,0.039777,0.000035, totalTime 0.039813 > logTimeout 0.022000 TIMEOUT!!
10-02 23:00:34.410   751  6769 W AudioALSACaptureDataProviderNormal: readThread, latency_in_s,0.000001,0.039617,0.000056, totalTime 0.039673 > logTimeout 0.022000 TIMEOUT!!
10-02 23:02:06.476   751 26454 E AudioALSAPlaybackHandlerNormal: open_audiodsp_preset() Preset file can't be opened
10-02 23:02:06.476   751 26454 E AudioALSAPlaybackHandlerNormal: open_audiodsp() Could not load the preset file, it might be sktv3 algo, return here.
10-02 23:02:06.476   751 26454 E AudioALSAPlaybackHandlerNormal: open() Could not open audioDSP lib
10-02 23:02:20.195 17484 17501 E BufferQueueProducer: BQDUMP  default-size=[720x1600] default-format=4 BQDUMP  transform-hint=00 frame-counter=751
10-02 23:02:20.207 17484 17501 E BufferQueueProducer: BQDUMP  default-size=[720x1600] default-format=4 BQDUMP  transform-hint=00 frame-counter=751
10-02 23:02:33.061 17484 17654 E BufferQueueProducer: BQDUMP  12:0xb40000769524a570 crop=[0,0,720,1600] xform=0x00 time=31751.1843 scale=SCALE_TO_WINDOW
10-02 23:02:33.194 17484 17924 E BufferQueueProducer: BQDUMP  10:0xb400007695246f70 crop=[0,0,720,1600] xform=0x00 time=31751.3010 scale=SCALE_TO_WINDOW
10-02 23:02:38.050 17484 17501 E BufferQueueProducer: BQDUMP  default-size=[720x1600] default-format=4 BQDUMP  transform-hint=00 frame-counter=1751
10-02 23:02:38.050 17484 17501 E BufferQueueProducer: BQDUMP >[07:0xb400007695245350] state=ACQUIRED 0xb4000076b52d3410 frame=1751 [ 720x1600: 720,7F000001]
10-02 23:02:38.064 17484 17501 E BufferQueueProducer: BQDUMP >[07:0xb400007695245350] state=ACQUIRED 0xb4000076b52d3410 frame=1751 [ 720x1600: 720,7F000001]
10-02 23:02:38.076 17484 17501 E BufferQueueProducer: BQDUMP >[07:0xb400007695245350] state=ACQUIRED 0xb4000076b52d3410 frame=1751 [ 720x1600: 720,7F000001]
10-02 23:02:38.089 17484 18296 E BufferQueueProducer: BQDUMP >[07:0xb400007695245350] state=ACQUIRED 0xb4000076b52d3410 frame=1751 [ 720x1600: 720,7F000001]
10-02 23:02:38.103 17484 18296 E BufferQueueProducer: BQDUMP  [07:0xb400007695245350] state=DEQUEUED 0xb4000076b52d3410 frame=1751 [ 720x1600: 720,7F000001]
10-02 23:02:38.117 17484 18296 E BufferQueueProducer: BQDUMP  [07:0xb400007695245350] state=DEQUEUED 0xb4000076b52d3410 frame=1751 [ 720x1600: 720,7F000001]
10-02 23:02:38.130 17484 17501 E BufferQueueProducer: BQDUMP  [07:0xb400007695245350] state=DEQUEUED 0xb4000076b52d3410 frame=1751 [ 720x1600: 720,7F000001]
10-02 23:02:38.142 17484 18296 E BufferQueueProducer: BQDUMP  [07:0xb400007695245350] state=DEQUEUED 0xb4000076b52d3410 frame=1751 [ 720x1600: 720,7F000001]
10-02 23:02:38.156 17484 17501 E BufferQueueProducer: BQDUMP  [07:0xb400007695245350] state=DEQUEUED 0xb4000076b52d3410 frame=1751 [ 720x1600: 720,7F000001]
10-02 23:02:38.169 17484 18296 E BufferQueueProducer: BQDUMP  [07:0xb400007695245350] state=DEQUEUED 0xb4000076b52d3410 frame=1751 [ 720x1600: 720,7F000001]
10-02 23:02:38.206 17484 18296 E BufferQueueProducer: BQDUMP  [07:0xb400007695245350] state=DEQUEUED 0xb4000076b52d3410 frame=1751 [ 720x1600: 720,7F000001]
10-02 23:02:38.218 17484 18296 E BufferQueueProducer: BQDUMP  [07:0xb400007695245350] state=DEQUEUED 0xb4000076b52d3410 frame=1751 [ 720x1600: 720,7F000001]
10-02 23:02:38.231 17484 18296 E BufferQueueProducer: BQDUMP  [07:0xb400007695245350] state=DEQUEUED 0xb4000076b52d3410 frame=1751 [ 720x1600: 720,7F000001]
10-02 23:02:56.145 17484 16458 E BufferQueueProducer: BQDUMP  default-size=[720x1600] default-format=4 BQDUMP  transform-hint=00 frame-counter=2751
10-02 23:02:56.145 17484 16458 E BufferQueueProducer: BQDUMP >[06:0xb40000769522d950] state=ACQUIRED 0xb4000076b528b490 frame=2751 [ 720x1600: 720,7F000001]
10-02 23:02:56.158 17484 17655 E BufferQueueProducer: BQDUMP >[06:0xb40000769522d950] state=ACQUIRED 0xb4000076b528b490 frame=2751 [ 720x1600: 720,7F000001]
10-02 23:02:56.172 17484 17655 E BufferQueueProducer: BQDUMP >[06:0xb40000769522d950] state=ACQUIRED 0xb4000076b528b490 frame=2751 [ 720x1600: 720,7F000001]
10-02 23:02:56.208 17484 17655 E BufferQueueProducer: BQDUMP  [06:0xb40000769522d950] state=DEQUEUED 0xb4000076b528b490 frame=2751 [ 720x1600: 720,7F000001]
10-02 23:02:56.220 17484 17655 E BufferQueueProducer: BQDUMP  [06:0xb40000769522d950] state=DEQUEUED 0xb4000076b528b490 frame=2751 [ 720x1600: 720,7F000001]
10-02 23:02:56.234 17484 17655 E BufferQueueProducer: BQDUMP  [06:0xb40000769522d950] state=DEQUEUED 0xb4000076b528b490 frame=2751 [ 720x1600: 720,7F000001]
10-02 23:03:09.469   751 26454 E AudioALSAPlaybackHandlerNormal: open_audiodsp_preset() Preset file can't be opened
10-02 23:03:09.469   751 26454 E AudioALSAPlaybackHandlerNormal: open_audiodsp() Could not load the preset file, it might be sktv3 algo, return here.
10-02 23:03:09.469   751 26454 E AudioALSAPlaybackHandlerNormal: open() Could not open audioDSP lib
10-02 23:03:43.072 17484 17924 E BufferQueueProducer: BQDUMP  [01:0xb40000769524be30] state=DEQUEUED 0xb4000076b5284650 frame=1751 [ 720x1600: 720,7F000001]
10-02 23:03:43.072 17484 17924 E BufferQueueProducer: BQDUMP  [01:0xb40000769524be30] state=DEQUEUED 0xb4000076b5284650 frame=1751 [ 720x1600: 720,7F000001]
10-02 23:03:43.179 17484 17924 E BufferQueueProducer: BQDUMP  [01:0xb40000769524be30] state=DEQUEUED 0xb4000076b5284650 frame=1751 [ 720x1600: 720,7F000001]
10-02 23:03:43.179 17484 17924 E BufferQueueProducer: BQDUMP  [01:0xb40000769524be30] state=DEQUEUED 0xb4000076b5284650 frame=1751 [ 720x1600: 720,7F000001]
10-02 23:03:43.216 17484 17924 E BufferQueueProducer: BQDUMP  [01:0xb40000769524be30] state=DEQUEUED 0xb4000076b5284650 frame=1751 [ 720x1600: 720,7F000001]
10-02 23:03:43.216 17484 17924 E BufferQueueProducer: BQDUMP  [01:0xb40000769524be30] state=DEQUEUED 0xb4000076b5284650 frame=1751 [ 720x1600: 720,7F000001]
10-02 23:03:43.312 17484 17501 E BufferQueueProducer: BQDUMP  [01:0xb40000769524be30] state=DEQUEUED 0xb4000076b5284650 frame=1751 [ 720x1600: 720,7F000001]
10-02 23:03:43.312 17484 17501 E BufferQueueProducer: BQDUMP  [01:0xb40000769524be30] state=DEQUEUED 0xb4000076b5284650 frame=1751 [ 720x1600: 720,7F000001]
10-02 23:03:43.349 17484 17501 E BufferQueueProducer: BQDUMP  [01:0xb40000769524be30] state=DEQUEUED 0xb4000076b5284650 frame=1751 [ 720x1600: 720,7F000001]
10-02 23:03:43.349 17484 17501 E BufferQueueProducer: BQDUMP  [01:0xb40000769524be30] state=DEQUEUED 0xb4000076b5284650 frame=1751 [ 720x1600: 720,7F000001]
10-02 23:03:43.363 17484 17501 E BufferQueueProducer: BQDUMP  [01:0xb40000769524be30] state=DEQUEUED 0xb4000076b5284650 frame=1751 [ 720x1600: 720,7F000001]
10-02 23:03:43.363 17484 17501 E BufferQueueProducer: BQDUMP  [01:0xb40000769524be30] state=DEQUEUED 0xb4000076b5284650 frame=1751 [ 720x1600: 720,7F000001]
10-02 23:03:43.376 17484 17501 E BufferQueueProducer: BQDUMP  [01:0xb40000769524be30] state=DEQUEUED 0xb4000076b5284650 frame=1751 [ 720x1600: 720,7F000001]
10-02 23:03:43.376 17484 17501 E BufferQueueProducer: BQDUMP  [01:0xb40000769524be30] state=DEQUEUED 0xb4000076b5284650 frame=1751 [ 720x1600: 720,7F000001]
10-02 23:03:43.435 17484 17501 E BufferQueueProducer: BQDUMP  [01:0xb40000769524be30] state=DEQUEUED 0xb4000076b5284650 frame=1751 [ 720x1600: 720,7F000001]
10-02 23:03:43.435 17484 17501 E BufferQueueProducer: BQDUMP  [01:0xb40000769524be30] state=DEQUEUED 0xb4000076b5284650 frame=1751 [ 720x1600: 720,7F000001]
10-02 23:03:43.450 17484 17924 E BufferQueueProducer: BQDUMP  [01:0xb40000769524be30] state=DEQUEUED 0xb4000076b5284650 frame=1751 [ 720x1600: 720,7F000001]
10-02 23:03:43.450 17484 17924 E BufferQueueProducer: BQDUMP  [01:0xb40000769524be30] state=DEQUEUED 0xb4000076b5284650 frame=1751 [ 720x1600: 720,7F000001]
10-02 23:03:43.463 17484 17924 E BufferQueueProducer: BQDUMP  [01:0xb40000769524be30] state=DEQUEUED 0xb4000076b5284650 frame=1751 [ 720x1600: 720,7F000001]
10-02 23:03:43.464 17484 17924 E BufferQueueProducer: BQDUMP  [01:0xb40000769524be30] state=DEQUEUED 0xb4000076b5284650 frame=1751 [ 720x1600: 720,7F000001]
10-02 23:03:43.477 17484 17501 E BufferQueueProducer: BQDUMP  [01:0xb40000769524be30] state=DEQUEUED 0xb4000076b5284650 frame=1751 [ 720x1600: 720,7F000001]
10-02 23:03:43.478 17484 17501 E BufferQueueProducer: BQDUMP  [01:0xb40000769524be30] state=DEQUEUED 0xb4000076b5284650 frame=1751 [ 720x1600: 720,7F000001]
10-02 23:04:30.540   751 26454 E AudioALSAPlaybackHandlerNormal: open_audiodsp_preset() Preset file can't be opened
10-02 23:04:30.540   751 26454 E AudioALSAPlaybackHandlerNormal: open_audiodsp() Could not load the preset file, it might be sktv3 algo, return here.
10-02 23:04:30.540   751 26454 E AudioALSAPlaybackHandlerNormal: open() Could not open audioDSP lib
10-02 23:04:50.916   751 26454 E AudioALSAPlaybackHandlerNormal: open_audiodsp_preset() Preset file can't be opened
10-02 23:04:50.916   751 26454 E AudioALSAPlaybackHandlerNormal: open_audiodsp() Could not load the preset file, it might be sktv3 algo, return here.
10-02 23:04:50.916   751 26454 E AudioALSAPlaybackHandlerNormal: open() Could not open audioDSP lib
10-02 23:05:38.751 17484 18296 E BufferQueueProducer: [SurfaceView[com.vivo.gallery/com.android.gallery3d.vivo.NewPageActivity]#50(BLAST Consumer)50](id:444c00000068,api:3,p:1152,c:17484) cancelBuffer: BufferQueue has been abandoned
10-02 23:05:38.751 17484 18296 E BufferQueueProducer: [SurfaceView[com.vivo.gallery/com.android.gallery3d.vivo.NewPageActivity]#50(BLAST Consumer)50](id:444c00000068,api:3,p:1152,c:17484) cancelBuffer: BufferQueue has been abandoned
10-02 23:05:56.819   751 26454 E AudioALSAPlaybackHandlerNormal: open_audiodsp_preset() Preset file can't be opened
10-02 23:05:56.819   751 26454 E AudioALSAPlaybackHandlerNormal: open_audiodsp() Could not load the preset file, it might be sktv3 algo, return here.
10-02 23:05:56.819   751 26454 E AudioALSAPlaybackHandlerNormal: open() Could not open audioDSP lib
10-02 23:06:17.375   778   858 I libPowerHal: [perfLockAcq] idx:1 hdl:16751 hint:1157 pid:824 duration:80 lock_user:vperf@1.0-servi => ret_hdl:16751
