10-02 19:37:35.239  8170  8630 E BufferQueueProducer: BQDUMP  [01:0xb4000076952858b0] state=DEQUEUED 0xb4000076b53bbad0 frame=7510 [ 426x 240: 432,7F000001]
10-02 19:37:35.240  8170  8630 E BufferQueueProducer: BQDUMP  [01:0xb4000076952858b0] state=DEQUEUED 0xb4000076b53bbad0 frame=7510 [ 426x 240: 432,7F000001]
10-02 19:37:35.240  8170  8630 E BufferQueueProducer: BQDUMP  [07:0xb40000769525a3b0] state=DEQUEUED 0xb4000076b5414d10 frame=7511 [ 426x 240: 432,7F000001]
10-02 19:37:35.407  8170  8630 E BufferQueueProducer: BQDUMP  [01:0xb4000076952858b0] state=DEQUEUED 0xb4000076b53bbad0 frame=7510 [ 426x 240: 432,7F000001]
10-02 19:37:35.407  8170  8630 E BufferQueueProducer: BQDUMP  [01:0xb4000076952858b0] state=DEQUEUED 0xb4000076b53bbad0 frame=7510 [ 426x 240: 432,7F000001]
10-02 19:37:35.407  8170  8630 E BufferQueueProducer: BQDUMP  [07:0xb40000769525a3b0] state=DEQUEUED 0xb4000076b5414d10 frame=7511 [ 426x 240: 432,7F000001]
10-02 19:37:35.541  8170  8630 E BufferQueueProducer: BQDUMP  [01:0xb4000076952858b0] state=DEQUEUED 0xb4000076b53bbad0 frame=7510 [ 426x 240: 432,7F000001]
10-02 19:37:35.541  8170  8630 E BufferQueueProducer: BQDUMP  [01:0xb4000076952858b0] state=DEQUEUED 0xb4000076b53bbad0 frame=7510 [ 426x 240: 432,7F000001]
10-02 19:37:35.541  8170  8630 E BufferQueueProducer: BQDUMP  [07:0xb40000769525a3b0] state=DEQUEUED 0xb4000076b5414d10 frame=7511 [ 426x 240: 432,7F000001]
10-02 19:37:43.113  8170  8630 E BufferQueueProducer: BQDUMP >[09:0xb4000076952dbbf0] state=ACQUIRED 0xb4000076b543d110 frame=7751 [ 426x 240: 
10-02 19:37:43.377  8170  8630 E BufferQueueProducer: BQDUMP  [09:0xb4000076952dbbf0] state=DEQUEUED 0xb4000076b543d110 frame=7751 [ 426x 240: 
10-02 19:37:43.411  8170  8630 E BufferQueueProducer: BQDUMP  [09:0xb4000076952dbbf0] state=DEQUEUED 0xb4000076b543d110 frame=7751 [ 426x 240: 
10-02 19:37:43.479  8170  8630 E BufferQueueProducer: BQDUMP  [09:0xb4000076952dbbf0] state=DEQUEUED 0xb4000076b543d110 frame=7751 [ 426x 240: 
10-02 19:37:43.514  8170  8630 E BufferQueueProducer: BQDUMP  [09:0xb4000076952dbbf0] state=DEQUEUED 0xb4000076b543d110 frame=7751 [ 426x 240: 
10-02 19:37:43.712  8170  8630 E BufferQueueProducer: BQDUMP  [09:0xb4000076952dbbf0] state=DEQUEUED 0xb4000076b543d110 frame=7751 [ 426x 240: 
10-02 19:37:43.846  8170  8630 E BufferQueueProducer: BQDUMP  [09:0xb4000076952dbbf0] state=DEQUEUED 0xb4000076b543d110 frame=7751 [ 426x 240: 
10-02 19:37:43.948  8170  8630 E BufferQueueProducer: BQDUMP  [09:0xb4000076952dbbf0] state=DEQUEUED 0xb4000076b543d110 frame=7751 [ 426x 240: 
10-02 19:38:16.438  8170  8630 E BufferQueueProducer: BQDUMP >[08:0xb4000076952f8030] state=ACQUIRED 0xb4000076b541a810 frame=8751 [ 426x 240: 432,7F000001]
10-02 19:38:16.571  8170  8630 E BufferQueueProducer: BQDUMP  [08:0xb4000076952f8030] state=DEQUEUED 0xb4000076b541a810 frame=8751 [ 426x 240: 432,7F000001]
10-02 19:38:16.671  8170  8630 E BufferQueueProducer: BQDUMP  [08:0xb4000076952f8030] state=DEQUEUED 0xb4000076b541a810 frame=8751 [ 426x 240: 432,7F000001]
10-02 19:38:17.141  8170  8630 E BufferQueueProducer: BQDUMP  [08:0xb4000076952f8030] state=DEQUEUED 0xb4000076b541a810 frame=8751 [ 426x 240: 432,7F000001]
10-02 19:38:17.274  8170  8630 E BufferQueueProducer: BQDUMP  [08:0xb4000076952f8030] state=DEQUEUED 0xb4000076b541a810 frame=8751 [ 426x 240: 432,7F000001]
10-02 19:38:17.308  8170  8630 E BufferQueueProducer: BQDUMP  [08:0xb4000076952f8030] state=DEQUEUED 0xb4000076b541a810 frame=8751 [ 426x 240: 432,7F000001]
10-02 19:38:17.410  8170  8630 E BufferQueueProducer: BQDUMP  [08:0xb4000076952f8030] state=DEQUEUED 0xb4000076b541a810 frame=8751 [ 426x 240: 432,7F000001]
10-02 19:38:47.751  8170  8630 E BufferQueueProducer: [SurfaceView[com.google.android.youtube/com.google.android.apps.youtube.app.watchwhile.WatchWhileActivity]#57(BLAST Consumer)57](id:1fea00000068,api:3,p:8170,c:8170) waitForFreeSlotThenRelock TIMED_OUT 0
10-02 19:38:50.386  8170  8630 E BufferQueueProducer: BQDUMP  [01:0xb4000076952858b0] state=DEQUEUED 0xb4000076b53bbad0 frame=9751 [ 426x 240: 432,7F000001]
10-02 19:38:50.386  8170  8630 E BufferQueueProducer: BQDUMP  [01:0xb4000076952858b0] state=DEQUEUED 0xb4000076b53bbad0 frame=9751 [ 426x 240: 432,7F000001]
10-02 19:38:50.521  8170  8630 E BufferQueueProducer: BQDUMP  [01:0xb4000076952858b0] state=DEQUEUED 0xb4000076b53bbad0 frame=9751 [ 426x 240: 432,7F000001]
10-02 19:38:50.521  8170  8630 E BufferQueueProducer: BQDUMP  [01:0xb4000076952858b0] state=DEQUEUED 0xb4000076b53bbad0 frame=9751 [ 426x 240: 432,7F000001]
10-02 19:38:50.654  8170  8630 E BufferQueueProducer: BQDUMP  [01:0xb4000076952858b0] state=DEQUEUED 0xb4000076b53bbad0 frame=9751 [ 426x 240: 432,7F000001]
10-02 19:38:50.654  8170  8630 E BufferQueueProducer: BQDUMP  [01:0xb4000076952858b0] state=DEQUEUED 0xb4000076b53bbad0 frame=9751 [ 426x 240: 432,7F000001]
10-02 19:38:50.755  8170  8630 E BufferQueueProducer: BQDUMP  [01:0xb4000076952858b0] state=DEQUEUED 0xb4000076b53bbad0 frame=9751 [ 426x 240: 432,7F000001]
10-02 19:38:50.755  8170  8630 E BufferQueueProducer: BQDUMP  [01:0xb4000076952858b0] state=DEQUEUED 0xb4000076b53bbad0 frame=9751 [ 426x 240: 432,7F000001]
10-02 19:39:28.833   751 26454 E AudioALSAPlaybackHandlerNormal: open_audiodsp_preset() Preset file can't be opened
10-02 19:39:28.833   751 26454 E AudioALSAPlaybackHandlerNormal: open_audiodsp() Could not load the preset file, it might be sktv3 algo, return here.
10-02 19:39:28.833   751 26454 E AudioALSAPlaybackHandlerNormal: open() Could not open audioDSP lib
10-02 19:39:37.654   751 26454 E AudioALSAPlaybackHandlerNormal: open_audiodsp_preset() Preset file can't be opened
10-02 19:39:37.654   751 26454 E AudioALSAPlaybackHandlerNormal: open_audiodsp() Could not load the preset file, it might be sktv3 algo, return here.
10-02 19:39:37.654   751 26454 E AudioALSAPlaybackHandlerNormal: open() Could not open audioDSP lib
10-02 19:39:40.993  8726  8751 E PhoneInterfaceManager: [PhoneIntfMgr] getCarrierPrivilegeStatusForUid: No UICC
10-02 19:39:45.693  8726  8751 E PhoneInterfaceManager: [PhoneIntfMgr] getCarrierPrivilegeStatusForUid: No UICC
10-02 19:40:03.518  8170  8630 E BufferQueueProducer: BQDUMP  [02:0xb4000076952eedf0] state=DEQUEUED 0xb4000076b5441390 frame=751 [ 426x 240: 432,7F000001]
10-02 19:40:03.518  8170  8630 E BufferQueueProducer: BQDUMP  [02:0xb4000076952eedf0] state=DEQUEUED 0xb4000076b5441390 frame=751 [ 426x 240: 432,7F000001]
10-02 19:40:03.784  8170  8630 E BufferQueueProducer: BQDUMP  [02:0xb4000076952eedf0] state=DEQUEUED 0xb4000076b5441390 frame=751 [ 426x 240: 432,7F000001]
10-02 19:40:03.784  8170  8630 E BufferQueueProducer: BQDUMP  [02:0xb4000076952eedf0] state=DEQUEUED 0xb4000076b5441390 frame=751 [ 426x 240: 432,7F000001]
10-02 19:40:04.251  8170  8630 E BufferQueueProducer: BQDUMP  [02:0xb4000076952eedf0] state=DEQUEUED 0xb4000076b5441390 frame=751 [ 426x 240: 432,7F000001]
10-02 19:40:04.251  8170  8630 E BufferQueueProducer: BQDUMP  [02:0xb4000076952eedf0] state=DEQUEUED 0xb4000076b5441390 frame=751 [ 426x 240: 432,7F000001]
10-02 19:40:23.751  8170  8630 E BufferQueueProducer: [SurfaceView[com.google.android.youtube/com.google.android.apps.youtube.app.watchwhile.WatchWhileActivity]#58(BLAST Consumer)58](id:1fea0000006a,api:3,p:8170,c:8170) waitForFreeSlotThenRelock TIMED_OUT 0
10-02 19:40:36.747  8170  8630 E BufferQueueProducer: BQDUMP  [03:0xb4000076952b8970] state=DEQUEUED 0xb4000076b5414d10 frame=1751 [ 426x 240: 432,7F000001]
10-02 19:40:37.049  8170  8630 E BufferQueueProducer: BQDUMP  [03:0xb4000076952b8970] state=DEQUEUED 0xb4000076b5414d10 frame=1751 [ 426x 240: 432,7F000001]
10-02 19:40:37.182  8170  8630 E BufferQueueProducer: BQDUMP  [03:0xb4000076952b8970] state=DEQUEUED 0xb4000076b5414d10 frame=1751 [ 426x 240: 432,7F000001]
10-02 19:40:37.317  8170  8630 E BufferQueueProducer: BQDUMP  [03:0xb4000076952b8970] state=DEQUEUED 0xb4000076b5414d10 frame=1751 [ 426x 240: 432,7F000001]
10-02 19:40:37.445  8170  8630 E BufferQueueProducer: BQDUMP  [03:0xb4000076952b8970] state=DEQUEUED 0xb4000076b5414d10 frame=1751 [ 426x 240: 432,7F000001]
10-02 19:40:41.837   751   751 E AudioALSAStreamManager: routingInputDevice(), ptr is NULL!!
10-02 19:40:42.404   751 26454 E AudioALSAPlaybackHandlerNormal: open_audiodsp_preset() Preset file can't be opened
10-02 19:40:42.404   751 26454 E AudioALSAPlaybackHandlerNormal: open_audiodsp() Could not load the preset file, it might be sktv3 algo, return here.
10-02 19:40:42.404   751 26454 E AudioALSAPlaybackHandlerNormal: open() Could not open audioDSP lib
10-02 19:42:17.998  8170  8630 E BufferQueueProducer: BQDUMP  default-size=[426x240] default-format=4 BQDUMP  transform-hint=00 frame-counter=4751
10-02 19:42:17.998  8170  8630 E BufferQueueProducer: BQDUMP >[03:0xb4000076952b8970] state=ACQUIRED 0xb4000076b5414d10 frame=4751 [ 426x 240: 432,7F000001]
10-02 19:42:18.534  8170  8630 E BufferQueueProducer: BQDUMP  [03:0xb4000076952b8970] state=DEQUEUED 0xb4000076b5414d10 frame=4751 [ 426x 240: 432,7F000001]
10-02 19:42:18.901  8170  8630 E BufferQueueProducer: BQDUMP  [03:0xb4000076952b8970] state=DEQUEUED 0xb4000076b5414d10 frame=4751 [ 426x 240: 432,7F000001]
10-02 19:42:18.935  8170  8630 E BufferQueueProducer: BQDUMP  [03:0xb4000076952b8970] state=DEQUEUED 0xb4000076b5414d10 frame=4751 [ 426x 240: 432,7F000001]
10-02 19:42:18.970  8170  8630 E BufferQueueProducer: BQDUMP  [03:0xb4000076952b8970] state=DEQUEUED 0xb4000076b5414d10 frame=4751 [ 426x 240: 432,7F000001]
10-02 19:44:07.082   751 26454 E AudioALSAPlaybackHandlerNormal: open_audiodsp_preset() Preset file can't be opened
10-02 19:44:07.082   751 26454 E AudioALSAPlaybackHandlerNormal: open_audiodsp() Could not load the preset file, it might be sktv3 algo, return here.
10-02 19:44:07.082   751 26454 E AudioALSAPlaybackHandlerNormal: open() Could not open audioDSP lib
10-02 19:44:17.242   751 26454 E AudioALSAPlaybackHandlerNormal: open_audiodsp_preset() Preset file can't be opened
10-02 19:44:17.243   751 26454 E AudioALSAPlaybackHandlerNormal: open_audiodsp() Could not load the preset file, it might be sktv3 algo, return here.
10-02 19:44:17.243   751 26454 E AudioALSAPlaybackHandlerNormal: open() Could not open audioDSP lib
10-02 19:44:21.551   751 26454 E AudioALSAPlaybackHandlerNormal: open_audiodsp_preset() Preset file can't be opened
10-02 19:44:21.551   751 26454 E AudioALSAPlaybackHandlerNormal: open_audiodsp() Could not load the preset file, it might be sktv3 algo, return here.
10-02 19:44:21.551   751 26454 E AudioALSAPlaybackHandlerNormal: open() Could not open audioDSP lib
10-02 19:44:24.470   751 26454 E AudioALSAPlaybackHandlerNormal: open_audiodsp_preset() Preset file can't be opened
10-02 19:44:24.470   751 26454 E AudioALSAPlaybackHandlerNormal: open_audiodsp() Could not load the preset file, it might be sktv3 algo, return here.
10-02 19:44:24.470   751 26454 E AudioALSAPlaybackHandlerNormal: open() Could not open audioDSP lib
10-02 19:44:25.751   778   858 I libPowerHal: [perfLockAcq] idx:2 hdl:13200 hint:1157 pid:824 duration:80 lock_user:vperf@1.0-servi => ret_hdl:13200
10-02 19:44:31.356   751 26454 E AudioALSAPlaybackHandlerNormal: open_audiodsp_preset() Preset file can't be opened
10-02 19:44:31.356   751 26454 E AudioALSAPlaybackHandlerNormal: open_audiodsp() Could not load the preset file, it might be sktv3 algo, return here.
10-02 19:44:31.356   751 26454 E AudioALSAPlaybackHandlerNormal: open() Could not open audioDSP lib
10-02 19:44:34.699   751 26454 E AudioALSAPlaybackHandlerNormal: open_audiodsp_preset() Preset file can't be opened
10-02 19:44:34.699   751 26454 E AudioALSAPlaybackHandlerNormal: open_audiodsp() Could not load the preset file, it might be sktv3 algo, return here.
10-02 19:44:34.700   751 26454 E AudioALSAPlaybackHandlerNormal: open() Could not open audioDSP lib
10-02 19:44:50.187   751 26454 E AudioALSAPlaybackHandlerNormal: open_audiodsp_preset() Preset file can't be opened
10-02 19:44:50.187   751 26454 E AudioALSAPlaybackHandlerNormal: open_audiodsp() Could not load the preset file, it might be sktv3 algo, return here.
10-02 19:44:50.187   751 26454 E AudioALSAPlaybackHandlerNormal: open() Could not open audioDSP lib
10-02 19:45:13.542   751 26454 E AudioALSAPlaybackHandlerNormal: open_audiodsp_preset() Preset file can't be opened
10-02 19:45:13.542   751 26454 E AudioALSAPlaybackHandlerNormal: open_audiodsp() Could not load the preset file, it might be sktv3 algo, return here.
10-02 19:45:13.542   751 26454 E AudioALSAPlaybackHandlerNormal: open() Could not open audioDSP lib
10-02 19:45:15.751   839   839 E ClientCache: failed to get buffer, could not retrieve buffer
10-02 19:45:36.207   751 26454 E AudioALSAPlaybackHandlerNormal: open_audiodsp_preset() Preset file can't be opened
10-02 19:45:36.207   751 26454 E AudioALSAPlaybackHandlerNormal: open_audiodsp() Could not load the preset file, it might be sktv3 algo, return here.
10-02 19:45:36.207   751 26454 E AudioALSAPlaybackHandlerNormal: open() Could not open audioDSP lib
10-02 19:45:39.889   751 26454 E AudioALSAPlaybackHandlerNormal: open_audiodsp_preset() Preset file can't be opened
10-02 19:45:39.889   751 26454 E AudioALSAPlaybackHandlerNormal: open_audiodsp() Could not load the preset file, it might be sktv3 algo, return here.
10-02 19:45:39.889   751 26454 E AudioALSAPlaybackHandlerNormal: open() Could not open audioDSP lib
10-02 19:45:42.646   751 26454 E AudioALSAPlaybackHandlerNormal: open_audiodsp_preset() Preset file can't be opened
10-02 19:45:42.646   751 26454 E AudioALSAPlaybackHandlerNormal: open_audiodsp() Could not load the preset file, it might be sktv3 algo, return here.
10-02 19:45:42.646   751 26454 E AudioALSAPlaybackHandlerNormal: open() Could not open audioDSP lib
10-02 19:45:45.947  8726  8751 E PhoneInterfaceManager: [PhoneIntfMgr] getCarrierPrivilegeStatusForUid: No UICC
10-02 19:45:52.747  8726  8751 E PhoneInterfaceManager: [PhoneIntfMgr] getCarrierPrivilegeStatusForUid: No UICC
10-02 19:45:58.497  8726  8751 E PhoneInterfaceManager: [PhoneIntfMgr] getCarrierPrivilegeStatusForUid: No UICC
10-02 19:46:19.482   751 26454 E AudioALSAPlaybackHandlerNormal: open_audiodsp_preset() Preset file can't be opened
10-02 19:46:19.482   751 26454 E AudioALSAPlaybackHandlerNormal: open_audiodsp() Could not load the preset file, it might be sktv3 algo, return here.
10-02 19:46:19.482   751 26454 E AudioALSAPlaybackHandlerNormal: open() Could not open audioDSP lib
10-02 19:46:23.751  8170  8630 E BufferQueueProducer: BQDUMP- BufferQueue mMaxAcquiredBufferCount=2 mMaxDequeuedBufferCount=32
10-02 19:46:23.751  8170  8630 E BufferQueueProducer: BQDUMP  mDequeueBufferCannotBlock=0 mAsyncMode=0
10-02 19:46:23.751  8170  8630 E BufferQueueProducer: BQDUMP  mQueueBufferCanDrop=0 mLegacyBufferDrop=1
10-02 19:46:23.751  8170  8630 E BufferQueueProducer: BQDUMP  default-size=[426x240] default-format=4 BQDUMP  transform-hint=00 frame-counter=107
10-02 19:46:23.751  8170  8630 E BufferQueueProducer: BQDUMP  mTransformHintInUse=00 mAutoPrerotation=0
10-02 19:46:23.751  8170  8630 E BufferQueueProducer: BQDUMPFIFO(0):
10-02 19:46:23.751  8170  8630 E BufferQueueProducer: BQDUMP(mConsumerName=SurfaceView[com.google.android.youtube/com.google.android.apps.youtube.app.watchwhile.WatchWhileActivity]#68(BLAST Consumer)68, mConnectedApi=3, mConsumerUsageBits=2304, mId=1fea00000078, producer=[8170:com.google.android.youtube], consumer=[8170:com.google.android.youtube])
10-02 19:46:23.751  8170  8630 E BufferQueueProducer: BQDUMPSlots:
10-02 19:46:23.751  8170  8630 E BufferQueueProducer: BQDUMP  [00:0xb400007695292330] state=DEQUEUED 0xb4000076b542ed90 frame=0 [ 426x 240: 432,7F000001]
10-02 19:46:23.751  8170  8630 E BufferQueueProducer: BQDUMP  [01:0xb4000076952f5450] state=DEQUEUED 0xb4000076b543e290 frame=95 [ 426x 240: 432,7F000001]
10-02 19:46:23.751  8170  8630 E BufferQueueProducer: BQDUMP  [02:0xb40000769528d6b0] state=DEQUEUED 0xb4000076b5454e90 frame=97 [ 426x 240: 432,7F000001]
10-02 19:46:23.751  8170  8630 E BufferQueueProducer: BQDUMP  [03:0xb40000769528f090] state=DEQUEUED 0xb4000076b53d4d50 frame=91 [ 426x 
10-02 19:46:23.751  8170  8630 E BufferQueueProducer: Slots:
10-02 19:46:23.751  8170  8630 E BufferQueueProducer: BQDUMP  [00:0xb400007695292330] state=DEQUEUED 0xb4000076b542ed90 frame=0 [ 426x 240: 432,7F000001]
10-02 19:46:23.751  8170  8630 E BufferQueueProducer: BQDUMP  [01:0xb4000076952f5450] state=DEQUEUED 0xb4000076b543e290 frame=95 [ 426x 240: 432,7F000001]
10-02 19:46:23.751  8170  8630 E BufferQueueProducer: BQDUMP  [02:0xb40000769528d6b0] state=DEQUEUED 0xb4000076b5454e90 frame=97 [ 426x 240: 432,7F000001]
10-02 19:46:23.751  8170  8630 E BufferQueueProducer: BQDUMP  [03:0xb40000769528f090] state=DEQUEUED 0xb4000076b53d4d50 frame=91 [ 426x 240: 432,7F000001]
10-02 19:46:23.751  8170  8630 E BufferQueueProducer: BQDUMP  [04:0xb4000076952f1d30] state=DEQUEUED 0xb4000076b53e3610 frame=98 [ 426x 240: 432,7F000001]
10-02 19:46:23.751  8170  8630 E BufferQueueProducer: BQDUMP  [05:0xb4000076952ed1d0] state=DEQUEUED 0xb4000076b5356810 frame=99 [ 426x 240: 432,7F000001]
10-02 19:46:23.751  8170  8630 E BufferQueueProducer: BQDUMP  [06:0xb4000076952b0030] state=DEQUEUED 0xb4000076b5450dd0 frame=87 [ 426x 240: 432,7F000001]
10-02 19:46:23.751  8170  8630 E BufferQueueProducer: BQDUMP >[07:0xb4000076952f23f0] state=ACQUIRED 0xb4000076b5417e10 frame=107 [ 426x 240: 432,7F000001]
10-02 19:46:23.751  8170  8630 E BufferQueueProducer: BQDUMP  [08:0xb400007695245e90] state=DEQUEUED 0xb4000076b52f1fd0 frame=76 [ 426x 240: 432,7F000001]
10-02 19:46:23.751  8170  8630 E BufferQueueProducer: BQDUMP  [09:0xb4000076952dfaf0] state=DEQUEUED 0xb4000076b5423e90 frame=77 [ 426x 240: 432,7F000001]
10-02 19:46:23.751  8170  8630 E BufferQueueProducer: BQDUMP
10-02 19:47:03.763  8726  8751 E PhoneInterfaceManager: [PhoneIntfMgr] getCarrierPrivilegeStatusForUid: No UICC
10-02 19:47:15.751   824  5345 I mtkpower_client: perf_lock_rel, hdl:13455, tid:5345
10-02 19:47:41.751  8170  8630 E BufferQueueProducer: BQDUMP- BufferQueue mMaxAcquiredBufferCount=2 mMaxDequeuedBufferCount=32
10-02 19:47:41.751  8170  8630 E BufferQueueProducer: BQDUMP  mDequeueBufferCannotBlock=0 mAsyncMode=0
10-02 19:47:41.751  8170  8630 E BufferQueueProducer: BQDUMP  mQueueBufferCanDrop=0 mLegacyBufferDrop=1
10-02 19:47:41.751  8170  8630 E BufferQueueProducer: BQDUMP  default-size=[426x240] default-format=4 BQDUMP  transform-hint=00 frame-counter=2229
10-02 19:47:41.751  8170  8630 E BufferQueueProducer: BQDUMP  mTransformHintInUse=00 mAutoPrerotation=0
10-02 19:47:41.751  8170  8630 E BufferQueueProducer: BQDUMPFIFO(0):
10-02 19:47:41.751  8170  8630 E BufferQueueProducer: BQDUMP(mConsumerName=SurfaceView[com.google.android.youtube/com.google.android.apps.youtube.app.watchwhile.WatchWhileActivity]#68(BLAST Consumer)68, mConnectedApi=3, mConsumerUsageBits=2304, mId=1fea00000078, producer=[8170:com.google.android.youtube], consumer=[8170:com.google.android.youtube])
10-02 19:47:41.751  8170  8630 E BufferQueueProducer: BQDUMPSlots:
10-02 19:47:41.751  8170  8630 E BufferQueueProducer: BQDUMP  [00:0xb400007695292330] state=DEQUEUED 0xb4000076b542ed90 frame=2215 [ 426x 240: 432,7F000001]
10-02 19:47:41.751  8170  8630 E BufferQueueProducer: BQDUMP  [01:0xb4000076952f5450] state=DEQUEUED 0xb4000076b543e290 frame=2219 [ 426x 240: 432,7F000001]
10-02 19:47:41.751  8170  8630 E BufferQueueProducer: BQDUMP  [02:0xb40000769528d6b0] state=DEQUEUED 0xb4000076b5454e90 frame=2200 [ 426x 240: 432,7F000001]
10-02 19:47:41.751  8170  8630 E BufferQueueProducer: BQDUMP  [03:0xb40000769528f090] state=DEQUEUED 0xb4000076b53d4d50 frame=22
10-02 19:47:41.751  8170  8630 E BufferQueueProducer: Slots:
10-02 19:47:41.751  8170  8630 E BufferQueueProducer: BQDUMP  [00:0xb400007695292330] state=DEQUEUED 0xb4000076b542ed90 frame=2215 [ 426x 240: 432,7F000001]
10-02 19:47:41.751  8170  8630 E BufferQueueProducer: BQDUMP  [01:0xb4000076952f5450] state=DEQUEUED 0xb4000076b543e290 frame=2219 [ 426x 240: 432,7F000001]
10-02 19:47:41.751  8170  8630 E BufferQueueProducer: BQDUMP  [02:0xb40000769528d6b0] state=DEQUEUED 0xb4000076b5454e90 frame=2200 [ 426x 240: 432,7F000001]
10-02 19:47:41.751  8170  8630 E BufferQueueProducer: BQDUMP  [03:0xb40000769528f090] state=DEQUEUED 0xb4000076b53d4d50 frame=2202 [ 426x 240: 432,7F000001]
10-02 19:47:41.751  8170  8630 E BufferQueueProducer: BQDUMP  [04:0xb4000076952f1d30] state=DEQUEUED 0xb4000076b53e3610 frame=2217 [ 426x 240: 432,7F000001]
10-02 19:47:41.751  8170  8630 E BufferQueueProducer: BQDUMP  [05:0xb4000076952ed1d0] state=DEQUEUED 0xb4000076b5356810 frame=2226 [ 426x 240: 432,7F000001]
10-02 19:47:41.751  8170  8630 E BufferQueueProducer: BQDUMP  [06:0xb4000076952b0030] state=DEQUEUED 0xb4000076b5450dd0 frame=2203 [ 426x 240: 432,7F000001]
10-02 19:47:41.751  8170  8630 E BufferQueueProducer: BQDUMP  [07:0xb4000076952f23f0] state=DEQUEUED 0xb4000076b5417e10 frame=2213 [ 426x 240: 432,7F000001]
10-02 19:47:41.751  8170  8630 E BufferQueueProducer: BQDUMP  [08:0xb400007695245e90] state=DEQUEUED 0xb4000076b52f1fd0 frame=2187 [ 426x 240: 432,7F000001]
10-02 19:47:41.751  8170  8630 E BufferQueueProducer: BQDUMP  [09:0xb4000076952dfaf0] state=DEQUEUED 0xb4000076b5423e90 frame=2224 [ 426x 240: 
10-02 19:48:38.966  8170  8630 E BufferQueueProducer: BQDUMP  [00:0xb400007695292330] state=DEQUEUED 0xb4000076b542ed90 frame=3751 [ 426x 240: 432,7F000001]
10-02 19:48:38.966  8170  8630 E BufferQueueProducer: BQDUMP  [00:0xb400007695292330] state=DEQUEUED 0xb4000076b542ed90 frame=3751 [ 426x 240: 432,7F000001]
10-02 19:48:39.167  8170  8630 E BufferQueueProducer: BQDUMP  [00:0xb400007695292330] state=DEQUEUED 0xb4000076b542ed90 frame=3751 [ 426x 240: 432,7F000001]
10-02 19:48:39.167  8170  8630 E BufferQueueProducer: BQDUMP  [00:0xb400007695292330] state=DEQUEUED 0xb4000076b542ed90 frame=3751 [ 426x 240: 432,7F000001]
10-02 19:48:39.332  8170  8630 E BufferQueueProducer: BQDUMP  [00:0xb400007695292330] state=DEQUEUED 0xb4000076b542ed90 frame=3751 [ 426x 240: 432,7F000001]
10-02 19:48:39.332  8170  8630 E BufferQueueProducer: BQDUMP  [00:0xb400007695292330] state=DEQUEUED 0xb4000076b542ed90 frame=3751 [ 426x 240: 432,7F000001]
10-02 19:48:39.850  8170  8630 E BufferQueueProducer: BQDUMP  [00:0xb400007695292330] state=DEQUEUED 0xb4000076b542ed90 frame=3751 [ 426x 240: 432,7F000001]
10-02 19:48:39.851  8170  8630 E BufferQueueProducer: BQDUMP  [00:0xb400007695292330] state=DEQUEUED 0xb4000076b542ed90 frame=3751 [ 426x 240: 432,7F000001]
10-02 19:49:19.082  8170  8630 E BufferQueueProducer: BQDUMP  [05:0xb4000076952ed1d0] state=DEQUEUED 0xb4000076b5356810 frame=4751 [ 426x 240: 432,7F000001]
10-02 19:49:19.685  8170  8630 E BufferQueueProducer: BQDUMP  [05:0xb4000076952ed1d0] state=DEQUEUED 0xb4000076b5356810 frame=4751 [ 426x 240: 432,7F000001]
10-02 19:51:09.648  8170  8630 E BufferQueueProducer: BQDUMP  [01:0xb4000076952f5450] state=DEQUEUED 0xb4000076b543e290 frame=7518 [ 426x 240: 432,7F000001]
10-02 19:51:09.648  8170  8630 E BufferQueueProducer: BQDUMP  [01:0xb4000076952f5450] state=DEQUEUED 0xb4000076b543e290 frame=7518 [ 426x 240: 432,7F000001]
10-02 19:51:09.648  8170  8630 E BufferQueueProducer: BQDUMP  [07:0xb4000076952f23f0] state=DEQUEUED 0xb4000076b5417e10 frame=7510 [ 426x 240: 432,7F000001]
10-02 19:51:09.648  8170  8630 E BufferQueueProducer: BQDUMP  [08:0xb400007695245e90] state=DEQUEUED 0xb4000076b52f1fd0 frame=7517 [ 426x 240: 432,7F000001]
10-02 19:51:09.648  8170  8630 E BufferQueueProducer: BQDUMP  [09:0xb4000076952dfaf0] state=DEQUEUED 0xb4000076b5423e90 frame=7514 [ 426x 240: 
10-02 19:51:10.650  8170  8630 E BufferQueueProducer: BQDUMP  [01:0xb4000076952f5450] state=DEQUEUED 0xb4000076b543e290 frame=7518 [ 426x 240: 432,7F000001]
10-02 19:51:10.650  8170  8630 E BufferQueueProducer: BQDUMP  [01:0xb4000076952f5450] state=DEQUEUED 0xb4000076b543e290 frame=7518 [ 426x 240: 432,7F000001]
10-02 19:51:10.650  8170  8630 E BufferQueueProducer: BQDUMP  [08:0xb400007695245e90] state=DEQUEUED 0xb4000076b52f1fd0 frame=7517 [ 426x 240: 432,7F000001]
10-02 19:51:18.908  1185  1185 E wificond: vivo add tx_good 53751 tx_bad 0 rx_good 206922 tx_retry 9806 tx_retry_times 0
10-02 19:53:19.494  8170  8630 E BufferQueueProducer: BQDUMP  [02:0xb40000769528d6b0] state=DEQUEUED 0xb4000076b5454e90 frame=10751 [ 426x 240: 432,7F000001]
10-02 19:53:19.494  8170  8630 E BufferQueueProducer: BQDUMP  [02:0xb40000769528d6b0] state=DEQUEUED 0xb4000076b5454e90 frame=10751 [ 426x 240: 432,7F000001]
10-02 19:53:41.304   751 26454 E AudioALSAPlaybackHandlerNormal: open_audiodsp_preset() Preset file can't be opened
10-02 19:53:41.304   751 26454 E AudioALSAPlaybackHandlerNormal: open_audiodsp() Could not load the preset file, it might be sktv3 algo, return here.
10-02 19:53:41.304   751 26454 E AudioALSAPlaybackHandlerNormal: open() Could not open audioDSP lib
10-02 19:54:01.416  8170  8630 E BufferQueueProducer: BQDUMP  [07:0xb400007695269fb0] state=DEQUEUED 0xb4000076b5429ed0 frame=11751 [ 426x 214: 432,7F000001]
10-02 19:54:01.846  8170  8630 E BufferQueueProducer: BQDUMP  [07:0xb400007695269fb0] state=DEQUEUED 0xb4000076b5429ed0 frame=11751 [ 426x 214: 432,7F000001]
10-02 19:54:41.733  8170  8630 E BufferQueueProducer: BQDUMP  [09:0xb4000076952df9d0] state=DEQUEUED 0xb4000076b5290c10 frame=12751 [ 
10-02 19:54:41.933  8170  8630 E BufferQueueProducer: BQDUMP  [09:0xb4000076952df9d0] state=DEQUEUED 0xb4000076b5290c10 frame=12751 [ 
10-02 19:55:21.132  8170  8630 E BufferQueueProducer: BQDUMP  default-size=[426x214] default-format=4 BQDUMP  transform-hint=00 frame-counter=13751
10-02 19:55:31.050   778   858 I libPowerHal: [perfLockAcq] idx:1 hdl:13751 hint:1155 pid:824 duration:273 lock_user:vperf@1.0-servi => ret_hdl:13751
10-02 19:55:31.323   778   858 I mtkpower@impl: [powerd_req] TIMER_MSG_PERF_LOCK_TIMEOUT hdl:13751
10-02 19:55:31.323   778   858 I libPowerHal: [perfLockRel] hdl:13751, idx:1
10-02 19:55:31.343   824  7186 I mtkpower_client: perf_lock_rel, hdl:13751, tid:7186
10-02 19:55:31.344   778   858 I libPowerHal: [perfLockRel] hdl:13751, idx:-1
10-02 19:55:41.044   824   824 I mtkpower_client: perf_lock_rel, hdl:13751, tid:824
10-02 19:55:41.045   778   858 I libPowerHal: [perfLockRel] hdl:13751, idx:-1
10-02 19:56:41.253  8170  8630 E BufferQueueProducer: BQDUMP  [01:0xb400007695259ab0] state=DEQUEUED 0xb4000076b5463c90 frame=15751 [ 426x 214: 432,7F000001]
10-02 19:56:41.253  8170  8630 E BufferQueueProducer: BQDUMP  [01:0xb400007695259ab0] state=DEQUEUED 0xb4000076b5463c90 frame=15751 [ 426x 214: 432,7F000001]
10-02 19:57:21.171  8170  8630 E BufferQueueProducer: BQDUMP >[08:0xb4000076952a4e70] state=ACQUIRED 0xb4000076b5413b90 frame=16751 [ 426x 214: 432,7F000001]
10-02 19:57:21.692  8170  8630 E BufferQueueProducer: BQDUMP  [08:0xb4000076952a4e70] state=DEQUEUED 0xb4000076b5413b90 frame=16751 [ 426x 214: 432,7F000001]
10-02 19:57:22.055  8170  8630 E BufferQueueProducer: BQDUMP  [08:0xb4000076952a4e70] state=DEQUEUED 0xb4000076b5413b90 frame=16751 [ 426x 214: 432,7F000001]
10-02 19:57:22.088  8170  8630 E BufferQueueProducer: BQDUMP  [08:0xb4000076952a4e70] state=DEQUEUED 0xb4000076b5413b90 frame=16751 [ 426x 214: 432,7F000001]
10-02 19:57:22.374  8170  8630 E BufferQueueProducer: BQDUMP  [08:0xb4000076952a4e70] state=DEQUEUED 0xb4000076b5413b90 frame=16751 [ 426x 214: 432,7F000001]
10-02 19:57:48.931   751 26454 E AudioALSAPlaybackHandlerNormal: open_audiodsp_preset() Preset file can't be opened
10-02 19:57:48.931   751 26454 E AudioALSAPlaybackHandlerNormal: open_audiodsp() Could not load the preset file, it might be sktv3 algo, return here.
10-02 19:57:48.931   751 26454 E AudioALSAPlaybackHandlerNormal: open() Could not open audioDSP lib
10-02 19:57:52.316  8170  8630 E BufferQueueProducer: BQDUMP  [06:0xb4000076952a4f90] state=DEQUEUED 0xb4000076b53681d0 frame=17515 [ 640x 360: 640,7F000001]
10-02 19:57:52.316  8170  8630 E BufferQueueProducer: BQDUMP  [07:0xb40000769530a810] state=DEQUEUED 0xb4000076b545f4d0 frame=17516 [ 640x 360: 640,7F000001]
10-02 19:57:52.316  8170  8630 E BufferQueueProducer: BQDUMP  [09:0xb400007695269fb0] state=DEQUEUED 0xb4000076b5361710 frame=17514 [ 
10-02 19:57:52.416  8170  8630 E BufferQueueProducer: BQDUMP  [06:0xb4000076952a4f90] state=DEQUEUED 0xb4000076b53681d0 frame=17515 [ 640x 360: 640,7F000001]
10-02 19:57:52.416  8170  8630 E BufferQueueProducer: BQDUMP  [07:0xb40000769530a810] state=DEQUEUED 0xb4000076b545f4d0 frame=17516 [ 640x 360: 640,7F000001]
10-02 19:57:52.416  8170  8630 E BufferQueueProducer: BQDUMP  [09:0xb400007695269fb0] state=DEQUEUED 0xb4000076b5361710 frame=17514 [ 
10-02 19:58:13.175   824  7514 I mtkpower_client: perf_lock_rel, hdl:13925, tid:7514
10-02 19:58:13.559   824  7517 I mtkpower_client: perf_lock_rel, hdl:13928, tid:7517
10-02 19:58:13.773   824  7516 I mtkpower_client: perf_lock_rel, hdl:13927, tid:7516
10-02 19:58:15.113   824  7518 I mtkpower_client: perf_lock_rel, hdl:13930, tid:7518
10-02 19:59:41.529  8170  8630 E BufferQueueProducer: BQDUMP  default-size=[426x240] default-format=4 BQDUMP  transform-hint=00 frame-counter=20751
10-02 20:00:14.871  8170  8630 E BufferQueueProducer: BQDUMP  default-size=[426x240] default-format=4 BQDUMP  transform-hint=00 frame-counter=21751
10-02 20:01:17.463  1185  1185 E wificond: vivo add tx_good 58751 tx_bad 0 rx_good 224634 tx_retry 10117 tx_retry_times 0
10-02 20:01:21.701  8170  8630 E BufferQueueProducer: BQDUMP  [08:0xb40000769530c8b0] state=DEQUEUED 0xb4000076b541c090 frame=23751 [ 426x 240: 432,7F000001]
10-02 20:01:22.000  8170  8630 E BufferQueueProducer: BQDUMP  [08:0xb40000769530c8b0] state=DEQUEUED 0xb4000076b541c090 frame=23751 [ 426x 240: 432,7F000001]
10-02 20:01:22.167  8170  8630 E BufferQueueProducer: BQDUMP  [08:0xb40000769530c8b0] state=DEQUEUED 0xb4000076b541c090 frame=23751 [ 426x 240: 432,7F000001]
10-02 20:01:22.267  8170  8630 E BufferQueueProducer: BQDUMP  [08:0xb40000769530c8b0] state=DEQUEUED 0xb4000076b541c090 frame=23751 [ 426x 240: 432,7F000001]
10-02 20:01:22.400  8170  8630 E BufferQueueProducer: BQDUMP  [08:0xb40000769530c8b0] state=DEQUEUED 0xb4000076b541c090 frame=23751 [ 426x 240: 432,7F000001]
10-02 20:01:22.501  8170  8630 E BufferQueueProducer: BQDUMP  [08:0xb40000769530c8b0] state=DEQUEUED 0xb4000076b541c090 frame=23751 [ 426x 240: 432,7F000001]
10-02 20:01:53.751  1185  1185 E wificond: Failed to get NL80211_STA_INFO_AIRTIME_LINK_METRIC as txretrytimes
10-02 20:01:53.751  1185  1185 E wificond: vivo add tx_good 58792 tx_bad 0 rx_good 224666 tx_retry 10118 tx_retry_times 0
10-02 20:01:55.195  8170  8630 E BufferQueueProducer: BQDUMP  [03:0xb4000076952419f0] state=DEQUEUED 0xb4000076b5401ad0 frame=24751 [ 426x 240: 432,7F000001]
10-02 20:01:55.294  8170  8630 E BufferQueueProducer: BQDUMP  [03:0xb4000076952419f0] state=DEQUEUED 0xb4000076b5401ad0 frame=24751 [ 426x 240: 432,7F000001]
10-02 20:01:55.328  8170  8630 E BufferQueueProducer: BQDUMP  [03:0xb4000076952419f0] state=DEQUEUED 0xb4000076b5401ad0 frame=24751 [ 426x 240: 432,7F000001]
10-02 20:01:55.428  8170  8630 E BufferQueueProducer: BQDUMP  [03:0xb4000076952419f0] state=DEQUEUED 0xb4000076b5401ad0 frame=24751 [ 426x 240: 432,7F000001]
10-02 20:01:55.561  8170  8630 E BufferQueueProducer: BQDUMP  [03:0xb4000076952419f0] state=DEQUEUED 0xb4000076b5401ad0 frame=24751 [ 426x 240: 432,7F000001]
10-02 20:01:55.694  8170  8630 E BufferQueueProducer: BQDUMP  [03:0xb4000076952419f0] state=DEQUEUED 0xb4000076b5401ad0 frame=24751 [ 426x 240: 432,7F000001]
10-02 20:01:55.762  8170  8630 E BufferQueueProducer: BQDUMP  [03:0xb4000076952419f0] state=DEQUEUED 0xb4000076b5401ad0 frame=24751 [ 426x 240: 432,7F000001]
10-02 20:02:52.751   778   858 I libPowerHal: [perfLockAcq] idx:2 hdl:13963 hint:25 pid:778 duration:10000 lock_user:mtkpower@1.0-se => ret_hdl:13963
10-02 20:02:52.751   778   858 I libPowerHal: [PE] MTKPOWER_HINT_APP_TOUCH update cmd:3408600 param:1
10-02 20:02:52.751   824   824 I mtkpower_client: perf_lock_rel, hdl:13961, tid:824
10-02 20:03:32.751   824   824 I mtkpower_client: perf_lock_acq, hdl:0, dur:1000, num:24, tid:824
10-02 20:03:36.751   778   807 I mtkpower@impl: [setMode] type:5, enabled:0
10-02 20:03:36.991   751 26454 E AudioALSAPlaybackHandlerNormal: open_audiodsp_preset() Preset file can't be opened
10-02 20:03:36.991   751 26454 E AudioALSAPlaybackHandlerNormal: open_audiodsp() Could not load the preset file, it might be sktv3 algo, return here.
10-02 20:03:36.991   751 26454 E AudioALSAPlaybackHandlerNormal: open() Could not open audioDSP lib
10-02 20:03:58.273   751 26454 E AudioALSAPlaybackHandlerNormal: open_audiodsp_preset() Preset file can't be opened
10-02 20:03:58.273   751 26454 E AudioALSAPlaybackHandlerNormal: open_audiodsp() Could not load the preset file, it might be sktv3 algo, return here.
10-02 20:03:58.273   751 26454 E AudioALSAPlaybackHandlerNormal: open() Could not open audioDSP lib
10-02 20:04:00.751  8170  8630 E BufferQueueProducer: [SurfaceView[com.google.android.youtube/com.google.android.apps.youtube.app.watchwhile.WatchWhileActivity]#72(BLAST Consumer)72](id:1fea0000007f,api:3,p:8170,c:8170) waitForFreeSlotThenRelock TIMED_OUT 0
10-02 20:04:24.831  1185  1185 E wificond: vivo add tx_good 64005 tx_bad 0 rx_good 246751 tx_retry 10513 tx_retry_times 0
10-02 20:04:49.785   751 10457 E AudioALSAPlaybackHandlerNormal: open_audiodsp_preset() Preset file can't be opened
10-02 20:04:49.785   751 10457 E AudioALSAPlaybackHandlerNormal: open_audiodsp() Could not load the preset file, it might be sktv3 algo, return here.
10-02 20:04:49.785   751 10457 E AudioALSAPlaybackHandlerNormal: open() Could not open audioDSP lib
10-02 20:05:07.091   751 26454 E AudioALSAPlaybackHandlerNormal: open_audiodsp_preset() Preset file can't be opened
10-02 20:05:07.091   751 26454 E AudioALSAPlaybackHandlerNormal: open_audiodsp() Could not load the preset file, it might be sktv3 algo, return here.
10-02 20:05:07.091   751 26454 E AudioALSAPlaybackHandlerNormal: open() Could not open audioDSP lib
10-02 20:05:13.751  8170  8630 E BufferQueueProducer: BQDUMP- BufferQueue mMaxAcquiredBufferCount=2 mMaxDequeuedBufferCount=32
10-02 20:05:13.751  8170  8630 E BufferQueueProducer: BQDUMP  mDequeueBufferCannotBlock=0 mAsyncMode=0
10-02 20:05:13.751  8170  8630 E BufferQueueProducer: BQDUMP  mQueueBufferCanDrop=0 mLegacyBufferDrop=1
10-02 20:05:13.751  8170  8630 E BufferQueueProducer: BQDUMP  default-size=[480x854] default-format=4 BQDUMP  transform-hint=00 frame-counter=201
10-02 20:05:13.751  8170  8630 E BufferQueueProducer: BQDUMP  mTransformHintInUse=00 mAutoPrerotation=0
10-02 20:05:13.751  8170  8630 E BufferQueueProducer: BQDUMPFIFO(0):
10-02 20:05:13.751  8170  8630 E BufferQueueProducer: BQDUMP(mConsumerName=SurfaceView[com.google.android.youtube/com.google.android.apps.youtube.app.watchwhile.WatchWhileActivity]#74(BLAST Consumer)74, mConnectedApi=3, mConsumerUsageBits=2304, mId=1fea00000082, producer=[8170:com.google.android.youtube], consumer=[8170:com.google.android.youtube])
10-02 20:05:13.751  8170  8630 E BufferQueueProducer: BQDUMPSlots:
10-02 20:05:13.751  8170  8630 E BufferQueueProducer: BQDUMP  [00:0xb40000769530e830] state=DEQUEUED 0xb4000076b531e9d0 frame=185 [ 480x 854: 480,7F000001]
10-02 20:05:13.751  8170  8630 E BufferQueueProducer: BQDUMP  [01:0xb400007695288b50] state=DEQUEUED 0xb4000076b5497d90 frame=192 [ 480x 854: 480,7F000001]
10-02 20:05:13.751  8170  8630 E BufferQueueProducer: BQDUMP  [02:0xb400007695220390] state=DEQUEUED 0xb4000076b52e0ed0 frame=172 [ 480x 854: 480,7F000001]
10-02 20:05:13.751  8170  8630 E BufferQueueProducer: BQDUMP  [03:0xb400007695312190] state=DEQUEUED 0xb4000076b54c9d50 frame=198 [ 
10-02 20:05:43.265   751 26454 E AudioALSAPlaybackHandlerNormal: open_audiodsp_preset() Preset file can't be opened
10-02 20:05:43.265   751 26454 E AudioALSAPlaybackHandlerNormal: open_audiodsp() Could not load the preset file, it might be sktv3 algo, return here.
10-02 20:05:43.265   751 26454 E AudioALSAPlaybackHandlerNormal: open() Could not open audioDSP lib
10-02 20:06:28.751  1185  1185 E wificond: vivo add tx_good 65239 tx_bad 0 rx_good 250278 tx_retry 10594 tx_retry_times 0
10-02 20:06:41.595  8170  8630 E BufferQueueProducer: BQDUMP  default-size=[426x240] default-format=4 BQDUMP  transform-hint=00 frame-counter=1751
10-02 20:07:38.751  8001 10394 E _V_AudioFeatures: Application cannot support or Zenmode close
10-02 20:07:39.546   751 10457 E AudioALSAPlaybackHandlerNormal: open_audiodsp_preset() Preset file can't be opened
10-02 20:07:39.547   751 10457 E AudioALSAPlaybackHandlerNormal: open_audiodsp() Could not load the preset file, it might be sktv3 algo, return here.
10-02 20:07:39.547   751 10457 E AudioALSAPlaybackHandlerNormal: open() Could not open audioDSP lib
10-02 20:08:11.321   751 26454 E AudioALSAPlaybackHandlerNormal: open_audiodsp_preset() Preset file can't be opened
10-02 20:08:11.321   751 26454 E AudioALSAPlaybackHandlerNormal: open_audiodsp() Could not load the preset file, it might be sktv3 algo, return here.
10-02 20:08:11.321   751 26454 E AudioALSAPlaybackHandlerNormal: open() Could not open audioDSP lib
10-02 20:08:12.751  8170 18330 E YT.mediafetch: ScriptedCacheCallbacks error from write, ScriptedError, details = op:write;writerKey:zu9ZPXGY4Uo.242.1661225708730170.4;isStartOfSegment:false;isEndOfSegment:false;creatingWriter:true;
10-02 20:09:55.298  8170  8630 E BufferQueueProducer: BQDUMP  default-size=[426x240] default-format=4 BQDUMP  transform-hint=00 frame-counter=7512
10-02 20:09:55.298  8170  8630 E BufferQueueProducer: BQDUMP >[07:0xb400007695295a50] state=ACQUIRED 0xb4000076b53e2d50 frame=7511 [ 426x 240: 432,7F000001]
10-02 20:09:55.397  8170  8630 E BufferQueueProducer: BQDUMP  default-size=[426x240] default-format=4 BQDUMP  transform-hint=00 frame-counter=7515
10-02 20:09:55.397  8170  8630 E BufferQueueProducer: BQDUMP >[04:0xb4000076952c48b0] state=ACQUIRED 0xb4000076b54bb650 frame=7513 [ 426x 240: 432,7F000001]
10-02 20:09:55.397  8170  8630 E BufferQueueProducer: BQDUMP  [07:0xb400007695295a50] state=DEQUEUED 0xb4000076b53e2d50 frame=7511 [ 426x 240: 432,7F000001]
10-02 20:09:55.529  8170  8630 E BufferQueueProducer: BQDUMP  default-size=[426x240] default-format=4 BQDUMP  transform-hint=00 frame-counter=7519
10-02 20:09:55.529  8170  8630 E BufferQueueProducer: BQDUMP  [04:0xb4000076952c48b0] state=DEQUEUED 0xb4000076b54bb650 frame=7513 [ 426x 240: 432,7F000001]
10-02 20:09:55.529  8170  8630 E BufferQueueProducer: BQDUMP  [07:0xb400007695295a50] state=DEQUEUED 0xb4000076b53e2d50 frame=7511 [ 426x 240: 432,7F000001]
10-02 20:09:55.529  8170  8630 E BufferQueueProducer: BQDUMP  [09:0xb4000076952f9230] state=DEQUEUED 0xb4000076b5293450 frame=7516 [ 426x 240: 
10-02 20:09:55.731  8170  8630 E BufferQueueProducer: BQDUMP  [04:0xb4000076952c48b0] state=DEQUEUED 0xb4000076b54bb650 frame=7513 [ 426x 240: 432,7F000001]
10-02 20:09:55.731  8170  8630 E BufferQueueProducer: BQDUMP  [07:0xb400007695295a50] state=DEQUEUED 0xb4000076b53e2d50 frame=7511 [ 426x 240: 432,7F000001]
10-02 20:09:55.731  8170  8630 E BufferQueueProducer: BQDUMP  [09:0xb4000076952f9230] state=DEQUEUED 0xb4000076b5293450 frame=7516 [ 426x 240: 
10-02 20:09:55.765  8170  8630 E BufferQueueProducer: BQDUMP  [04:0xb4000076952c48b0] state=DEQUEUED 0xb4000076b54bb650 frame=7513 [ 426x 240: 432,7F000001]
10-02 20:09:55.765  8170  8630 E BufferQueueProducer: BQDUMP  [07:0xb400007695295a50] state=DEQUEUED 0xb4000076b53e2d50 frame=7511 [ 426x 240: 432,7F000001]
10-02 20:09:55.765  8170  8630 E BufferQueueProducer: BQDUMP  [09:0xb4000076952f9230] state=DEQUEUED 0xb4000076b5293450 frame=7516 [ 426x 240: 
10-02 20:09:55.865  8170  8630 E BufferQueueProducer: BQDUMP  [04:0xb4000076952c48b0] state=DEQUEUED 0xb4000076b54bb650 frame=7513 [ 426x 240: 432,7F000001]
10-02 20:09:55.865  8170  8630 E BufferQueueProducer: BQDUMP  [07:0xb400007695295a50] state=DEQUEUED 0xb4000076b53e2d50 frame=7511 [ 426x 240: 432,7F000001]
10-02 20:09:55.865  8170  8630 E BufferQueueProducer: BQDUMP  [09:0xb4000076952f9230] state=DEQUEUED 0xb4000076b5293450 frame=7516 [ 426x 240: 
10-02 20:09:55.931  8170  8630 E BufferQueueProducer: BQDUMP  [04:0xb4000076952c48b0] state=DEQUEUED 0xb4000076b54bb650 frame=7513 [ 426x 240: 432,7F000001]
10-02 20:09:55.931  8170  8630 E BufferQueueProducer: BQDUMP  [07:0xb400007695295a50] state=DEQUEUED 0xb4000076b53e2d50 frame=7511 [ 426x 240: 432,7F000001]
10-02 20:09:55.931  8170  8630 E BufferQueueProducer: BQDUMP  [09:0xb4000076952f9230] state=DEQUEUED 0xb4000076b5293450 frame=7516 [ 426x 240: 
10-02 20:09:56.165  8170  8630 E BufferQueueProducer: BQDUMP  [04:0xb4000076952c48b0] state=DEQUEUED 0xb4000076b54bb650 frame=7513 [ 426x 240: 432,7F000001]
10-02 20:09:56.165  8170  8630 E BufferQueueProducer: BQDUMP  [07:0xb400007695295a50] state=DEQUEUED 0xb4000076b53e2d50 frame=7511 [ 426x 240: 432,7F000001]
10-02 20:09:56.165  8170  8630 E BufferQueueProducer: BQDUMP  [09:0xb4000076952f9230] state=DEQUEUED 0xb4000076b5293450 frame=7516 [ 426x 240: 
10-02 20:09:56.332  8170  8630 E BufferQueueProducer: BQDUMP  [04:0xb4000076952c48b0] state=DEQUEUED 0xb4000076b54bb650 frame=7513 [ 426x 240: 432,7F000001]
10-02 20:09:56.332  8170  8630 E BufferQueueProducer: BQDUMP  [09:0xb4000076952f9230] state=DEQUEUED 0xb4000076b5293450 frame=7516 [ 426x 240: 
10-02 20:09:56.366  8170  8630 E BufferQueueProducer: BQDUMP  [04:0xb4000076952c48b0] state=DEQUEUED 0xb4000076b54bb650 frame=7513 [ 426x 240: 432,7F000001]
10-02 20:09:56.366  8170  8630 E BufferQueueProducer: BQDUMP  [09:0xb4000076952f9230] state=DEQUEUED 0xb4000076b5293450 frame=7516 [ 426x 240: 
10-02 20:09:56.432  8170  8630 E BufferQueueProducer: BQDUMP  [09:0xb4000076952f9230] state=DEQUEUED 0xb4000076b5293450 frame=7516 [ 426x 240: 
10-02 20:10:21.509  1185  1185 E wificond: vivo add tx_good 67513 tx_bad 0 rx_good 258157 tx_retry 10832 tx_retry_times 0
10-02 20:10:24.531  1185  1185 E wificond: vivo add tx_good 67515 tx_bad 0 rx_good 258159 tx_retry 10837 tx_retry_times 0
10-02 20:10:36.609  8170  8630 E BufferQueueProducer: BQDUMP  default-size=[426x240] default-format=4 BQDUMP  transform-hint=00 frame-counter=8751
10-02 20:11:43.589  8170  8630 E BufferQueueProducer: BQDUMP  [00:0xb4000076952c4550] state=DEQUEUED 0xb4000076b5318ed0 frame=10751 [ 426x 240: 432,7F000001]
10-02 20:11:43.589  8170  8630 E BufferQueueProducer: BQDUMP  [00:0xb4000076952c4550] state=DEQUEUED 0xb4000076b5318ed0 frame=10751 [ 426x 240: 432,7F000001]
10-02 20:11:43.726  8170  8630 E BufferQueueProducer: BQDUMP  [00:0xb4000076952c4550] state=DEQUEUED 0xb4000076b5318ed0 frame=10751 [ 426x 240: 432,7F000001]
10-02 20:11:43.726  8170  8630 E BufferQueueProducer: BQDUMP  [00:0xb4000076952c4550] state=DEQUEUED 0xb4000076b5318ed0 frame=10751 [ 426x 240: 432,7F000001]
10-02 20:13:04.751  1668  1954 E WifiVendorHal: getWifiLinkLayerStats_1_5_Internal(l.1208) failed {.code = ERROR_UNKNOWN, .description = unknown}
10-02 20:15:03.601  8170  8630 E BufferQueueProducer: BQDUMP  [08:0xb40000769527df30] state=DEQUEUED 0xb4000076b548d910 frame=16751 [ 426x 240: 432,7F000001]
10-02 20:15:03.735  8170  8630 E BufferQueueProducer: BQDUMP  [08:0xb40000769527df30] state=DEQUEUED 0xb4000076b548d910 frame=16751 [ 426x 240: 432,7F000001]
10-02 20:15:04.001  8170  8630 E BufferQueueProducer: BQDUMP  [08:0xb40000769527df30] state=DEQUEUED 0xb4000076b548d910 frame=16751 [ 426x 240: 432,7F000001]
10-02 20:15:04.234  8170  8630 E BufferQueueProducer: BQDUMP  [08:0xb40000769527df30] state=DEQUEUED 0xb4000076b548d910 frame=16751 [ 426x 240: 432,7F000001]
10-02 20:15:28.671  8170  8630 E BufferQueueProducer: BQDUMP  default-size=[426x240] default-format=4 BQDUMP  transform-hint=00 frame-counter=17513
10-02 20:15:28.671  8170  8630 E BufferQueueProducer: BQDUMP >[07:0xb400007695295a50] state=ACQUIRED 0xb4000076b53e2d50 frame=17511 [ 426x 240: 432,7F000001]
10-02 20:15:28.804  8170  8630 E BufferQueueProducer: BQDUMP  default-size=[426x240] default-format=4 BQDUMP  transform-hint=00 frame-counter=17517
10-02 20:15:28.804  8170  8630 E BufferQueueProducer: BQDUMP  [07:0xb400007695295a50] state=DEQUEUED 0xb4000076b53e2d50 frame=17511 [ 426x 240: 432,7F000001]
10-02 20:15:28.905  8170  8630 E BufferQueueProducer: BQDUMP  [07:0xb400007695295a50] state=DEQUEUED 0xb4000076b53e2d50 frame=17511 [ 426x 240: 432,7F000001]
10-02 20:15:29.204  8170  8630 E BufferQueueProducer: BQDUMP  [07:0xb400007695295a50] state=DEQUEUED 0xb4000076b53e2d50 frame=17511 [ 426x 240: 432,7F000001]
10-02 20:15:29.305  8170  8630 E BufferQueueProducer: BQDUMP  [07:0xb400007695295a50] state=DEQUEUED 0xb4000076b53e2d50 frame=17511 [ 426x 240: 432,7F000001]
10-02 20:15:29.540  8170  8630 E BufferQueueProducer: BQDUMP  [07:0xb400007695295a50] state=DEQUEUED 0xb4000076b53e2d50 frame=17511 [ 426x 240: 432,7F000001]
10-02 20:15:36.631  8170  8630 E BufferQueueProducer: BQDUMP >[02:0xb400007695266890] state=ACQUIRED 0xb4000076b54babd0 frame=17751 [ 426x 240: 432,7F000001]
10-02 20:15:36.631  8170  8630 E BufferQueueProducer: BQDUMP >[02:0xb400007695266890] state=ACQUIRED 0xb4000076b54babd0 frame=17751 [ 426x 240: 432,7F000001]
10-02 20:15:37.066  8170  8630 E BufferQueueProducer: BQDUMP  [02:0xb400007695266890] state=DEQUEUED 0xb4000076b54babd0 frame=17751 [ 426x 240: 432,7F000001]
10-02 20:15:37.066  8170  8630 E BufferQueueProducer: BQDUMP  [02:0xb400007695266890] state=DEQUEUED 0xb4000076b54babd0 frame=17751 [ 426x 240: 432,7F000001]
10-02 20:15:37.233  8170  8630 E BufferQueueProducer: BQDUMP  [02:0xb400007695266890] state=DEQUEUED 0xb4000076b54babd0 frame=17751 [ 426x 240: 432,7F000001]
10-02 20:15:37.233  8170  8630 E BufferQueueProducer: BQDUMP  [02:0xb400007695266890] state=DEQUEUED 0xb4000076b54babd0 frame=17751 [ 426x 240: 432,7F000001]
10-02 20:17:16.598  8170  8630 E BufferQueueProducer: BQDUMP  default-size=[426x240] default-format=4 BQDUMP  transform-hint=00 frame-counter=20751
10-02 20:17:16.598  8170  8630 E BufferQueueProducer: BQDUMP >[03:0xb4000076952a0670] state=ACQUIRED 0xb4000076b542f2d0 frame=20751 [ 426x 240: 432,7F000001]
10-02 20:17:16.633  8170  8630 E BufferQueueProducer: BQDUMP >[03:0xb4000076952a0670] state=ACQUIRED 0xb4000076b542f2d0 frame=20751 [ 426x 240: 432,7F000001]
10-02 20:17:16.767  8170  8630 E BufferQueueProducer: BQDUMP  [03:0xb4000076952a0670] state=DEQUEUED 0xb4000076b542f2d0 frame=20751 [ 426x 240: 432,7F000001]
10-02 20:17:16.900  8170  8630 E BufferQueueProducer: BQDUMP  [03:0xb4000076952a0670] state=DEQUEUED 0xb4000076b542f2d0 frame=20751 [ 426x 240: 432,7F000001]
10-02 20:17:17.001  8170  8630 E BufferQueueProducer: BQDUMP  [03:0xb4000076952a0670] state=DEQUEUED 0xb4000076b542f2d0 frame=20751 [ 426x 240: 432,7F000001]
10-02 20:17:17.266  8170  8630 E BufferQueueProducer: BQDUMP  [03:0xb4000076952a0670] state=DEQUEUED 0xb4000076b542f2d0 frame=20751 [ 426x 240: 432,7F000001]
10-02 20:17:17.401  8170  8630 E BufferQueueProducer: BQDUMP  [03:0xb4000076952a0670] state=DEQUEUED 0xb4000076b542f2d0 frame=20751 [ 426x 240: 432,7F000001]
10-02 20:17:17.600  8170  8630 E BufferQueueProducer: BQDUMP  [03:0xb4000076952a0670] state=DEQUEUED 0xb4000076b542f2d0 frame=20751 [ 426x 240: 432,7F000001]
10-02 20:18:00.751  8170  8630 E BufferQueueProducer: [SurfaceView[com.google.android.youtube/com.google.android.apps.youtube.app.watchwhile.WatchWhileActivity]#73(BLAST Consumer)73](id:1fea00000080,api:3,p:8170,c:8170) waitForFreeSlotThenRelock TIMED_OUT 0
10-02 20:18:49.229   751   751 E AudioALSAStreamManager: setScreenState, mStreamInVector[0]->getInputFlags() = 0x0
10-02 20:19:36.284   751 26454 E AudioALSAPlaybackHandlerNormal: open_audiodsp_preset() Preset file can't be opened
10-02 20:19:36.284   751 26454 E AudioALSAPlaybackHandlerNormal: open_audiodsp() Could not load the preset file, it might be sktv3 algo, return here.
10-02 20:19:36.284   751 26454 E AudioALSAPlaybackHandlerNormal: open() Could not open audioDSP lib
10-02 20:19:58.751   778   858 I mtkpower@impl: [powerd_req] TIMER_MSG_PERF_LOCK_TIMEOUT hdl:14374
10-02 20:19:58.751   778   858 I libPowerHal: [perfLockRel] hdl:14374, idx:0
10-02 20:20:13.386   751 26454 E AudioALSAPlaybackHandlerNormal: open_audiodsp_preset() Preset file can't be opened
10-02 20:20:13.386   751 26454 E AudioALSAPlaybackHandlerNormal: open_audiodsp() Could not load the preset file, it might be sktv3 algo, return here.
10-02 20:20:13.386   751 26454 E AudioALSAPlaybackHandlerNormal: open() Could not open audioDSP lib
10-02 20:20:17.751 12748 12814 E nightwatch-target: /proc/zoneinfo open: errno=13
10-02 20:20:17.751 12748 12814 E nightwatch-target: sysmeminfo parse failed
10-02 20:21:17.565 11717 12175 E BufferQueueProducer: BQDUMP  [01:0xb40000769527bc50] state=DEQUEUED 0xb4000076b52c4290 frame=1751 [ 640x 360: 640,7F000001]
10-02 20:21:17.565 11717 12175 E BufferQueueProducer: BQDUMP  [01:0xb40000769527bc50] state=DEQUEUED 0xb4000076b52c4290 frame=1751 [ 640x 360: 640,7F000001]
10-02 20:22:07.179   751 10457 E AudioALSAPlaybackHandlerNormal: open_audiodsp_preset() Preset file can't be opened
10-02 20:22:07.179   751 10457 E AudioALSAPlaybackHandlerNormal: open_audiodsp() Could not load the preset file, it might be sktv3 algo, return here.
10-02 20:22:07.179   751 10457 E AudioALSAPlaybackHandlerNormal: open() Could not open audioDSP lib
10-02 20:22:12.867   751 11644 W AudioALSACaptureDataProviderNormal: readThread, latency_in_s,0.000001,0.039721,0.000052, totalTime 0.039774 > logTimeout 0.022000 TIMEOUT!!
10-02 20:22:12.907   751 11644 W AudioALSACaptureDataProviderNormal: readThread, latency_in_s,0.000001,0.039538,0.000043, totalTime 0.039581 > logTimeout 0.022000 TIMEOUT!!
10-02 20:22:12.947   751 11644 W AudioALSACaptureDataProviderNormal: readThread, latency_in_s,0.000001,0.039646,0.000045, totalTime 0.039691 > logTimeout 0.022000 TIMEOUT!!
