10-01 23:17:50.751   486   486 D vold    : Installed fscrypt key with ref 768a51583c6e1f7dbc3cd24a25b86779 to /data
10-01 23:17:50.751   486   486 D vold    : Added fscrypt-provisioning key for 768a51583c6e1f7dbc3cd24a25b86779 to session keyring
10-01 23:18:21.751  1668  1668 I PackageManager: /product/priv-app/GoogleOneTimeInitializer changed; collecting certs (forced)
10-01 23:18:22.751  1668  1668 I PackageManager: /system/system_ext/priv-app/CarrierConfig changed; collecting certs (forced)
10-01 23:19:01.751  1668  1668 D SystemServer: AttentionService is not configured on this device
10-01 23:19:01.751  1668  1668 D SystemServer: RotationResolverService is not configured on this device
10-01 23:19:01.751  1668  1668 D SystemServer: SystemCaptionsManagerService disabled because resource is not overlaid
10-01 23:19:01.751  1668  1668 I SystemServerTiming: StartTextToSpeechManagerService
10-01 23:19:01.751  1668  1668 I SystemServiceManager: Starting com.android.server.texttospeech.TextToSpeechManagerService
10-01 23:19:04.751  1668  1668 I SystemServerTiming: StartFingerprintSensor
10-01 23:19:04.751  1668  1668 I SystemServiceManager: Starting com.android.server.biometrics.sensors.fingerprint.FingerprintService
10-01 23:19:09.932  1668  1751 V _V_VivoPermManagerImpl: begin to writeSystemFixedPermission, userId: 0
10-01 23:19:10.236  1668  1751 V _V_VivoPermManagerImpl: begin to writeSystemFixedPermission, userId: 10
10-01 23:19:10.428  1668  1751 V _V_VivoPermManagerImpl: begin to writeSystemFixedPermission, userId: 11
10-01 23:19:10.580  1668  1751 V _V_VivoPermManagerImpl: begin to writeSystemFixedPermission, userId: 999
10-01 23:19:13.751  1668  1668 I _V_VivoSystemServer: StartANRManager
10-01 23:19:13.751  1668  1818 I SystemServerTimingAsync: InitThreadPoolExec:WebViewFactoryPreparation
10-01 23:19:13.751  1668  1818 I SystemServer: WebViewFactoryPreparation
10-01 23:19:13.751  1668  1818 I SystemServerTimingAsync: WebViewFactoryPreparation
10-01 23:19:18.751  1668  2316 D VgcUtil : getFile name :theme_dir_path not exit in vgc_path_config.xml
10-01 23:19:20.751  1668  1964 D VgcUtil : getFile name :theme_dir_path not exit in vgc_path_config.xml
10-01 23:19:20.858  1668  1751 V _V_VivoPermManagerImpl: begin verifySystemFixedPermission, userId = 0
10-01 23:19:27.751  1668  1705 D VgcUtil : getFile name :theme_dir_path not exit in vgc_path_config.xml
10-01 23:19:29.751  3053  3423 D _V_ANRMonitor:     at com.android.launcher3.util.ConfigMonitor.<init>(Unknown Source:96)
10-01 23:19:29.751  3053  3423 D _V_ANRMonitor:     at com.android.launcher3.InvariantDeviceProfile.<init>(Unknown Source:45)
10-01 23:19:29.751  3053  3423 D _V_ANRMonitor:     at com.android.launcher3.InvariantDeviceProfile.lambda$2ne4gU8MrKko0odxr9TWY6PNL2M(Unknown Source:2)
10-01 23:19:29.751  3053  3423 D _V_ANRMonitor:     at com.android.launcher3.-$$Lambda$InvariantDeviceProfile$2ne4gU8MrKko0odxr9TWY6PNL2M.get(Unknown Source:0)
10-01 23:19:29.751  3053  3423 D _V_ANRMonitor:     at com.android.launcher3.util.MainThreadInitializedObject.get(Unknown Source:20)
10-01 23:19:29.751  3053  3423 D _V_ANRMonitor:     at com.android.launcher3.Launcher.createDeviceProfile(Unknown Source:2)
10-01 23:19:29.751  3053  3423 D _V_ANRMonitor:     at com.android.launcher3.Launcher.initDeviceProfile(Unknown Source:0)
10-01 23:19:29.751  3053  3423 D _V_ANRMonitor:     at com.android.launcher3.Launcher.onCreate(Unknown Source:96)
10-01 23:19:29.751  3053  3423 D _V_ANRMonitor:     at android.app.Activity.performCreate(Activity.java:8369)
10-01 23:19:29.751  3053  3423 D _V_ANRMonitor:     at android.app.Activity.performCreate(Activity.java:8347)
10-01 23:19:29.751  3053  3423 D _V_ANRMonitor:     at android.app.Instrumentation.callActivityOnCreate(Instrumentation.java:1379)
10-01 23:19:29.751  3053  3423 D _V_ANRMonitor:     at android.app.ActivityThread.performLaunchActivity(ActivityThread.java:3912)
10-01 23:19:29.751  3053  3423 D _V_ANRMonitor:     at android.app.ActivityThread.handleLaunchActivity(ActivityThread.java:4096)
10-01 23:19:33.781  1668  1715 W ActivityManager: Slow operation: 751ms so far, now at startProcess: returned from zygote!
10-01 23:19:43.151  1668  4680 E ActivityManager:     0.3% 1751/PackageManager: 0.3% user + 0% kernel
10-01 23:19:43.151  1668  4680 E ActivityManager:   0% 751/android.hardware.audio.service.mediatek: 0% user + 0% kernel / faults: 123 minor 6 major
10-01 23:19:44.938  1668  2103 I _V_VivoLocalDisplayAdapter: setLcmBacklight lcmFloat = 0.67513436; setBrightness = 1382, mPhysicalDisplayId = 0, mSupportSmoothBrightness = false
10-01 23:19:44.938  1668  2103 I _V_VivoLightsService: lcmFloat = 0.67513436; setBrightness = 1382
10-01 23:19:50.586  1668  2103 I _V_VivoLocalDisplayAdapter: setLcmBacklight lcmFloat = 0.63751835; setBrightness = 1305, mPhysicalDisplayId = 0, mSupportSmoothBrightness = false
10-01 23:19:50.586  1668  2103 I _V_VivoLightsService: lcmFloat = 0.63751835; setBrightness = 1305
10-01 23:19:50.751  1668  3213 D CompatibilityChangeReporter: Compat change id reported: 135634846; UID 10089; state: DISABLED
10-01 23:19:50.751  1668  3213 D CompatibilityChangeReporter: Compat change id reported: 177438394; UID 10089; state: DISABLED
10-01 23:19:50.751  1668  3213 D CompatibilityChangeReporter: Compat change id reported: 135772972; UID 10089; state: DISABLED
10-01 23:19:50.751  1668  3213 D CompatibilityChangeReporter: Compat change id reported: 135754954; UID 10089; state: ENABLED
10-01 23:19:55.510  1668  1705 E DevicePolicyManager: 	at android.app.LoadedApk$ReceiverDispatcher$Args.lambda$getRunnable$0$LoadedApk$ReceiverDispatcher$Args(LoadedApk.java:1751)
10-01 23:19:56.543  1668  1705 E DevicePolicyManager: 	at android.app.LoadedApk$ReceiverDispatcher$Args.lambda$getRunnable$0$LoadedApk$ReceiverDispatcher$Args(LoadedApk.java:1751)
10-01 23:19:56.751  1668  1693 D DeviceIdleController: Adding AppId 10000 to temp whitelist. New entry: true
10-01 23:19:56.751  1668  1693 D DeviceIdleController: postTempActiveTimeoutMessage: uid=10000, delay=20000
10-01 23:19:56.751  1668  1693 D DeviceIdleController: Setting activity manager temp whitelist to [1000, 10000, 10089, 10188]
10-01 23:19:56.751  1668  1668 V SettingsProvider: Notifying for 0: content://settings/system/vivo_lcm_brightness
10-01 23:20:01.712  1668  6047 E ActivityManager:   22% 5172/com.whatsapp: 18% user + 4.1% kernel / faults: 7517 minor 5 major
10-01 23:20:01.712  1668  6047 E ActivityManager:   1% 751/android.hardware.audio.service.mediatek: 0% user + 1% kernel / faults: 1201 minor
10-01 23:20:09.868  1668  6466 E ActivityManager:   7.7% 751/android.hardware.audio.service.mediatek: 0% user + 7.7% kernel / faults: 5 minor
10-01 23:20:12.532  1668  6466 E ActivityManager:   7.7% 751/android.hardware.audio.service.mediatek: 0% user + 7.7% kernel
10-01 23:20:26.621  1668  7912 E ActivityManager:    +0% 7510/Timer-8: 0% user + 0% kernel
10-01 23:20:26.621  1668  7912 E ActivityManager:   6.5% 751/android.hardware.audio.service.mediatek: 0% user + 6.5% kernel
10-01 23:20:26.621  1668  7912 E ActivityManager:  +0% 7517/com.google.android.webview:webview_service: 0% user + 0% kernel
10-01 23:20:31.751  1668  1798 D VgcUtil : getFile name :theme_dir_path not exit in vgc_path_config.xml
10-01 23:20:32.283  1668  7912 E ActivityManager:   7.2% 751/android.hardware.audio.service.mediatek: 0% user + 7.2% kernel
10-01 23:20:36.874  1668  8589 E ActivityManager:   7% 751/android.hardware.audio.service.mediatek: 0% user + 7% kernel
10-02 08:29:58.165  1185  1185 E wificond: vivo add tx_good 48093 tx_bad 2 rx_good 57510 tx_retry 7358 tx_retry_times 0
10-02 08:30:19.290  1185  1185 E wificond: vivo add tx_good 50289 tx_bad 2 rx_good 59843 tx_retry 7515 tx_retry_times 0
10-02 08:31:31.751  1185  1185 E wificond: vivo add tx_good 52402 tx_bad 2 rx_good 62177 tx_retry 7883 tx_retry_times 0
10-02 08:36:48.959  1185  1185 E wificond: vivo add tx_good 65751 tx_bad 2 rx_good 77830 tx_retry 10925 tx_retry_times 0
10-02 08:53:43.838  1185  1185 E wificond: vivo add tx_good 101115 tx_bad 2 rx_good 119751 tx_retry 12221 tx_retry_times 0
10-02 08:58:27.753  1185  1185 E wificond: vivo add tx_good 107518 tx_bad 2 rx_good 127724 tx_retry 12258 tx_retry_times 0
10-02 09:02:47.751  1185  1185 E wificond: vivo add tx_good 111573 tx_bad 2 rx_good 135497 tx_retry 12291 tx_retry_times 0
10-02 09:06:55.751  1185  1185 E wificond: Failed to get NL80211_STA_INFO_AIRTIME_LINK_METRIC as txretrytimes
10-02 09:06:55.751  1185  1185 E wificond: vivo add tx_good 112073 tx_bad 2 rx_good 135888 tx_retry 12299 tx_retry_times 0
10-02 14:38:32.751  1668  4440 D _V_VivoPowerManagerService: button light 0 222 trun off
10-02 14:41:26.751  1668  4434 D _V_VivoPowerManagerService: button light 0 222 trun off
10-02 17:28:38.751  2603 18998 E ActivityThread: Failed to find provider info for com.bbk.iqoo.logsystemes
10-02 18:50:55.467  1145 16325 D TableOfContentThread: ~TableOfContentThread 0xb400007943575110!
10-02 18:50:55.472  1145 16325 D TableOfContentThread: stopTOCThread 0xb400007943575110
10-02 18:50:56.751  1668  3726 D _V_VivoPowerManagerService: button light 0 111 trun off
10-02 18:53:51.770  1185  1185 E wificond: vivo add tx_good 10713 tx_bad 0 rx_good 23042 tx_retry 2751 tx_retry_times 0
10-02 19:06:50.953  8170  8630 E BufferQueueProducer: BQDUMP  [00:0xb4000076952970d0] state=DEQUEUED 0xb4000076b5313ad0 frame=751 [ 480x 854: 480,7F000001]
10-02 19:06:50.953  8170  8630 E BufferQueueProducer: BQDUMP  [00:0xb4000076952970d0] state=DEQUEUED 0xb4000076b5313ad0 frame=751 [ 480x 854: 480,7F000001]
10-02 19:06:51.019  8170  8630 E BufferQueueProducer: BQDUMP  [00:0xb4000076952970d0] state=DEQUEUED 0xb4000076b5313ad0 frame=751 [ 480x 854: 480,7F000001]
10-02 19:06:51.019  8170  8630 E BufferQueueProducer: BQDUMP  [00:0xb4000076952970d0] state=DEQUEUED 0xb4000076b5313ad0 frame=751 [ 480x 854: 480,7F000001]
10-02 19:06:51.086  8170  8630 E BufferQueueProducer: BQDUMP  [00:0xb4000076952970d0] state=DEQUEUED 0xb4000076b5313ad0 frame=751 [ 480x 854: 480,7F000001]
10-02 19:06:51.086  8170  8630 E BufferQueueProducer: BQDUMP  [00:0xb4000076952970d0] state=DEQUEUED 0xb4000076b5313ad0 frame=751 [ 480x 854: 480,7F000001]
10-02 19:06:51.120  8170  8630 E BufferQueueProducer: BQDUMP  [00:0xb4000076952970d0] state=DEQUEUED 0xb4000076b5313ad0 frame=751 [ 480x 854: 480,7F000001]
10-02 19:06:51.120  8170  8630 E BufferQueueProducer: BQDUMP  [00:0xb4000076952970d0] state=DEQUEUED 0xb4000076b5313ad0 frame=751 [ 480x 854: 480,7F000001]
10-02 19:06:51.351  8170  8630 E BufferQueueProducer: BQDUMP  [00:0xb4000076952970d0] state=DEQUEUED 0xb4000076b5313ad0 frame=751 [ 480x 854: 480,7F000001]
10-02 19:06:51.351  8170  8630 E BufferQueueProducer: BQDUMP  [00:0xb4000076952970d0] state=DEQUEUED 0xb4000076b5313ad0 frame=751 [ 480x 854: 480,7F000001]
10-02 19:06:52.751  8170  8630 E BufferQueueProducer: BQDUMP- BufferQueue mMaxAcquiredBufferCount=2 mMaxDequeuedBufferCount=32
10-02 19:06:52.751  8170  8630 E BufferQueueProducer: BQDUMP  mDequeueBufferCannotBlock=0 mAsyncMode=0
10-02 19:06:52.751  8170  8630 E BufferQueueProducer: BQDUMP  mQueueBufferCanDrop=0 mLegacyBufferDrop=1
10-02 19:06:52.751  8170  8630 E BufferQueueProducer: BQDUMP  default-size=[480x854] default-format=4 BQDUMP  transform-hint=00 frame-counter=818
10-02 19:06:52.751  8170  8630 E BufferQueueProducer: BQDUMP  mTransformHintInUse=00 mAutoPrerotation=0
10-02 19:06:52.751  8170  8630 E BufferQueueProducer: BQDUMPFIFO(0):
10-02 19:06:52.751  8170  8630 E BufferQueueProducer: BQDUMP(mConsumerName=SurfaceView[com.google.android.youtube/com.google.android.apps.youtube.app.watchwhile.WatchWhileActivity]#23(BLAST Consumer)23, mConnectedApi=3, mConsumerUsageBits=2304, mId=1fea00000023, producer=[8170:com.google.android.youtube], consumer=[8170:com.google.android.youtube])
10-02 19:06:52.751  8170  8630 E BufferQueueProducer: BQDUMPSlots:
10-02 19:06:52.751  8170  8630 E BufferQueueProducer: BQDUMP  [00:0xb4000076952970d0] state=DEQUEUED 0xb4000076b5313ad0 frame=814 [ 480x 854: 480,7F000001]
10-02 19:06:52.751  8170  8630 E BufferQueueProducer: BQDUMP  [01:0xb4000076952c0bf0] state=DEQUEUED 0xb4000076b5299110 frame=807 [ 480x 854: 480,7F000001]
10-02 19:06:52.751  8170  8630 E BufferQueueProducer: BQDUMP  [02:0xb4000076952c7d90] state=DEQUEUED 0xb4000076b5361c50 frame=815 [ 480x 854: 480,7F000001]
10-02 19:06:52.751  8170  8630 E BufferQueueProducer: BQDUMP  [03:0xb4000076952b3e10] state=DEQUEUED 0xb4000076b535e610 frame=794 [ 
10-02 19:06:52.751  8170  8630 E BufferQueueProducer: Slots:
10-02 19:06:52.751  8170  8630 E BufferQueueProducer: BQDUMP  [00:0xb4000076952970d0] state=DEQUEUED 0xb4000076b5313ad0 frame=814 [ 480x 854: 480,7F000001]
10-02 19:06:52.751  8170  8630 E BufferQueueProducer: BQDUMP  [01:0xb4000076952c0bf0] state=DEQUEUED 0xb4000076b5299110 frame=807 [ 480x 854: 480,7F000001]
10-02 19:06:52.751  8170  8630 E BufferQueueProducer: BQDUMP  [02:0xb4000076952c7d90] state=DEQUEUED 0xb4000076b5361c50 frame=815 [ 480x 854: 480,7F000001]
10-02 19:06:52.751  8170  8630 E BufferQueueProducer: BQDUMP  [03:0xb4000076952b3e10] state=DEQUEUED 0xb4000076b535e610 frame=794 [ 480x 854: 480,7F000001]
10-02 19:06:52.751  8170  8630 E BufferQueueProducer: BQDUMP  [04:0xb400007695279a90] state=DEQUEUED 0xb4000076b530a0d0 frame=806 [ 480x 854: 480,7F000001]
10-02 19:06:52.751  8170  8630 E BufferQueueProducer: BQDUMP  [05:0xb4000076952beb50] state=DEQUEUED 0xb4000076b531c890 frame=781 [ 480x 854: 480,7F000001]
10-02 19:06:52.751  8170  8630 E BufferQueueProducer: BQDUMP  [06:0xb4000076952bf9f0] state=DEQUEUED 0xb4000076b5337390 frame=798 [ 480x 854: 480,7F000001]
10-02 19:06:52.751  8170  8630 E BufferQueueProducer: BQDUMP  [07:0xb400007695239530] state=DEQUEUED 0xb4000076b534c390 frame=812 [ 480x 854: 480,7F000001]
10-02 19:06:52.751  8170  8630 E BufferQueueProducer: BQDUMP  [08:0xb4000076952c75b0] state=DEQUEUED 0xb4000076b532e790 frame=790 [ 480x 854: 480,7F000001]
10-02 19:06:52.751  8170  8630 E BufferQueueProducer: BQDUMP  [09:0xb4000076952ca970] state=DEQUEUED 0xb4000076b5305590 frame=799 [ 480x 854: 480,7F0000
10-02 19:07:09.933   751 26454 E AudioALSAPlaybackHandlerNormal: open_audiodsp_preset() Preset file can't be opened
10-02 19:07:09.933   751 26454 E AudioALSAPlaybackHandlerNormal: open_audiodsp() Could not load the preset file, it might be sktv3 algo, return here.
10-02 19:07:09.933   751 26454 E AudioALSAPlaybackHandlerNormal: open() Could not open audioDSP lib
10-02 19:07:13.326  8726  8751 E PhoneInterfaceManager: [PhoneIntfMgr] getCarrierPrivilegeStatusForUid: No UICC
10-02 19:07:25.810   751 10457 E AudioALSAPlaybackHandlerNormal: open_audiodsp_preset() Preset file can't be opened
10-02 19:07:25.810   751 10457 E AudioALSAPlaybackHandlerNormal: open_audiodsp() Could not load the preset file, it might be sktv3 algo, return here.
10-02 19:07:25.810   751 10457 E AudioALSAPlaybackHandlerNormal: open() Could not open audioDSP lib
10-02 19:07:35.698   751 26454 E AudioALSAPlaybackHandlerNormal: open_audiodsp_preset() Preset file can't be opened
10-02 19:07:35.698   751 26454 E AudioALSAPlaybackHandlerNormal: open_audiodsp() Could not load the preset file, it might be sktv3 algo, return here.
10-02 19:07:35.698   751 26454 E AudioALSAPlaybackHandlerNormal: open() Could not open audioDSP lib
10-02 19:07:45.649   751 26454 E AudioALSAPlaybackHandlerNormal: open_audiodsp_preset() Preset file can't be opened
10-02 19:07:45.649   751 26454 E AudioALSAPlaybackHandlerNormal: open_audiodsp() Could not load the preset file, it might be sktv3 algo, return here.
10-02 19:07:45.649   751 26454 E AudioALSAPlaybackHandlerNormal: open() Could not open audioDSP lib
10-02 19:08:01.032   751 26454 E AudioALSAPlaybackHandlerNormal: open_audiodsp_preset() Preset file can't be opened
10-02 19:08:01.032   751 26454 E AudioALSAPlaybackHandlerNormal: open_audiodsp() Could not load the preset file, it might be sktv3 algo, return here.
10-02 19:08:01.032   751 26454 E AudioALSAPlaybackHandlerNormal: open() Could not open audioDSP lib
10-02 19:08:26.915  8170  8630 E BufferQueueProducer: BQDUMP  [00:0xb4000076952b3ab0] state=DEQUEUED 0xb4000076b527fb10 frame=751 [ 480x 854: 480,7F000001]
10-02 19:08:26.915  8170  8630 E BufferQueueProducer: BQDUMP  [00:0xb4000076952b3ab0] state=DEQUEUED 0xb4000076b527fb10 frame=751 [ 480x 854: 480,7F000001]
10-02 19:08:27.019  8170  8630 E BufferQueueProducer: BQDUMP  [00:0xb4000076952b3ab0] state=DEQUEUED 0xb4000076b527fb10 frame=751 [ 480x 854: 480,7F000001]
10-02 19:08:27.019  8170  8630 E BufferQueueProducer: BQDUMP  [00:0xb4000076952b3ab0] state=DEQUEUED 0xb4000076b527fb10 frame=751 [ 480x 854: 480,7F000001]
10-02 19:08:27.120  8170  8630 E BufferQueueProducer: BQDUMP  [00:0xb4000076952b3ab0] state=DEQUEUED 0xb4000076b527fb10 frame=751 [ 480x 854: 480,7F000001]
10-02 19:08:27.120  8170  8630 E BufferQueueProducer: BQDUMP  [00:0xb4000076952b3ab0] state=DEQUEUED 0xb4000076b527fb10 frame=751 [ 480x 854: 480,7F000001]
10-02 19:08:45.177   751 26454 E AudioALSAPlaybackHandlerNormal: open_audiodsp_preset() Preset file can't be opened
10-02 19:08:45.177   751 26454 E AudioALSAPlaybackHandlerNormal: open_audiodsp() Could not load the preset file, it might be sktv3 algo, return here.
10-02 19:08:45.177   751 26454 E AudioALSAPlaybackHandlerNormal: open() Could not open audioDSP lib
10-02 19:09:26.641   751 26454 E AudioALSAPlaybackHandlerNormal: open_audiodsp_preset() Preset file can't be opened
10-02 19:09:26.641   751 26454 E AudioALSAPlaybackHandlerNormal: open_audiodsp() Could not load the preset file, it might be sktv3 algo, return here.
10-02 19:09:26.641   751 26454 E AudioALSAPlaybackHandlerNormal: open() Could not open audioDSP lib
10-02 19:09:29.940  8726  8751 E PhoneInterfaceManager: [PhoneIntfMgr] getCarrierPrivilegeStatusForUid: No UICC
10-02 19:09:33.889   751 26454 E AudioALSAPlaybackHandlerNormal: open_audiodsp_preset() Preset file can't be opened
10-02 19:09:33.889   751 26454 E AudioALSAPlaybackHandlerNormal: open_audiodsp() Could not load the preset file, it might be sktv3 algo, return here.
10-02 19:09:33.889   751 26454 E AudioALSAPlaybackHandlerNormal: open() Could not open audioDSP lib
10-02 19:09:51.399   751 26454 E AudioALSAPlaybackHandlerNormal: open_audiodsp_preset() Preset file can't be opened
10-02 19:09:51.399   751 26454 E AudioALSAPlaybackHandlerNormal: open_audiodsp() Could not load the preset file, it might be sktv3 algo, return here.
10-02 19:09:51.399   751 26454 E AudioALSAPlaybackHandlerNormal: open() Could not open audioDSP lib
10-02 19:10:22.458   751 26454 E AudioALSAPlaybackHandlerNormal: open_audiodsp_preset() Preset file can't be opened
10-02 19:10:22.458   751 26454 E AudioALSAPlaybackHandlerNormal: open_audiodsp() Could not load the preset file, it might be sktv3 algo, return here.
10-02 19:10:22.458   751 26454 E AudioALSAPlaybackHandlerNormal: open() Could not open audioDSP lib
10-02 19:12:05.522   751 26454 E AudioALSAPlaybackHandlerNormal: open_audiodsp_preset() Preset file can't be opened
10-02 19:12:05.522   751 26454 E AudioALSAPlaybackHandlerNormal: open_audiodsp() Could not load the preset file, it might be sktv3 algo, return here.
10-02 19:12:05.522   751 26454 E AudioALSAPlaybackHandlerNormal: open() Could not open audioDSP lib
10-02 19:12:20.986   751 26454 E AudioALSAPlaybackHandlerNormal: open_audiodsp_preset() Preset file can't be opened
10-02 19:12:20.986   751 26454 E AudioALSAPlaybackHandlerNormal: open_audiodsp() Could not load the preset file, it might be sktv3 algo, return here.
10-02 19:12:20.986   751 26454 E AudioALSAPlaybackHandlerNormal: open() Could not open audioDSP lib
10-02 19:12:35.509  8726  8751 E PhoneInterfaceManager: [PhoneIntfMgr] getCarrierPrivilegeStatusForUid: No UICC
10-02 19:12:37.177   751 26454 E AudioALSAPlaybackHandlerNormal: open_audiodsp_preset() Preset file can't be opened
10-02 19:12:37.177   751 26454 E AudioALSAPlaybackHandlerNormal: open_audiodsp() Could not load the preset file, it might be sktv3 algo, return here.
10-02 19:12:37.177   751 26454 E AudioALSAPlaybackHandlerNormal: open() Could not open audioDSP lib
10-02 19:12:37.572  8726  8751 E PhoneInterfaceManager: [PhoneIntfMgr] getCarrierPrivilegeStatusForUid: No UICC
10-02 19:12:48.386   751 26454 E AudioALSAPlaybackHandlerNormal: open_audiodsp_preset() Preset file can't be opened
10-02 19:12:48.386   751 26454 E AudioALSAPlaybackHandlerNormal: open_audiodsp() Could not load the preset file, it might be sktv3 algo, return here.
10-02 19:12:48.386   751 26454 E AudioALSAPlaybackHandlerNormal: open() Could not open audioDSP lib
10-02 19:12:51.751  8170  8630 E BufferQueueProducer: [SurfaceView[com.google.android.youtube/com.google.android.apps.youtube.app.watchwhile.WatchWhileActivity]#35(BLAST Consumer)35](id:1fea0000003b,api:3,p:8170,c:8170) waitForFreeSlotThenRelock TIMED_OUT 0
10-02 19:12:55.628   751 26454 E AudioALSAPlaybackHandlerNormal: open_audiodsp_preset() Preset file can't be opened
10-02 19:12:55.628   751 26454 E AudioALSAPlaybackHandlerNormal: open_audiodsp() Could not load the preset file, it might be sktv3 algo, return here.
10-02 19:12:55.628   751 26454 E AudioALSAPlaybackHandlerNormal: open() Could not open audioDSP lib
10-02 19:12:58.003   751 26454 E AudioALSAPlaybackHandlerNormal: open_audiodsp_preset() Preset file can't be opened
10-02 19:12:58.003   751 26454 E AudioALSAPlaybackHandlerNormal: open_audiodsp() Could not load the preset file, it might be sktv3 algo, return here.
10-02 19:12:58.003   751 26454 E AudioALSAPlaybackHandlerNormal: open() Could not open audioDSP lib
10-02 19:13:33.725   751 26454 E AudioALSAPlaybackHandlerNormal: open_audiodsp_preset() Preset file can't be opened
10-02 19:13:33.725   751 26454 E AudioALSAPlaybackHandlerNormal: open_audiodsp() Could not load the preset file, it might be sktv3 algo, return here.
10-02 19:13:33.725   751 26454 E AudioALSAPlaybackHandlerNormal: open() Could not open audioDSP lib
10-02 19:14:06.632   751 26454 E AudioALSAPlaybackHandlerNormal: open_audiodsp_preset() Preset file can't be opened
10-02 19:14:06.633   751 26454 E AudioALSAPlaybackHandlerNormal: open_audiodsp() Could not load the preset file, it might be sktv3 algo, return here.
10-02 19:14:06.633   751 26454 E AudioALSAPlaybackHandlerNormal: open() Could not open audioDSP lib
10-02 19:14:33.751  8170  8630 E BufferQueueProducer: [SurfaceView[com.google.android.youtube/com.google.android.apps.youtube.app.watchwhile.WatchWhileActivity]#40(BLAST Consumer)40](id:1fea00000045,api:3,p:8170,c:8170) waitForFreeSlotThenRelock TIMED_OUT 0
10-02 19:14:38.243   751 26454 E AudioALSAPlaybackHandlerNormal: open_audiodsp_preset() Preset file can't be opened
10-02 19:14:38.243   751 26454 E AudioALSAPlaybackHandlerNormal: open_audiodsp() Could not load the preset file, it might be sktv3 algo, return here.
10-02 19:14:38.243   751 26454 E AudioALSAPlaybackHandlerNormal: open() Could not open audioDSP lib
10-02 19:14:38.329   751 26454 E AudioALSAPlaybackHandlerBase: -getHardwareBufferInfo(), pcm_get_htimestamp fail, ret = -1, pcm_get_error =  flag = 0x8
10-02 19:15:04.353   751 27131 W AudioALSACaptureDataProviderNormal: readThread, latency_in_s,0.000001,0.039724,0.000043, totalTime 0.039768 > logTimeout 0.022000 TIMEOUT!!
10-02 19:15:04.393   751 27131 W AudioALSACaptureDataProviderNormal: readThread, latency_in_s,0.000002,0.039534,0.000048, totalTime 0.039584 > logTimeout 0.022000 TIMEOUT!!
10-02 19:15:04.433   751 27131 W AudioALSACaptureDataProviderNormal: readThread, latency_in_s,0.000001,0.039676,0.000044, totalTime 0.039721 > logTimeout 0.022000 TIMEOUT!!
10-02 19:15:04.473   751 27131 W AudioALSACaptureDataProviderNormal: readThread, latency_in_s,0.000002,0.039675,0.000049, totalTime 0.039726 > logTimeout 0.022000 TIMEOUT!!
10-02 19:15:04.513   751 27131 W AudioALSACaptureDataProviderNormal: readThread, latency_in_s,0.000001,0.039640,0.000046, totalTime 0.039687 > logTimeout 0.022000 TIMEOUT!!
10-02 19:15:04.553   751 27131 W AudioALSACaptureDataProviderNormal: readThread, latency_in_s,0.000001,0.039625,0.000045, totalTime 0.039671 > logTimeout 0.022000 TIMEOUT!!
10-02 19:15:04.593   751 27131 W AudioALSACaptureDataProviderNormal: readThread, latency_in_s,0.000001,0.039817,0.000102, totalTime 0.039920 > logTimeout 0.022000 TIMEOUT!!
10-02 19:15:04.633   751 27131 W AudioALSACaptureDataProviderNormal: readThread, latency_in_s,0.000001,0.039507,0.000048, totalTime 0.039555 > logTimeout 0.022000 TIMEOUT!!
10-02 19:15:04.673   751 27131 W AudioALSACaptureDataProviderNormal: readThread, latency_in_s,0.000001,0.039691,0.000052, totalTime 0.039744 > logTimeout 0.022000 TIMEOUT!!
10-02 19:15:04.753   751 27131 W AudioALSACaptureDataProviderNormal: readThread, latency_in_s,0.000003,0.039546,0.000116, totalTime 0.039666 > logTimeout 0.022000 TIMEOUT!!
10-02 19:15:04.793   751 27131 W AudioALSACaptureDataProviderNormal: readThread, latency_in_s,0.000002,0.039606,0.000086, totalTime 0.039694 > logTimeout 0.022000 TIMEOUT!!
10-02 19:15:04.833   751 27131 W AudioALSACaptureDataProviderNormal: readThread, latency_in_s,0.000002,0.039584,0.000103, totalTime 0.039688 > logTimeout 0.022000 TIMEOUT!!
10-02 19:15:04.953   751 27131 W AudioALSACaptureDataProviderNormal: readThread, latency_in_s,0.000002,0.039739,0.000221, totalTime 0.039963 > logTimeout 0.022000 TIMEOUT!!
10-02 19:15:05.013   751 27131 W AudioALSACaptureDataProviderNormal: readThread, latency_in_s,0.000003,0.039829,0.000077, totalTime 0.039909 > logTimeout 0.022000 TIMEOUT!!
10-02 19:15:05.053   751 27131 W AudioALSACaptureDataProviderNormal: readThread, latency_in_s,0.000002,0.039547,0.000097, totalTime 0.039645 > logTimeout 0.022000 TIMEOUT!!
10-02 19:15:05.153   751 27131 W AudioALSACaptureDataProviderNormal: readThread, latency_in_s,0.000002,0.039656,0.000088, totalTime 0.039747 > logTimeout 0.022000 TIMEOUT!!
10-02 19:15:05.193   751 27131 W AudioALSACaptureDataProviderNormal: readThread, latency_in_s,0.000002,0.039271,0.000055, totalTime 0.039329 > logTimeout 0.022000 TIMEOUT!!
10-02 19:15:05.253   751 27131 W AudioALSACaptureDataProviderNormal: readThread, latency_in_s,0.000003,0.040007,0.000053, totalTime 0.040064 > logTimeout 0.022000 TIMEOUT!!
10-02 19:15:05.293   751 27131 W AudioALSACaptureDataProviderNormal: readThread, latency_in_s,0.000002,0.039437,0.000179, totalTime 0.039617 > logTimeout 0.022000 TIMEOUT!!
10-02 19:15:05.314   751 27130 D _V_vafx_muteframedetect: AudioHwIn session 0, curMuteFrame 0 ms, totalMuteFrame 0 ms, normalFrame 917520 ms
10-02 19:15:05.346   751 26454 D _V_vafx_muteframedetect: AudioHwOut session 8, curMuteFrame 0 ms, totalMuteFrame 619349 ms, normalFrame 6840618 ms
10-02 19:15:05.433   751 27131 W AudioALSACaptureDataProviderNormal: readThread, latency_in_s,0.000002,0.039746,0.000096, totalTime 0.039844 > logTimeout 0.022000 TIMEOUT!!
10-02 19:15:05.553   751 27131 W AudioALSACaptureDataProviderNormal: readThread, latency_in_s,0.000003,0.039652,0.000079, totalTime 0.039734 > logTimeout 0.022000 TIMEOUT!!
10-02 19:15:10.274  2580  2748 E _V_SysProcFs: SysProcFsDataItem{extype=2020,path=smaps,group=g0,uid=10186,abi=64,threadName=lowpool[120],threadId=30868,cmdline=com.google.android.gms.persistent,pid=19779,bufferSize=4096,op=show_smap,readSize=2097152,index=3101,otime=1664712910268,createTime=19827518,times=1}
10-02 19:15:29.298   751 26454 E AudioALSAPlaybackHandlerNormal: open_audiodsp_preset() Preset file can't be opened
10-02 19:15:29.298   751 26454 E AudioALSAPlaybackHandlerNormal: open_audiodsp() Could not load the preset file, it might be sktv3 algo, return here.
10-02 19:15:29.298   751 26454 E AudioALSAPlaybackHandlerNormal: open() Could not open audioDSP lib
10-02 19:15:42.380   751 26454 E AudioALSAPlaybackHandlerNormal: open_audiodsp_preset() Preset file can't be opened
10-02 19:15:42.380   751 26454 E AudioALSAPlaybackHandlerNormal: open_audiodsp() Could not load the preset file, it might be sktv3 algo, return here.
10-02 19:15:42.380   751 26454 E AudioALSAPlaybackHandlerNormal: open() Could not open audioDSP lib
10-02 19:15:48.567   751 26454 E AudioALSAPlaybackHandlerNormal: open_audiodsp_preset() Preset file can't be opened
10-02 19:15:48.567   751 26454 E AudioALSAPlaybackHandlerNormal: open_audiodsp() Could not load the preset file, it might be sktv3 algo, return here.
10-02 19:15:48.567   751 26454 E AudioALSAPlaybackHandlerNormal: open() Could not open audioDSP lib
10-02 19:16:14.542  8170  8630 E BufferQueueProducer: BQDUMP  default-size=[426x240] default-format=4 BQDUMP  transform-hint=00 frame-counter=751
10-02 19:16:24.608   751 26454 E AudioALSAPlaybackHandlerNormal: open_audiodsp_preset() Preset file can't be opened
10-02 19:16:24.608   751 26454 E AudioALSAPlaybackHandlerNormal: open_audiodsp() Could not load the preset file, it might be sktv3 algo, return here.
10-02 19:16:24.608   751 26454 E AudioALSAPlaybackHandlerNormal: open() Could not open audioDSP lib
10-02 19:16:47.751  8170  8630 E BufferQueueProducer: [SurfaceView[com.google.android.youtube/com.google.android.apps.youtube.app.watchwhile.WatchWhileActivity]#47(BLAST Consumer)47](id:1fea00000053,api:3,p:8170,c:8170) waitForFreeSlotThenRelock TIMED_OUT 0
10-02 19:16:53.303   778   858 I libPowerHal: [perfLockAcq] idx:3 hdl:12751 hint:1173 pid:824 duration:0 lock_user:vperf@1.0-servi => ret_hdl:12751
10-02 19:16:53.955   824   824 I mtkpower_client: perf_lock_rel, hdl:12751, tid:824
10-02 19:16:53.956   778   858 I libPowerHal: [perfLockRel] hdl:12751, idx:3
10-02 19:17:02.042   751 26454 E AudioALSAPlaybackHandlerNormal: open_audiodsp_preset() Preset file can't be opened
10-02 19:17:02.042   751 26454 E AudioALSAPlaybackHandlerNormal: open_audiodsp() Could not load the preset file, it might be sktv3 algo, return here.
10-02 19:17:02.042   751 26454 E AudioALSAPlaybackHandlerNormal: open() Could not open audioDSP lib
10-02 19:17:27.923  8170  8630 E BufferQueueProducer: BQDUMP  [04:0xb400007695258f70] state=DEQUEUED 0xb4000076b5406450 frame=751 [ 426x 240: 432,7F000001]
10-02 19:17:28.693  8170  8630 E BufferQueueProducer: BQDUMP  [04:0xb400007695258f70] state=DEQUEUED 0xb4000076b5406450 frame=751 [ 426x 240: 432,7F000001]
10-02 19:18:01.905  8170  8630 E BufferQueueProducer: BQDUMP  [03:0xb4000076952b3870] state=DEQUEUED 0xb4000076b542a950 frame=1751 [ 426x 240: 432,7F000001]
10-02 19:18:21.751  8170  8630 E BufferQueueProducer: [SurfaceView[com.google.android.youtube/com.google.android.apps.youtube.app.watchwhile.WatchWhileActivity]#48(BLAST Consumer)48](id:1fea00000056,api:3,p:8170,c:8170) waitForFreeSlotThenRelock TIMED_OUT 0
10-02 19:18:57.751  8170  8630 E BufferQueueProducer: [SurfaceView[com.google.android.youtube/com.google.android.apps.youtube.app.watchwhile.WatchWhileActivity]#48(BLAST Consumer)48](id:1fea00000056,api:3,p:8170,c:8170) waitForFreeSlotThenRelock TIMED_OUT 0
10-02 19:18:58.741  1185  1185 E wificond: vivo add tx_good 37511 tx_bad 0 rx_good 155729 tx_retry 6896 tx_retry_times 0
10-02 19:20:50.636  1185  1185 E wificond: vivo add tx_good 38111 tx_bad 0 rx_good 157512 tx_retry 6934 tx_retry_times 0
10-02 19:20:52.221   751 26454 E AudioALSAPlaybackHandlerNormal: open_audiodsp_preset() Preset file can't be opened
10-02 19:20:52.221   751 26454 E AudioALSAPlaybackHandlerNormal: open_audiodsp() Could not load the preset file, it might be sktv3 algo, return here.
10-02 19:20:52.221   751 26454 E AudioALSAPlaybackHandlerNormal: open() Could not open audioDSP lib
10-02 19:21:22.114   751 27131 W AudioALSACaptureDataProviderNormal: readThread, latency_in_s,0.000001,0.039578,0.000032, totalTime 0.039610 > logTimeout 0.022000 TIMEOUT!!
10-02 19:21:22.154   751 27131 W AudioALSACaptureDataProviderNormal: readThread, latency_in_s,0.000001,0.039645,0.000046, totalTime 0.039692 > logTimeout 0.022000 TIMEOUT!!
10-02 19:21:22.194   751 27131 W AudioALSACaptureDataProviderNormal: readThread, latency_in_s,0.000001,0.039546,0.000035, totalTime 0.039582 > logTimeout 0.022000 TIMEOUT!!
10-02 19:21:22.234   751 27131 W AudioALSACaptureDataProviderNormal: readThread, latency_in_s,0.000001,0.039760,0.000158, totalTime 0.039919 > logTimeout 0.022000 TIMEOUT!!
10-02 19:21:22.314   751 27131 W AudioALSACaptureDataProviderNormal: readThread, latency_in_s,0.000002,0.039889,0.000066, totalTime 0.039957 > logTimeout 0.022000 TIMEOUT!!
10-02 19:21:22.315   751 27130 D _V_vafx_muteframedetect: AudioHwIn session 0, curMuteFrame 0 ms, totalMuteFrame 0 ms, normalFrame 1294500 ms
10-02 19:21:48.751  8170  8630 E BufferQueueProducer: [SurfaceView[com.google.android.youtube/com.google.android.apps.youtube.app.watchwhile.WatchWhileActivity]#50(BLAST Consumer)50](id:1fea0000005b,api:3,p:8170,c:8170) waitForFreeSlotThenRelock TIMED_OUT 0
10-02 19:22:07.148   751 10457 E AudioALSAPlaybackHandlerNormal: open_audiodsp_preset() Preset file can't be opened
10-02 19:22:07.148   751 10457 E AudioALSAPlaybackHandlerNormal: open_audiodsp() Could not load the preset file, it might be sktv3 algo, return here.
10-02 19:22:07.148   751 10457 E AudioALSAPlaybackHandlerNormal: open() Could not open audioDSP lib
10-02 19:22:20.269   751 26454 E AudioALSAPlaybackHandlerNormal: open_audiodsp_preset() Preset file can't be opened
10-02 19:22:20.269   751 26454 E AudioALSAPlaybackHandlerNormal: open_audiodsp() Could not load the preset file, it might be sktv3 algo, return here.
10-02 19:22:20.269   751 26454 E AudioALSAPlaybackHandlerNormal: open() Could not open audioDSP lib
10-02 19:22:31.902  8170  8630 E BufferQueueProducer: BQDUMP  [04:0xb4000076952606b0] state=DEQUEUED 0xb4000076b5433710 frame=2751 [ 426x 222: 432,7F000001]
10-02 19:22:32.440  8170  8630 E BufferQueueProducer: BQDUMP  [04:0xb4000076952606b0] state=DEQUEUED 0xb4000076b5433710 frame=2751 [ 426x 222: 432,7F000001]
10-02 19:22:32.540  8170  8630 E BufferQueueProducer: BQDUMP  [04:0xb4000076952606b0] state=DEQUEUED 0xb4000076b5433710 frame=2751 [ 426x 222: 432,7F000001]
10-02 19:22:48.116   751 26454 E AudioALSAPlaybackHandlerNormal: open_audiodsp_preset() Preset file can't be opened
10-02 19:22:48.116   751 26454 E AudioALSAPlaybackHandlerNormal: open_audiodsp() Could not load the preset file, it might be sktv3 algo, return here.
10-02 19:22:48.116   751 26454 E AudioALSAPlaybackHandlerNormal: open() Could not open audioDSP lib
10-02 19:22:49.751  8170  8170 E ConstraintLayout: layout_constraintWidth_default="wrap" is deprecated.
10-02 19:22:49.751  8170  8170 E ConstraintLayout: Use layout_width="WRAP_CONTENT" and layout_constrainedWidth="true" instead.
10-02 19:23:04.892   751 26454 E AudioALSAPlaybackHandlerNormal: open_audiodsp_preset() Preset file can't be opened
10-02 19:23:04.892   751 26454 E AudioALSAPlaybackHandlerNormal: open_audiodsp() Could not load the preset file, it might be sktv3 algo, return here.
10-02 19:23:04.892   751 26454 E AudioALSAPlaybackHandlerNormal: open() Could not open audioDSP lib
10-02 19:23:12.657  1185  1185 E wificond: vivo add tx_good 39929 tx_bad 0 rx_good 162519 tx_retry 7512 tx_retry_times 0
10-02 19:23:12.967   751 26454 E AudioALSAPlaybackHandlerNormal: open_audiodsp_preset() Preset file can't be opened
10-02 19:23:12.967   751 26454 E AudioALSAPlaybackHandlerNormal: open_audiodsp() Could not load the preset file, it might be sktv3 algo, return here.
10-02 19:23:12.967   751 26454 E AudioALSAPlaybackHandlerNormal: open() Could not open audioDSP lib
10-02 19:23:15.755   751 26454 E AudioALSAPlaybackHandlerNormal: open_audiodsp_preset() Preset file can't be opened
10-02 19:23:15.755   751 26454 E AudioALSAPlaybackHandlerNormal: open_audiodsp() Could not load the preset file, it might be sktv3 algo, return here.
10-02 19:23:15.755   751 26454 E AudioALSAPlaybackHandlerNormal: open() Could not open audioDSP lib
10-02 19:23:20.559   751 26454 E AudioALSAPlaybackHandlerNormal: open_audiodsp_preset() Preset file can't be opened
10-02 19:23:20.559   751 26454 E AudioALSAPlaybackHandlerNormal: open_audiodsp() Could not load the preset file, it might be sktv3 algo, return here.
10-02 19:23:20.559   751 26454 E AudioALSAPlaybackHandlerNormal: open() Could not open audioDSP lib
10-02 19:23:28.659   751 26454 E AudioALSAPlaybackHandlerNormal: open_audiodsp_preset() Preset file can't be opened
10-02 19:23:28.659   751 26454 E AudioALSAPlaybackHandlerNormal: open_audiodsp() Could not load the preset file, it might be sktv3 algo, return here.
10-02 19:23:28.659   751 26454 E AudioALSAPlaybackHandlerNormal: open() Could not open audioDSP lib
10-02 19:23:30.863   751 26454 E AudioALSAPlaybackHandlerNormal: open_audiodsp_preset() Preset file can't be opened
10-02 19:23:30.864   751 26454 E AudioALSAPlaybackHandlerNormal: open_audiodsp() Could not load the preset file, it might be sktv3 algo, return here.
10-02 19:23:30.864   751 26454 E AudioALSAPlaybackHandlerNormal: open() Could not open audioDSP lib
10-02 19:24:39.211   751   751 E AudioALSAStreamManager: setScreenState, mStreamInVector[0]->getInputFlags() = 0x0
10-02 19:25:14.751   778   858 I libPowerHal: [perfNotifyAppState] pack:com.google.android.youtube, act:com.google.android.apps.youtube.app.watchwhile.WatchWhileActivity, state:1, pid:8170, uid:10200, fps:-1
10-02 19:25:18.122   751 26454 E AudioALSAPlaybackHandlerNormal: open_audiodsp_preset() Preset file can't be opened
10-02 19:25:18.122   751 26454 E AudioALSAPlaybackHandlerNormal: open_audiodsp() Could not load the preset file, it might be sktv3 algo, return here.
10-02 19:25:18.122   751 26454 E AudioALSAPlaybackHandlerNormal: open() Could not open audioDSP lib
10-02 19:25:43.418  8170  8630 E BufferQueueProducer: BQDUMP  [05:0xb4000076952f8810] state=DEQUEUED 0xb4000076b5404bd0 frame=751 [ 426x 240: 432,7F000001]
10-02 19:25:43.551  8170  8630 E BufferQueueProducer: BQDUMP  [05:0xb4000076952f8810] state=DEQUEUED 0xb4000076b5404bd0 frame=751 [ 426x 240: 432,7F000001]
10-02 19:25:43.686  8170  8630 E BufferQueueProducer: BQDUMP  [05:0xb4000076952f8810] state=DEQUEUED 0xb4000076b5404bd0 frame=751 [ 426x 240: 432,7F000001]
10-02 19:25:44.019  8170  8630 E BufferQueueProducer: BQDUMP  [05:0xb4000076952f8810] state=DEQUEUED 0xb4000076b5404bd0 frame=751 [ 426x 240: 432,7F000001]
10-02 19:26:49.926  8170  8630 E BufferQueueProducer: BQDUMP >[08:0xb40000769528f2d0] state=ACQUIRED 0xb4000076b542d6d0 frame=2751 [ 426x 240: 432,7F000001]
10-02 19:26:50.460  8170  8630 E BufferQueueProducer: BQDUMP  [08:0xb40000769528f2d0] state=DEQUEUED 0xb4000076b542d6d0 frame=2751 [ 426x 240: 432,7F000001]
10-02 19:26:50.627  8170  8630 E BufferQueueProducer: BQDUMP  [08:0xb40000769528f2d0] state=DEQUEUED 0xb4000076b542d6d0 frame=2751 [ 426x 240: 432,7F000001]
10-02 19:26:50.828  8170  8630 E BufferQueueProducer: BQDUMP  [08:0xb40000769528f2d0] state=DEQUEUED 0xb4000076b542d6d0 frame=2751 [ 426x 240: 432,7F000001]
10-02 19:28:17.751  1668  1668 E _V_SensorManager: unregisterListenerImpl listener=com.android.server.display.color.VivoLcmEsd$2@a2ae845sensor=NULL num: 5
10-02 19:28:30.525  8170  8630 E BufferQueueProducer: BQDUMP  [05:0xb4000076952f8810] state=DEQUEUED 0xb4000076b5404bd0 frame=5751 [ 426x 240: 432,7F000001]
10-02 19:28:30.759  8170  8630 E BufferQueueProducer: BQDUMP  [05:0xb4000076952f8810] state=DEQUEUED 0xb4000076b5404bd0 frame=5751 [ 426x 240: 432,7F000001]
10-02 19:28:50.095  1185  1185 E wificond: vivo add tx_good 42474 tx_bad 0 rx_good 175111 tx_retry 8625 tx_retry_times 0
10-02 19:28:53.115  1185  1185 E wificond: vivo add tx_good 42476 tx_bad 0 rx_good 175111 tx_retry 8628 tx_retry_times 0
10-02 19:28:56.139  1185  1185 E wificond: vivo add tx_good 42481 tx_bad 0 rx_good 175120 tx_retry 8628 tx_retry_times 0
10-02 19:28:59.161  1185  1185 E wificond: vivo add tx_good 42482 tx_bad 0 rx_good 175120 tx_retry 8629 tx_retry_times 0
10-02 19:29:28.914  8170  8630 E BufferQueueProducer: BQDUMP  default-size=[426x240] default-format=4 BQDUMP  transform-hint=00 frame-counter=7517
10-02 19:29:28.914  8170  8630 E BufferQueueProducer: BQDUMP >[04:0xb400007695245470] state=ACQUIRED 0xb4000076b53b2ed0 frame=7517 [ 426x 240: 432,7F000001]
10-02 19:29:28.914  8170  8630 E BufferQueueProducer: BQDUMP  [09:0xb4000076952da0f0] state=DEQUEUED 0xb4000076b530e350 frame=7514 [ 426x 240: 
10-02 19:29:29.483  8170  8630 E BufferQueueProducer: BQDUMP  [02:0xb4000076952aef50] state=DEQUEUED 0xb4000076b542a250 frame=7519 [ 426x 240: 432,7F000001]
10-02 19:29:29.483  8170  8630 E BufferQueueProducer: BQDUMP  [02:0xb4000076952aef50] state=DEQUEUED 0xb4000076b542a250 frame=7519 [ 426x 240: 432,7F000001]
10-02 19:29:29.483  8170  8630 E BufferQueueProducer: BQDUMP  [04:0xb400007695245470] state=DEQUEUED 0xb4000076b53b2ed0 frame=7517 [ 426x 240: 432,7F000001]
10-02 19:29:29.483  8170  8630 E BufferQueueProducer: BQDUMP  [09:0xb4000076952da0f0] state=DEQUEUED 0xb4000076b530e350 frame=7514 [ 426x 240: 
10-02 19:30:10.150  8170  8630 E BufferQueueProducer: BQDUMP >[09:0xb4000076952da0f0] state=ACQUIRED 0xb4000076b530e350 frame=8751 [ 426x 240: 
10-02 19:30:10.350  8170  8630 E BufferQueueProducer: BQDUMP  [09:0xb4000076952da0f0] state=DEQUEUED 0xb4000076b530e350 frame=8751 [ 426x 240: 
10-02 19:30:10.384  8170  8630 E BufferQueueProducer: BQDUMP  [09:0xb4000076952da0f0] state=DEQUEUED 0xb4000076b530e350 frame=8751 [ 426x 240: 
10-02 19:30:10.484  8170  8630 E BufferQueueProducer: BQDUMP  [09:0xb4000076952da0f0] state=DEQUEUED 0xb4000076b530e350 frame=8751 [ 426x 240: 
10-02 19:30:10.682  8170  8630 E BufferQueueProducer: BQDUMP  [09:0xb4000076952da0f0] state=DEQUEUED 0xb4000076b530e350 frame=8751 [ 426x 240: 
10-02 19:30:10.984  8170  8630 E BufferQueueProducer: BQDUMP  [09:0xb4000076952da0f0] state=DEQUEUED 0xb4000076b530e350 frame=8751 [ 426x 240: 
10-02 19:30:11.087  8170  8630 E BufferQueueProducer: BQDUMP  [09:0xb4000076952da0f0] state=DEQUEUED 0xb4000076b530e350 frame=8751 [ 426x 240: 
10-02 19:31:05.947   751 26454 E AudioALSAPlaybackHandlerNormal: open_audiodsp_preset() Preset file can't be opened
10-02 19:31:05.947   751 26454 E AudioALSAPlaybackHandlerNormal: open_audiodsp() Could not load the preset file, it might be sktv3 algo, return here.
10-02 19:31:05.947   751 26454 E AudioALSAPlaybackHandlerNormal: open() Could not open audioDSP lib
10-02 19:31:07.010  2580  2748 E _V_SysProcFs: SysProcFsDataItem{extype=2020,path=smaps,group=g3,uid=10186,abi=64,threadName=lowpool[136],threadId=574,cmdline=com.google.android.gms.persistent,pid=19779,bufferSize=4096,op=show_smap,readSize=2097152,index=3139,otime=1664713867008,createTime=20751719,times=2}
10-02 19:32:09.004   751   884 E AudioALSAStreamManager: setScreenState, mStreamInVector[0]->getInputFlags() = 0x0
10-02 19:33:24.461   751 26454 E AudioALSAPlaybackHandlerNormal: open_audiodsp_preset() Preset file can't be opened
10-02 19:33:24.461   751 26454 E AudioALSAPlaybackHandlerNormal: open_audiodsp() Could not load the preset file, it might be sktv3 algo, return here.
10-02 19:33:24.461   751 26454 E AudioALSAPlaybackHandlerNormal: open() Could not open audioDSP lib
10-02 19:34:17.257  1185  1185 E wificond: vivo add tx_good 43695 tx_bad 0 rx_good 177512 tx_retry 8793 tx_retry_times 0
10-02 19:34:20.286  1185  1185 E wificond: vivo add tx_good 43698 tx_bad 0 rx_good 177513 tx_retry 8793 tx_retry_times 0
10-02 19:34:23.310  1185  1185 E wificond: vivo add tx_good 43700 tx_bad 0 rx_good 177513 tx_retry 8793 tx_retry_times 0
10-02 19:34:58.751  8170  8630 E BufferQueueProducer: [SurfaceView[com.google.android.youtube/com.google.android.apps.youtube.app.watchwhile.WatchWhileActivity]#57(BLAST Consumer)57](id:1fea00000068,api:3,p:8170,c:8170) waitForFreeSlotThenRelock TIMED_OUT 0
10-02 19:35:29.646  8170  8630 E BufferQueueProducer: BQDUMP >[01:0xb4000076952858b0] state=ACQUIRED 0xb4000076b53bbad0 frame=3751 [ 426x 240: 432,7F000001]
10-02 19:35:29.647  8170  8630 E BufferQueueProducer: BQDUMP >[01:0xb4000076952858b0] state=ACQUIRED 0xb4000076b53bbad0 frame=3751 [ 426x 240: 432,7F000001]
10-02 19:35:29.845  8170  8630 E BufferQueueProducer: BQDUMP  [01:0xb4000076952858b0] state=DEQUEUED 0xb4000076b53bbad0 frame=3751 [ 426x 240: 432,7F000001]
10-02 19:35:29.845  8170  8630 E BufferQueueProducer: BQDUMP  [01:0xb4000076952858b0] state=DEQUEUED 0xb4000076b53bbad0 frame=3751 [ 426x 240: 432,7F000001]
10-02 19:35:29.913  8170  8630 E BufferQueueProducer: BQDUMP  [01:0xb4000076952858b0] state=DEQUEUED 0xb4000076b53bbad0 frame=3751 [ 426x 240: 432,7F000001]
10-02 19:35:29.913  8170  8630 E BufferQueueProducer: BQDUMP  [01:0xb4000076952858b0] state=DEQUEUED 0xb4000076b53bbad0 frame=3751 [ 426x 240: 432,7F000001]
10-02 19:35:30.013  8170  8630 E BufferQueueProducer: BQDUMP  [01:0xb4000076952858b0] state=DEQUEUED 0xb4000076b53bbad0 frame=3751 [ 426x 240: 432,7F000001]
10-02 19:35:30.013  8170  8630 E BufferQueueProducer: BQDUMP  [01:0xb4000076952858b0] state=DEQUEUED 0xb4000076b53bbad0 frame=3751 [ 426x 240: 432,7F000001]
10-02 19:35:30.213  8170  8630 E BufferQueueProducer: BQDUMP  [01:0xb4000076952858b0] state=DEQUEUED 0xb4000076b53bbad0 frame=3751 [ 426x 240: 432,7F000001]
10-02 19:35:30.213  8170  8630 E BufferQueueProducer: BQDUMP  [01:0xb4000076952858b0] state=DEQUEUED 0xb4000076b53bbad0 frame=3751 [ 426x 240: 432,7F000001]
10-02 19:35:30.345  8170  8630 E BufferQueueProducer: BQDUMP  [01:0xb4000076952858b0] state=DEQUEUED 0xb4000076b53bbad0 frame=3751 [ 426x 240: 432,7F000001]
10-02 19:35:30.345  8170  8630 E BufferQueueProducer: BQDUMP  [01:0xb4000076952858b0] state=DEQUEUED 0xb4000076b53bbad0 frame=3751 [ 426x 240: 432,7F000001]
10-02 19:35:30.577  8170  8630 E BufferQueueProducer: BQDUMP  [01:0xb4000076952858b0] state=DEQUEUED 0xb4000076b53bbad0 frame=3751 [ 426x 240: 432,7F000001]
10-02 19:35:30.578  8170  8630 E BufferQueueProducer: BQDUMP  [01:0xb4000076952858b0] state=DEQUEUED 0xb4000076b53bbad0 frame=3751 [ 426x 240: 432,7F000001]
10-02 19:37:11.751  8170  8630 E BufferQueueProducer: BQDUMP- BufferQueue mMaxAcquiredBufferCount=2 mMaxDequeuedBufferCount=32
10-02 19:37:11.751  8170  8630 E BufferQueueProducer: BQDUMP  mDequeueBufferCannotBlock=0 mAsyncMode=0
10-02 19:37:11.751  8170  8630 E BufferQueueProducer: BQDUMP  mQueueBufferCanDrop=0 mLegacyBufferDrop=1
10-02 19:37:11.751  8170  8630 E BufferQueueProducer: BQDUMP  default-size=[426x240] default-format=4 BQDUMP  transform-hint=00 frame-counter=6813
10-02 19:37:11.751  8170  8630 E BufferQueueProducer: BQDUMP  mTransformHintInUse=00 mAutoPrerotation=0
10-02 19:37:11.751  8170  8630 E BufferQueueProducer: BQDUMPFIFO(0):
10-02 19:37:11.751  8170  8630 E BufferQueueProducer: BQDUMP(mConsumerName=SurfaceView[com.google.android.youtube/com.google.android.apps.youtube.app.watchwhile.WatchWhileActivity]#57(BLAST Consumer)57, mConnectedApi=3, mConsumerUsageBits=2304, mId=1fea00000068, producer=[8170:com.google.android.youtube], consumer=[8170:com.google.android.youtube])
10-02 19:37:11.751  8170  8630 E BufferQueueProducer: BQDUMPSlots:
10-02 19:37:11.751  8170  8630 E BufferQueueProducer: BQDUMP  [00:0xb4000076952abef0] state=DEQUEUED 0xb4000076b543bc10 frame=6799 [ 426x 240: 432,7F000001]
10-02 19:37:11.751  8170  8630 E BufferQueueProducer: BQDUMP >[01:0xb4000076952858b0] state=ACQUIRED 0xb4000076b53bbad0 frame=6811 [ 426x 240: 432,7F000001]
10-02 19:37:11.751  8170  8630 E BufferQueueProducer: BQDUMP  [02:0xb400007695294970] state=DEQUEUED 0xb4000076b540a350 frame=6802 [ 426x 240: 432,7F000001]
10-02 19:37:11.751  8170  8630 E BufferQueueProducer: BQDUMP  [03:0xb4000076952420b0] state=DEQUEUED 0xb4000076b533cb10 frame=67
10-02 19:37:11.751  8170  8630 E BufferQueueProducer: Slots:
10-02 19:37:11.751  8170  8630 E BufferQueueProducer: BQDUMP  [00:0xb4000076952abef0] state=DEQUEUED 0xb4000076b543bc10 frame=6799 [ 426x 240: 432,7F000001]
10-02 19:37:11.751  8170  8630 E BufferQueueProducer: BQDUMP >[01:0xb4000076952858b0] state=ACQUIRED 0xb4000076b53bbad0 frame=6811 [ 426x 240: 432,7F000001]
10-02 19:37:11.751  8170  8630 E BufferQueueProducer: BQDUMP  [02:0xb400007695294970] state=DEQUEUED 0xb4000076b540a350 frame=6802 [ 426x 240: 432,7F000001]
10-02 19:37:11.751  8170  8630 E BufferQueueProducer: BQDUMP  [03:0xb4000076952420b0] state=DEQUEUED 0xb4000076b533cb10 frame=6773 [ 426x 240: 432,7F000001]
10-02 19:37:11.751  8170  8630 E BufferQueueProducer: BQDUMP  [04:0xb4000076952eedf0] state=DEQUEUED 0xb4000076b5438e90 frame=6797 [ 426x 240: 432,7F000001]
10-02 19:37:11.751  8170  8630 E BufferQueueProducer: BQDUMP  [05:0xb4000076952b8970] state=DEQUEUED 0xb4000076b5441390 frame=6785 [ 426x 240: 432,7F000001]
10-02 19:37:11.751  8170  8630 E BufferQueueProducer: BQDUMP  [06:0xb4000076952dd810] state=DEQUEUED 0xb4000076b5411dd0 frame=6786 [ 426x 240: 432,7F000001]
10-02 19:37:11.751  8170  8630 E BufferQueueProducer: BQDUMP  [07:0xb40000769525a3b0] state=DEQUEUED 0xb4000076b5414d10 frame=6804 [ 426x 240: 432,7F000001]
10-02 19:37:11.751  8170  8630 E BufferQueueProducer: BQDUMP  [08:0xb4000076952f8030] state=DEQUEUED 0xb4000076b541a810 frame=6808 [ 426x 240: 432,7F000001]
10-02 19:37:11.751  8170  8630 E BufferQueueProducer: BQDUMP  [09:0xb4000076952dbbf0] state=DEQUEUED 0xb4000076b543d110 frame=6783 [ 426x 240: 
10-02 19:37:35.106  8170  8630 E BufferQueueProducer: BQDUMP  default-size=[426x240] default-format=4 BQDUMP  transform-hint=00 frame-counter=7513
10-02 19:37:35.106  8170  8630 E BufferQueueProducer: BQDUMP  [01:0xb4000076952858b0] state=DEQUEUED 0xb4000076b53bbad0 frame=7510 [ 426x 240: 432,7F000001]
10-02 19:37:35.106  8170  8630 E BufferQueueProducer: BQDUMP  [01:0xb4000076952858b0] state=DEQUEUED 0xb4000076b53bbad0 frame=7510 [ 426x 240: 432,7F000001]
10-02 19:37:35.106  8170  8630 E BufferQueueProducer: BQDUMP >[07:0xb40000769525a3b0] state=ACQUIRED 0xb4000076b5414d10 frame=7511 [ 426x 240: 432,7F000001]
10-02 19:37:35.239  8170  8630 E BufferQueueProducer: BQDUMP  default-size=[426x240] default-format=4 BQDUMP  transform-hint=00 frame-counter=7517
