10-02 20:22:12.987   751 11644 W AudioALSACaptureDataProviderNormal: readThread, latency_in_s,0.000001,0.039658,0.000043, totalTime 0.039702 > logTimeout 0.022000 TIMEOUT!!
10-02 20:22:13.027   751 11644 W AudioALSACaptureDataProviderNormal: readThread, latency_in_s,0.000002,0.039784,0.000049, totalTime 0.039834 > logTimeout 0.022000 TIMEOUT!!
10-02 20:22:13.067   751 11644 W AudioALSACaptureDataProviderNormal: readThread, latency_in_s,0.000001,0.039545,0.000110, totalTime 0.039656 > logTimeout 0.022000 TIMEOUT!!
10-02 20:22:39.689 11717 12175 E BufferQueueProducer: BQDUMP  default-size=[640x360] default-format=4 BQDUMP  transform-hint=04 frame-counter=3751
10-02 20:22:39.689 11717 12175 E BufferQueueProducer: BQDUMP >[00:0xb400007695278bf0] state=ACQUIRED 0xb4000076b52c5790 frame=3751 [ 640x 360: 640,7F000001]
10-02 20:22:39.689 11717 12175 E BufferQueueProducer: BQDUMP >[00:0xb400007695278bf0] state=ACQUIRED 0xb4000076b52c5790 frame=3751 [ 640x 360: 640,7F000001]
10-02 20:22:40.024 11717 12175 E BufferQueueProducer: BQDUMP  [00:0xb400007695278bf0] state=DEQUEUED 0xb4000076b52c5790 frame=3751 [ 640x 360: 640,7F000001]
10-02 20:22:40.024 11717 12175 E BufferQueueProducer: BQDUMP  [00:0xb400007695278bf0] state=DEQUEUED 0xb4000076b52c5790 frame=3751 [ 640x 360: 640,7F000001]
10-02 20:22:40.523 11717 12175 E BufferQueueProducer: BQDUMP  [00:0xb400007695278bf0] state=DEQUEUED 0xb4000076b52c5790 frame=3751 [ 640x 360: 640,7F000001]
10-02 20:22:40.523 11717 12175 E BufferQueueProducer: BQDUMP  [00:0xb400007695278bf0] state=DEQUEUED 0xb4000076b52c5790 frame=3751 [ 640x 360: 640,7F000001]
10-02 20:23:50.103 11717 12175 E BufferQueueProducer: BQDUMP  32:0xb400007695275170 crop=[0,0,640,360] xform=0x00 time=23815.3357 scale=SCALE_TO_WINDOW
10-02 20:24:44.775 11717 12175 E BufferQueueProducer: BQDUMP >[04:0xb400007695283b70] state=ACQUIRED 0xb4000076b52c8c10 frame=6751 [ 640x 360: 640,7F000001]
10-02 20:24:44.855 11717 12175 E BufferQueueProducer: BQDUMP  [04:0xb400007695283b70] state=DEQUEUED 0xb4000076b52c8c10 frame=6751 [ 640x 360: 640,7F000001]
10-02 20:24:45.192 11717 12175 E BufferQueueProducer: BQDUMP  [04:0xb400007695283b70] state=DEQUEUED 0xb4000076b52c8c10 frame=6751 [ 640x 360: 640,7F000001]
10-02 20:24:45.689 11717 12175 E BufferQueueProducer: BQDUMP  [04:0xb400007695283b70] state=DEQUEUED 0xb4000076b52c8c10 frame=6751 [ 640x 360: 640,7F000001]
10-02 20:25:16.485 11717 12175 E BufferQueueProducer: BQDUMP  default-size=[640x360] default-format=4 BQDUMP  transform-hint=04 frame-counter=7514
10-02 20:25:16.485 11717 12175 E BufferQueueProducer: BQDUMP >[08:0xb400007695264eb0] state=ACQUIRED 0xb4000076b525e710 frame=7512 [ 640x 360: 640,7F000001]
10-02 20:25:16.649 11717 12175 E BufferQueueProducer: BQDUMP  default-size=[640x360] default-format=4 BQDUMP  transform-hint=04 frame-counter=7518
10-02 20:25:16.649 11717 12175 E BufferQueueProducer: BQDUMP >[03:0xb40000769527a4b0] state=ACQUIRED 0xb4000076b52af990 frame=7518 [ 640x 360: 640,7F000001]
10-02 20:25:16.649 11717 12175 E BufferQueueProducer: BQDUMP  [08:0xb400007695264eb0] state=DEQUEUED 0xb4000076b525e710 frame=7512 [ 640x 360: 640,7F000001]
10-02 20:25:17.151 11717 12175 E BufferQueueProducer: BQDUMP  [03:0xb40000769527a4b0] state=DEQUEUED 0xb4000076b52af990 frame=7518 [ 640x 360: 640,7F000001]
10-02 20:25:17.151 11717 12175 E BufferQueueProducer: BQDUMP  [08:0xb400007695264eb0] state=DEQUEUED 0xb4000076b525e710 frame=7512 [ 640x 360: 640,7F000001]
10-02 20:25:17.402 11717 12175 E BufferQueueProducer: BQDUMP  [03:0xb40000769527a4b0] state=DEQUEUED 0xb4000076b52af990 frame=7518 [ 640x 360: 640,7F000001]
10-02 20:25:17.402 11717 12175 E BufferQueueProducer: BQDUMP  [08:0xb400007695264eb0] state=DEQUEUED 0xb4000076b525e710 frame=7512 [ 640x 360: 640,7F000001]
10-02 20:25:26.443 11717 12175 E BufferQueueProducer: BQDUMP >[04:0xb400007695283b70] state=ACQUIRED 0xb4000076b52c8c10 frame=7751 [ 640x 360: 640,7F000001]
10-02 20:25:27.109 11717 12175 E BufferQueueProducer: BQDUMP  [04:0xb400007695283b70] state=DEQUEUED 0xb4000076b52c8c10 frame=7751 [ 640x 360: 640,7F000001]
10-02 20:28:54.898 11717 12175 E BufferQueueProducer: BQDUMP  [02:0xb400007695285430] state=DEQUEUED 0xb4000076b52b5490 frame=12751 [ 640x 360: 640,7F000001]
10-02 20:28:54.898 11717 12175 E BufferQueueProducer: BQDUMP  [02:0xb400007695285430] state=DEQUEUED 0xb4000076b52b5490 frame=12751 [ 640x 360: 640,7F000001]
10-02 20:28:55.899 11717 12175 E BufferQueueProducer: BQDUMP  [02:0xb400007695285430] state=DEQUEUED 0xb4000076b52b5490 frame=12751 [ 640x 360: 640,7F000001]
10-02 20:28:55.899 11717 12175 E BufferQueueProducer: BQDUMP  [02:0xb400007695285430] state=DEQUEUED 0xb4000076b52b5490 frame=12751 [ 640x 360: 640,7F000001]
10-02 20:30:18.106 11717 12175 E BufferQueueProducer: BQDUMP >[04:0xb400007695283b70] state=ACQUIRED 0xb4000076b52c8c10 frame=14751 [ 640x 360: 640,7F000001]
10-02 20:30:18.436 11717 12175 E BufferQueueProducer: BQDUMP  [04:0xb400007695283b70] state=DEQUEUED 0xb4000076b52c8c10 frame=14751 [ 640x 360: 640,7F000001]
10-02 20:31:41.983 11717 12175 E BufferQueueProducer: BQDUMP  [00:0xb400007695278bf0] state=DEQUEUED 0xb4000076b52c5790 frame=16751 [ 640x 360: 640,7F000001]
10-02 20:31:41.983 11717 12175 E BufferQueueProducer: BQDUMP  [00:0xb400007695278bf0] state=DEQUEUED 0xb4000076b52c5790 frame=16751 [ 640x 360: 640,7F000001]
10-02 20:31:42.647 11717 12175 E BufferQueueProducer: BQDUMP  [00:0xb400007695278bf0] state=DEQUEUED 0xb4000076b52c5790 frame=16751 [ 640x 360: 640,7F000001]
10-02 20:31:42.647 11717 12175 E BufferQueueProducer: BQDUMP  [00:0xb400007695278bf0] state=DEQUEUED 0xb4000076b52c5790 frame=16751 [ 640x 360: 640,7F000001]
10-02 20:31:56.642 11717 12175 E BufferQueueProducer: BQDUMP  01:0xb40000769527bc50 crop=[0,0,640,360] xform=0x00 time=24301.8751 scale=SCALE_TO_WINDOW
10-02 20:32:13.192 11717 12175 E BufferQueueProducer: BQDUMP  default-size=[640x360] default-format=4 BQDUMP  transform-hint=04 frame-counter=17515
10-02 20:32:23.520 11717 12175 E BufferQueueProducer: BQDUMP  [09:0xb400007695260350] state=DEQUEUED 0xb4000076b52690d0 frame=17751 [ 
10-02 20:32:23.686 11717 12175 E BufferQueueProducer: BQDUMP  [09:0xb400007695260350] state=DEQUEUED 0xb4000076b52690d0 frame=17751 [ 
10-02 20:34:28.147 11717 12175 E BufferQueueProducer: BQDUMP  [05:0xb400007695284110] state=DEQUEUED 0xb4000076b52a2cd0 frame=20751 [ 640x 360: 640,7F000001]
10-02 20:34:28.401 11717 12175 E BufferQueueProducer: BQDUMP  [05:0xb400007695284110] state=DEQUEUED 0xb4000076b52a2cd0 frame=20751 [ 640x 360: 640,7F000001]
10-02 20:34:29.150 11717 12175 E BufferQueueProducer: BQDUMP  [05:0xb400007695284110] state=DEQUEUED 0xb4000076b52a2cd0 frame=20751 [ 640x 360: 640,7F000001]
10-02 20:34:29.316 11717 12175 E BufferQueueProducer: BQDUMP  [05:0xb400007695284110] state=DEQUEUED 0xb4000076b52a2cd0 frame=20751 [ 640x 360: 640,7F000001]
10-02 20:35:10.604 11717 12175 E BufferQueueProducer: BQDUMP  [09:0xb400007695260350] state=DEQUEUED 0xb4000076b52690d0 frame=21751 [ 
10-02 20:36:34.314 11717 12175 E BufferQueueProducer: BQDUMP  [03:0xb40000769527a4b0] state=DEQUEUED 0xb4000076b52af990 frame=23751 [ 640x 360: 640,7F000001]
10-02 20:38:10.923   751   884 E AudioALSAStreamManager: setScreenState, mStreamInVector[0]->getInputFlags() = 0x0
10-02 20:52:41.463 14985 15524 E FbnsAIDLClientManager: Max Try reached for binding to FbnsAIDLService, threadId 7512
10-02 20:53:36.751  1467  1516 E VoLTE IMSM: Interrupt happen Interrupted system call (4) (module/mdagent/volte_imsm_93/src/imsmmd.c:2952)
10-02 20:58:35.751  1481  1513 E VoLTE IMCB-CM: RECEIVE error code: EINTR, Need to retry #51
10-02 20:59:18.751  1467  1516 E VoLTE IMSM: Interrupt happen Interrupted system call (4) (module/mdagent/volte_imsm_93/src/imsmmd.c:2952)
10-02 20:59:33.422 14985 15682 E FbnsAIDLClientManager: Max Try reached for binding to FbnsAIDLService, threadId 7515
10-02 21:04:43.908 14985 16108 E FbnsAIDLClientManager: Max Try reached for binding to FbnsAIDLService, threadId 7516
10-02 21:09:45.712 14985 16183 E FbnsAIDLClientManager: Max Try reached for binding to FbnsAIDLService, threadId 7517
10-02 21:13:30.751 14985 15153 E msys    : E[N mns]_OnDNSFailure(1809)=>_OnDNSFailure error 0
10-02 21:17:48.788 14985 16273 E FbnsAIDLClientManager: Max Try reached for binding to FbnsAIDLService, threadId 7518
10-02 21:19:55.751  1481  1513 E VoLTE IMCB-CM: RECEIVE error code: EINTR, Need to retry #51
10-02 21:25:33.734 14985 16378 E FbnsAIDLClientManager: Max Try reached for binding to FbnsAIDLService, threadId 7519
10-02 21:27:34.957  4080 16390 I native  : I0000 00:00:1664720854.957512   16390 geller_cache.cc:1388] Data size config for ASSISTANT_CONTACT_AFFINITY is 1048576 bytes
10-02 21:27:58.567  1668  1668 E ActivityManager: 	at android.app.LoadedApk$ReceiverDispatcher$Args.lambda$getRunnable$0$LoadedApk$ReceiverDispatcher$Args(LoadedApk.java:1751)
10-02 21:27:58.751   778   858 I libPowerHal: vperf@1.0-servi: set gpu opp level: 29
10-02 21:27:58.751   778   858 I libPowerHal: vperf@1.0-servi: set gpu opp level max: 0
10-02 21:28:04.383 17066 17066 E tingsExProvide: Dex checksum does not match for dex: /system/priv-app/Settings/Settings.apk.Expected: 2319472965, actual: 3375127461
10-02 21:28:22.205   751 26454 E AudioALSAPlaybackHandlerNormal: open_audiodsp_preset() Preset file can't be opened
10-02 21:28:22.206   751 26454 E AudioALSAPlaybackHandlerNormal: open_audiodsp() Could not load the preset file, it might be sktv3 algo, return here.
10-02 21:28:22.206   751 26454 E AudioALSAPlaybackHandlerNormal: open() Could not open audioDSP lib
10-02 21:28:37.751 17484 17575 E BufferQueueProducer: BQDUMP- BufferQueue mMaxAcquiredBufferCount=2 mMaxDequeuedBufferCount=21
10-02 21:28:37.751 17484 17575 E BufferQueueProducer: BQDUMP  mDequeueBufferCannotBlock=0 mAsyncMode=0
10-02 21:28:37.751 17484 17575 E BufferQueueProducer: BQDUMP  mQueueBufferCanDrop=0 mLegacyBufferDrop=1
10-02 21:28:37.751 17484 17575 E BufferQueueProducer: BQDUMP  default-size=[640x360] default-format=4 BQDUMP  transform-hint=00 frame-counter=466
10-02 21:28:37.751 17484 17575 E BufferQueueProducer: BQDUMP  mTransformHintInUse=00 mAutoPrerotation=0
10-02 21:28:37.751 17484 17575 E BufferQueueProducer: BQDUMPFIFO(0):
10-02 21:28:37.751 17484 17575 E BufferQueueProducer: BQDUMP(mConsumerName=SurfaceView[com.vivo.gallery/com.android.gallery3d.vivo.NewPageActivity]#3(BLAST Consumer)3, mConnectedApi=3, mConsumerUsageBits=2304, mId=444c0000000b, producer=[1152:???], consumer=[17484:com.vivo.gallery])
10-02 21:28:37.751 17484 17575 E BufferQueueProducer: BQDUMPSlots:
10-02 21:28:37.751 17484 17575 E BufferQueueProducer: BQDUMP  [00:0xb400007695235750] state=DEQUEUED 0xb4000076b527f950 frame=461 [ 640x 360: 640,7F000001]
10-02 21:28:37.751 17484 17575 E BufferQueueProducer: BQDUMP  [01:0xb400007695237910] state=DEQUEUED 0xb4000076b5288550 frame=463 [ 640x 360: 640,7F000001]
10-02 21:28:37.751 17484 17575 E BufferQueueProducer: BQDUMP  [02:0xb400007695233fb0] state=DEQUEUED 0xb4000076b527d650 frame=462 [ 640x 360: 640,7F000001]
10-02 21:28:37.751 17484 17575 E BufferQueueProducer: BQDUMP >[03:0xb400007695242e30] state=ACQUIRED 0xb4000076b526cc50 frame=464 [ 640x 360: 640,7F000001]
10-02 21:28:37.751 17484 17575 E BufferQueueProducer: BQDUMP >[04:0xb400007695238330] state=ACQUI
10-02 21:28:37.751 17484 17575 E BufferQueueProducer: Slots:
10-02 21:28:37.751 17484 17575 E BufferQueueProducer: BQDUMP  [00:0xb400007695235750] state=DEQUEUED 0xb4000076b527f950 frame=461 [ 640x 360: 640,7F000001]
10-02 21:28:37.751 17484 17575 E BufferQueueProducer: BQDUMP  [01:0xb400007695237910] state=DEQUEUED 0xb4000076b5288550 frame=463 [ 640x 360: 640,7F000001]
10-02 21:28:37.751 17484 17575 E BufferQueueProducer: BQDUMP  [02:0xb400007695233fb0] state=DEQUEUED 0xb4000076b527d650 frame=462 [ 640x 360: 640,7F000001]
10-02 21:28:37.751 17484 17575 E BufferQueueProducer: BQDUMP >[03:0xb400007695242e30] state=ACQUIRED 0xb4000076b526cc50 frame=464 [ 640x 360: 640,7F000001]
10-02 21:28:37.751 17484 17575 E BufferQueueProducer: BQDUMP >[04:0xb400007695238330] state=ACQUIRED 0xb4000076b5271790 frame=465 [ 640x 360: 640,7F000001]
10-02 21:28:37.751 17484 17575 E BufferQueueProducer: BQDUMP >[05:0xb40000769523ca10] state=ACQUIRED 0xb4000076b5270290 frame=466 [ 640x 360: 640,7F000001]
10-02 21:28:37.751 17484 17575 E BufferQueueProducer: BQDUMP  [06:0xb40000769523fef0] state=DEQUEUED 0xb4000076b5266dd0 frame=444 [ 640x 360: 640,7F000001]
10-02 21:28:37.751 17484 17575 E BufferQueueProducer: BQDUMP  [07:0xb400007695240c70] state=DEQUEUED 0xb4000076b5265e10 frame=445 [ 640x 360: 640,7F000001]
10-02 21:28:37.751 17484 17575 E BufferQueueProducer: BQDUMP  [08:0xb400007695240a30] state=DEQUEUED 0xb4000076b52fbf10 frame=446 [ 640x 360: 640,7F000001]
10-02 21:28:37.751 17484 17575 E BufferQueueProducer: BQDUMP  [09:0xb40000769523b930] state=DEQUEUED 0xb4000076b52fa690 frame=447 [ 640x 360: 640,7F0000
10-02 21:28:47.239 17484 17655 E BufferQueueProducer: BQDUMP  default-size=[640x360] default-format=4 BQDUMP  transform-hint=00 frame-counter=751
10-02 21:29:20.868 17484 17654 E BufferQueueProducer: BQDUMP  [01:0xb400007695237910] state=DEQUEUED 0xb4000076b5288550 frame=1751 [ 640x 360: 640,7F000001]
10-02 21:29:20.868 17484 17654 E BufferQueueProducer: BQDUMP  [01:0xb400007695237910] state=DEQUEUED 0xb4000076b5288550 frame=1751 [ 640x 360: 640,7F000001]
10-02 21:29:21.000 17484 17575 E BufferQueueProducer: BQDUMP  [01:0xb400007695237910] state=DEQUEUED 0xb4000076b5288550 frame=1751 [ 640x 360: 640,7F000001]
10-02 21:29:21.001 17484 17575 E BufferQueueProducer: BQDUMP  [01:0xb400007695237910] state=DEQUEUED 0xb4000076b5288550 frame=1751 [ 640x 360: 640,7F000001]
10-02 21:29:21.067 17484 17501 E BufferQueueProducer: BQDUMP  [01:0xb400007695237910] state=DEQUEUED 0xb4000076b5288550 frame=1751 [ 640x 360: 640,7F000001]
10-02 21:29:21.068 17484 17501 E BufferQueueProducer: BQDUMP  [01:0xb400007695237910] state=DEQUEUED 0xb4000076b5288550 frame=1751 [ 640x 360: 640,7F000001]
10-02 21:29:21.267 17484 17655 E BufferQueueProducer: BQDUMP  [01:0xb400007695237910] state=DEQUEUED 0xb4000076b5288550 frame=1751 [ 640x 360: 640,7F000001]
10-02 21:29:21.268 17484 17655 E BufferQueueProducer: BQDUMP  [01:0xb400007695237910] state=DEQUEUED 0xb4000076b5288550 frame=1751 [ 640x 360: 640,7F000001]
10-02 21:29:21.308 17484 17575 E BufferQueueProducer: BQDUMP  [01:0xb400007695237910] state=DEQUEUED 0xb4000076b5288550 frame=1751 [ 640x 360: 640,7F000001]
10-02 21:29:21.308 17484 17575 E BufferQueueProducer: BQDUMP  [01:0xb400007695237910] state=DEQUEUED 0xb4000076b5288550 frame=1751 [ 640x 360: 640,7F000001]
10-02 21:30:21.633 17484 17502 E BufferQueueProducer: BQDUMP  17:0xb400007695244030 crop=[0,0,640,360] xform=0x00 time=26219.7514 scale=SCALE_TO_WINDOW
10-02 21:30:27.236 17484 17575 E BufferQueueProducer: BQDUMP  default-size=[640x360] default-format=4 BQDUMP  transform-hint=00 frame-counter=3751
10-02 21:30:27.236 17484 17575 E BufferQueueProducer: BQDUMP >[02:0xb400007695233fb0] state=ACQUIRED 0xb4000076b527d650 frame=3751 [ 640x 360: 640,7F000001]
10-02 21:30:27.236 17484 17575 E BufferQueueProducer: BQDUMP >[02:0xb400007695233fb0] state=ACQUIRED 0xb4000076b527d650 frame=3751 [ 640x 360: 640,7F000001]
10-02 21:30:27.275 17484 17654 E BufferQueueProducer: BQDUMP >[02:0xb400007695233fb0] state=ACQUIRED 0xb4000076b527d650 frame=3751 [ 640x 360: 640,7F000001]
10-02 21:30:27.275 17484 17654 E BufferQueueProducer: BQDUMP >[02:0xb400007695233fb0] state=ACQUIRED 0xb4000076b527d650 frame=3751 [ 640x 360: 640,7F000001]
10-02 21:30:27.301 17484 17575 E BufferQueueProducer: BQDUMP >[02:0xb400007695233fb0] state=ACQUIRED 0xb4000076b527d650 frame=3751 [ 640x 360: 640,7F000001]
10-02 21:30:27.301 17484 17575 E BufferQueueProducer: BQDUMP >[02:0xb400007695233fb0] state=ACQUIRED 0xb4000076b527d650 frame=3751 [ 640x 360: 640,7F000001]
10-02 21:30:27.338 17484 17575 E BufferQueueProducer: BQDUMP  [02:0xb400007695233fb0] state=DEQUEUED 0xb4000076b527d650 frame=3751 [ 640x 360: 640,7F000001]
10-02 21:30:27.338 17484 17575 E BufferQueueProducer: BQDUMP  [02:0xb400007695233fb0] state=DEQUEUED 0xb4000076b527d650 frame=3751 [ 640x 360: 640,7F000001]
10-02 21:30:27.376 17484 17575 E BufferQueueProducer: BQDUMP  [02:0xb400007695233fb0] state=DEQUEUED 0xb4000076b527d650 frame=3751 [ 640x 360: 640,7F000001]
10-02 21:30:27.376 17484 17575 E BufferQueueProducer: BQDUMP  [02:0xb400007695233fb0] state=DEQUEUED 0xb4000076b527d650 frame=3751 [ 640x 360: 640,7F000001]
10-02 21:30:27.401 17484 17575 E BufferQueueProducer: BQDUMP  [02:0xb400007695233fb0] state=DEQUEUED 0xb4000076b527d650 frame=3751 [ 640x 360: 640,7F000001]
10-02 21:30:27.401 17484 17575 E BufferQueueProducer: BQDUMP  [02:0xb400007695233fb0] state=DEQUEUED 0xb4000076b527d650 frame=3751 [ 640x 360: 640,7F000001]
10-02 21:30:27.438 17484 17575 E BufferQueueProducer: BQDUMP  [02:0xb400007695233fb0] state=DEQUEUED 0xb4000076b527d650 frame=3751 [ 640x 360: 640,7F000001]
10-02 21:30:27.439 17484 17575 E BufferQueueProducer: BQDUMP  [02:0xb400007695233fb0] state=DEQUEUED 0xb4000076b527d650 frame=3751 [ 640x 360: 640,7F000001]
10-02 21:30:27.476 17484 17575 E BufferQueueProducer: BQDUMP  [02:0xb400007695233fb0] state=DEQUEUED 0xb4000076b527d650 frame=3751 [ 640x 360: 640,7F000001]
10-02 21:30:27.476 17484 17575 E BufferQueueProducer: BQDUMP  [02:0xb400007695233fb0] state=DEQUEUED 0xb4000076b527d650 frame=3751 [ 640x 360: 640,7F000001]
10-02 21:30:27.501 17484 17575 E BufferQueueProducer: BQDUMP  [02:0xb400007695233fb0] state=DEQUEUED 0xb4000076b527d650 frame=3751 [ 640x 360: 640,7F000001]
10-02 21:30:27.501 17484 17575 E BufferQueueProducer: BQDUMP  [02:0xb400007695233fb0] state=DEQUEUED 0xb4000076b527d650 frame=3751 [ 640x 360: 640,7F000001]
10-02 21:30:27.538 17484 17575 E BufferQueueProducer: BQDUMP  [02:0xb400007695233fb0] state=DEQUEUED 0xb4000076b527d650 frame=3751 [ 640x 360: 640,7F000001]
10-02 21:30:39.751 19514 19514 E .gms.persisten: Not starting debugger since process cannot load the jdwp agent.
10-02 21:31:00.567 17484 17575 E BufferQueueProducer: BQDUMP  default-size=[640x360] default-format=4 BQDUMP  transform-hint=00 frame-counter=4751
10-02 21:31:33.901 17484 17575 E BufferQueueProducer: BQDUMP  default-size=[640x360] default-format=4 BQDUMP  transform-hint=00 frame-counter=5751
10-02 21:31:33.901 17484 17575 E BufferQueueProducer: BQDUMP >[00:0xb400007695235750] state=ACQUIRED 0xb4000076b527f950 frame=5751 [ 640x 360: 640,7F000001]
10-02 21:31:33.902 17484 17575 E BufferQueueProducer: BQDUMP >[00:0xb400007695235750] state=ACQUIRED 0xb4000076b527f950 frame=5751 [ 640x 360: 640,7F000001]
10-02 21:31:33.966 17484 17501 E BufferQueueProducer: BQDUMP >[00:0xb400007695235750] state=ACQUIRED 0xb4000076b527f950 frame=5751 [ 640x 360: 640,7F000001]
10-02 21:31:33.966 17484 17501 E BufferQueueProducer: BQDUMP >[00:0xb400007695235750] state=ACQUIRED 0xb4000076b527f950 frame=5751 [ 640x 360: 640,7F000001]
10-02 21:31:34.004 17484 17575 E BufferQueueProducer: BQDUMP  [00:0xb400007695235750] state=DEQUEUED 0xb4000076b527f950 frame=5751 [ 640x 360: 640,7F000001]
10-02 21:31:34.004 17484 17575 E BufferQueueProducer: BQDUMP  [00:0xb400007695235750] state=DEQUEUED 0xb4000076b527f950 frame=5751 [ 640x 360: 640,7F000001]
10-02 21:31:34.032 17484 17501 E BufferQueueProducer: BQDUMP  [00:0xb400007695235750] state=DEQUEUED 0xb4000076b527f950 frame=5751 [ 640x 360: 640,7F000001]
10-02 21:31:34.033 17484 17501 E BufferQueueProducer: BQDUMP  [00:0xb400007695235750] state=DEQUEUED 0xb4000076b527f950 frame=5751 [ 640x 360: 640,7F000001]
10-02 21:31:34.133 17484 17575 E BufferQueueProducer: BQDUMP  [00:0xb400007695235750] state=DEQUEUED 0xb4000076b527f950 frame=5751 [ 640x 360: 640,7F000001]
10-02 21:31:34.133 17484 17575 E BufferQueueProducer: BQDUMP  [00:0xb400007695235750] state=DEQUEUED 0xb4000076b527f950 frame=5751 [ 640x 360: 640,7F000001]
10-02 21:31:34.172 17484 17501 E BufferQueueProducer: BQDUMP  [00:0xb400007695235750] state=DEQUEUED 0xb4000076b527f950 frame=5751 [ 640x 360: 640,7F000001]
10-02 21:31:34.172 17484 17501 E BufferQueueProducer: BQDUMP  [00:0xb400007695235750] state=DEQUEUED 0xb4000076b527f950 frame=5751 [ 640x 360: 640,7F000001]
10-02 21:31:34.268 17484 17575 E BufferQueueProducer: BQDUMP  [00:0xb400007695235750] state=DEQUEUED 0xb4000076b527f950 frame=5751 [ 640x 360: 640,7F000001]
10-02 21:31:34.268 17484 17575 E BufferQueueProducer: BQDUMP  [00:0xb400007695235750] state=DEQUEUED 0xb4000076b527f950 frame=5751 [ 640x 360: 640,7F000001]
10-02 21:31:34.400 17484 17575 E BufferQueueProducer: BQDUMP  [00:0xb400007695235750] state=DEQUEUED 0xb4000076b527f950 frame=5751 [ 640x 360: 640,7F000001]
10-02 21:31:34.400 17484 17575 E BufferQueueProducer: BQDUMP  [00:0xb400007695235750] state=DEQUEUED 0xb4000076b527f950 frame=5751 [ 640x 360: 640,7F000001]
10-02 21:31:34.438 17484 17655 E BufferQueueProducer: BQDUMP  [00:0xb400007695235750] state=DEQUEUED 0xb4000076b527f950 frame=5751 [ 640x 360: 640,7F000001]
10-02 21:31:34.438 17484 17655 E BufferQueueProducer: BQDUMP  [00:0xb400007695235750] state=DEQUEUED 0xb4000076b527f950 frame=5751 [ 640x 360: 640,7F000001]
10-02 21:31:34.500 17484 17501 E BufferQueueProducer: BQDUMP  [00:0xb400007695235750] state=DEQUEUED 0xb4000076b527f950 frame=5751 [ 640x 360: 640,7F000001]
10-02 21:31:34.501 17484 17501 E BufferQueueProducer: BQDUMP  [00:0xb400007695235750] state=DEQUEUED 0xb4000076b527f950 frame=5751 [ 640x 360: 640,7F000001]
10-02 21:31:34.537 17484 17655 E BufferQueueProducer: BQDUMP  [00:0xb400007695235750] state=DEQUEUED 0xb4000076b527f950 frame=5751 [ 640x 360: 640,7F000001]
10-02 21:31:34.537 17484 17655 E BufferQueueProducer: BQDUMP  [00:0xb400007695235750] state=DEQUEUED 0xb4000076b527f950 frame=5751 [ 640x 360: 640,7F000001]
10-02 21:31:34.600 17484 17501 E BufferQueueProducer: BQDUMP  [00:0xb400007695235750] state=DEQUEUED 0xb4000076b527f950 frame=5751 [ 640x 360: 640,7F000001]
10-02 21:31:34.600 17484 17501 E BufferQueueProducer: BQDUMP  [00:0xb400007695235750] state=DEQUEUED 0xb4000076b527f950 frame=5751 [ 640x 360: 640,7F000001]
10-02 21:31:34.636 17484 17501 E BufferQueueProducer: BQDUMP  [00:0xb400007695235750] state=DEQUEUED 0xb4000076b527f950 frame=5751 [ 640x 360: 640,7F000001]
10-02 21:31:34.636 17484 17501 E BufferQueueProducer: BQDUMP  [00:0xb400007695235750] state=DEQUEUED 0xb4000076b527f950 frame=5751 [ 640x 360: 640,7F000001]
10-02 21:32:32.599 17484 17502 E BufferQueueProducer: BQDUMP  default-size=[640x360] default-format=4 BQDUMP  transform-hint=00 frame-counter=7512
10-02 21:32:32.638 17484 17502 E BufferQueueProducer: BQDUMP  default-size=[640x360] default-format=4 BQDUMP  transform-hint=00 frame-counter=7513
10-02 21:32:32.700 17484 17502 E BufferQueueProducer: BQDUMP  default-size=[640x360] default-format=4 BQDUMP  transform-hint=00 frame-counter=7515
10-02 21:32:32.737 17484 17502 E BufferQueueProducer: BQDUMP  default-size=[640x360] default-format=4 BQDUMP  transform-hint=00 frame-counter=7516
10-02 21:32:32.799 17484 17502 E BufferQueueProducer: BQDUMP  default-size=[640x360] default-format=4 BQDUMP  transform-hint=00 frame-counter=7518
10-02 21:32:32.836 17484 17575 E BufferQueueProducer: BQDUMP  default-size=[640x360] default-format=4 BQDUMP  transform-hint=00 frame-counter=7519
10-02 21:33:42.540   751 26454 E AudioALSAPlaybackHandlerNormal: open_audiodsp_preset() Preset file can't be opened
10-02 21:33:42.540   751 26454 E AudioALSAPlaybackHandlerNormal: open_audiodsp() Could not load the preset file, it might be sktv3 algo, return here.
10-02 21:33:42.540   751 26454 E AudioALSAPlaybackHandlerNormal: open() Could not open audioDSP lib
10-02 21:34:07.926   751 26454 E AudioALSAPlaybackHandlerNormal: open_audiodsp_preset() Preset file can't be opened
10-02 21:34:07.927   751 26454 E AudioALSAPlaybackHandlerNormal: open_audiodsp() Could not load the preset file, it might be sktv3 algo, return here.
10-02 21:34:07.927   751 26454 E AudioALSAPlaybackHandlerNormal: open() Could not open audioDSP lib
10-02 21:34:51.751   778   858 I libPowerHal: 1157: cpu_ctrl set cpu freq: 1000000 -1 1000000 -1
10-02 21:35:35.585   778   858 I libPowerHal: [perfLockAcq] idx:0 hdl:14751 hint:1155 pid:824 duration:346 lock_user:vperf@1.0-servi => ret_hdl:14751
10-02 21:35:35.931   778   858 I mtkpower@impl: [powerd_req] TIMER_MSG_PERF_LOCK_TIMEOUT hdl:14751
10-02 21:35:35.931   778   858 I libPowerHal: [perfLockRel] hdl:14751, idx:0
10-02 21:35:35.951   824 20848 I mtkpower_client: perf_lock_rel, hdl:14751, tid:20848
10-02 21:35:35.953   778   858 I libPowerHal: [perfLockRel] hdl:14751, idx:-1
10-02 21:35:36.054   824   824 I mtkpower_client: perf_lock_rel, hdl:14751, tid:824
10-02 21:35:36.057   778   858 I libPowerHal: [perfLockRel] hdl:14751, idx:-1
10-02 21:36:14.467 21006 21006 E ndroid.setting: Dex checksum does not match for dex: /system/priv-app/Settings/Settings.apk.Expected: 2319472965, actual: 3375127461
10-02 21:36:15.732  1668  1692 E system_server: Dex checksum does not match for dex: /system/priv-app/Settings/Settings.apk.Expected: 2319472965, actual: 3375127461
10-02 21:36:15.735  1668  1696 E system_server: Dex checksum does not match for dex: /system/priv-app/Settings/Settings.apk.Expected: 2319472965, actual: 3375127461
10-02 21:37:08.158   751 26454 E AudioALSAPlaybackHandlerNormal: open_audiodsp_preset() Preset file can't be opened
10-02 21:37:08.158   751 26454 E AudioALSAPlaybackHandlerNormal: open_audiodsp() Could not load the preset file, it might be sktv3 algo, return here.
10-02 21:37:08.158   751 26454 E AudioALSAPlaybackHandlerNormal: open() Could not open audioDSP lib
10-02 21:37:13.546   751 26454 E AudioALSAPlaybackHandlerNormal: open_audiodsp_preset() Preset file can't be opened
10-02 21:37:13.546   751 26454 E AudioALSAPlaybackHandlerNormal: open_audiodsp() Could not load the preset file, it might be sktv3 algo, return here.
10-02 21:37:13.547   751 26454 E AudioALSAPlaybackHandlerNormal: open() Could not open audioDSP lib
10-02 21:40:38.666   824 24751 I mtkpower_client: perf_lock_rel, hdl:15201, tid:24751
10-02 21:43:11.699   751 29083 E AudioALSAStreamManager: routingInputDevice(), ptr is NULL!!
10-02 21:43:11.795   751 26454 E AudioALSAPlaybackHandlerNormal: open_audiodsp_preset() Preset file can't be opened
10-02 21:43:11.795   751 26454 E AudioALSAPlaybackHandlerNormal: open_audiodsp() Could not load the preset file, it might be sktv3 algo, return here.
10-02 21:43:11.795   751 26454 E AudioALSAPlaybackHandlerNormal: open() Could not open audioDSP lib
10-02 21:46:42.229   751 29083 E AudioALSAStreamManager: setScreenState, mStreamInVector[0]->getInputFlags() = 0x0
10-02 21:53:53.676   751 26454 E AudioALSAPlaybackHandlerBase: -getHardwareBufferInfo(), pcm_get_htimestamp fail, ret = -1, pcm_get_error =  flag = 0x8
10-02 21:58:32.768   751 26454 E AudioALSAPlaybackHandlerBase: -getHardwareBufferInfo(), pcm_get_htimestamp fail, ret = -1, pcm_get_error =  flag = 0x8
10-02 22:03:38.584   751 10457 E AudioALSAPlaybackHandlerNormal: open_audiodsp_preset() Preset file can't be opened
10-02 22:03:38.584   751 10457 E AudioALSAPlaybackHandlerNormal: open_audiodsp() Could not load the preset file, it might be sktv3 algo, return here.
10-02 22:03:38.584   751 10457 E AudioALSAPlaybackHandlerNormal: open() Could not open audioDSP lib
10-02 22:16:04.851   751 26454 D _V_vafx_muteframedetect: AudioHwOut session 8, curMuteFrame 0 ms, totalMuteFrame 798122 ms, normalFrame 13723008 ms
10-02 22:16:05.922  1152  5065 V AudioSink: getPlayedOutDurationUs(195764009) nowUs(28963987695) frames(8631421) framesAt(28963947518)
10-02 22:16:07.859   751 26454 D _V_vafx_muteframedetect: AudioHwOut session 8, curMuteFrame 0 ms, totalMuteFrame 798122 ms, normalFrame 13726037 ms
10-02 22:36:36.594   768   822 E android.hardware.sensors@2.0-service.multihal-mediatek: MEMSIC_Getgyro: accur 3, -0.227224 0.514855 0.751808 
10-02 22:36:56.668   751 26454 E AudioALSAPlaybackHandlerNormal: open_audiodsp_preset() Preset file can't be opened
10-02 22:36:56.669   751 26454 E AudioALSAPlaybackHandlerNormal: open_audiodsp() Could not load the preset file, it might be sktv3 algo, return here.
10-02 22:36:56.669   751 26454 E AudioALSAPlaybackHandlerNormal: open() Could not open audioDSP lib
10-02 22:37:26.857 21917 21937 E BufferQueueProducer: BQDUMP  [04:0xb400007695254650] state=DEQUEUED 0xb4000076b52b60d0 frame=751 [ 406x 720: 416,7F000001]
10-02 22:37:26.940 21917 22230 E BufferQueueProducer: BQDUMP  [04:0xb400007695254650] state=DEQUEUED 0xb4000076b52b60d0 frame=751 [ 406x 720: 416,7F000001]
10-02 22:37:26.976 21917 21935 E BufferQueueProducer: BQDUMP  [04:0xb400007695254650] state=DEQUEUED 0xb4000076b52b60d0 frame=751 [ 406x 720: 416,7F000001]
10-02 22:37:27.058 21917 22230 E BufferQueueProducer: BQDUMP  [04:0xb400007695254650] state=DEQUEUED 0xb4000076b52b60d0 frame=751 [ 406x 720: 416,7F000001]
10-02 22:37:27.139 21917 21937 E BufferQueueProducer: BQDUMP  [04:0xb400007695254650] state=DEQUEUED 0xb4000076b52b60d0 frame=751 [ 406x 720: 416,7F000001]
10-02 22:37:27.175 21917 21937 E BufferQueueProducer: BQDUMP  [04:0xb400007695254650] state=DEQUEUED 0xb4000076b52b60d0 frame=751 [ 406x 720: 416,7F000001]
10-02 22:37:27.256 21917 21935 E BufferQueueProducer: BQDUMP  [04:0xb400007695254650] state=DEQUEUED 0xb4000076b52b60d0 frame=751 [ 406x 720: 416,7F000001]
10-02 22:37:43.507   751  6769 W AudioALSACaptureDataProviderNormal: readThread, latency_in_s,0.000001,0.039656,0.000125, totalTime 0.039782 > logTimeout 0.022000 TIMEOUT!!
10-02 22:37:43.547   751  6769 W AudioALSACaptureDataProviderNormal: readThread, latency_in_s,0.000002,0.039467,0.000110, totalTime 0.039579 > logTimeout 0.022000 TIMEOUT!!
10-02 22:37:43.587   751  6769 W AudioALSACaptureDataProviderNormal: readThread, latency_in_s,0.000002,0.039633,0.000124, totalTime 0.039758 > logTimeout 0.022000 TIMEOUT!!
10-02 22:37:43.627   751  6769 W AudioALSACaptureDataProviderNormal: readThread, latency_in_s,0.000003,0.039573,0.000098, totalTime 0.039674 > logTimeout 0.022000 TIMEOUT!!
10-02 22:37:43.667   751  6769 W AudioALSACaptureDataProviderNormal: readThread, latency_in_s,0.000002,0.039718,0.000036, totalTime 0.039756 > logTimeout 0.022000 TIMEOUT!!
10-02 22:38:26.751   778   858 I libPowerHal: 1159: cpu_ctrl set cpu freq: 1000000 -1 1000000 -1
10-02 22:39:57.751   824 11341 I mtkpower_client: perf_lock_rel, hdl:15663, tid:11341
10-02 22:40:19.131   751 26454 E AudioALSAPlaybackHandlerNormal: open_audiodsp_preset() Preset file can't be opened
10-02 22:40:19.131   751 26454 E AudioALSAPlaybackHandlerNormal: open_audiodsp() Could not load the preset file, it might be sktv3 algo, return here.
10-02 22:40:19.131   751 26454 E AudioALSAPlaybackHandlerNormal: open() Could not open audioDSP lib
10-02 22:40:50.009 17484 17501 E BufferQueueProducer: BQDUMP  [09:0xb400007695237910] state=DEQUEUED 0xb4000076b5320090 frame=1751 [ 720x1600: 
10-02 22:40:50.034 17484 17818 E BufferQueueProducer: BQDUMP  [09:0xb400007695237910] state=DEQUEUED 0xb4000076b5320090 frame=1751 [ 720x1600: 
10-02 22:40:50.048 17484 17501 E BufferQueueProducer: BQDUMP  [09:0xb400007695237910] state=DEQUEUED 0xb4000076b5320090 frame=1751 [ 720x1600: 
10-02 22:40:50.073 17484 17501 E BufferQueueProducer: BQDUMP  [09:0xb400007695237910] state=DEQUEUED 0xb4000076b5320090 frame=1751 [ 720x1600: 
10-02 22:40:50.086 17484 17501 E BufferQueueProducer: BQDUMP  [09:0xb400007695237910] state=DEQUEUED 0xb4000076b5320090 frame=1751 [ 720x1600: 
10-02 22:40:50.099 17484 17501 E BufferQueueProducer: BQDUMP  [09:0xb400007695237910] state=DEQUEUED 0xb4000076b5320090 frame=1751 [ 720x1600: 
10-02 22:40:50.113 17484 17501 E BufferQueueProducer: BQDUMP  [09:0xb400007695237910] state=DEQUEUED 0xb4000076b5320090 frame=1751 [ 720x1600: 
10-02 22:40:50.127 17484 17575 E BufferQueueProducer: BQDUMP  [09:0xb400007695237910] state=DEQUEUED 0xb4000076b5320090 frame=1751 [ 720x1600: 
10-02 22:40:50.141 17484 17501 E BufferQueueProducer: BQDUMP  [09:0xb400007695237910] state=DEQUEUED 0xb4000076b5320090 frame=1751 [ 720x1600: 
10-02 22:40:50.155 17484 17501 E BufferQueueProducer: BQDUMP  [09:0xb400007695237910] state=DEQUEUED 0xb4000076b5320090 frame=1751 [ 720x1600: 
10-02 22:40:50.169 17484 17501 E BufferQueueProducer: BQDUMP  [09:0xb400007695237910] state=DEQUEUED 0xb4000076b5320090 frame=1751 [ 720x1600: 
10-02 22:40:50.182 17484 17501 E BufferQueueProducer: BQDUMP  [09:0xb400007695237910] state=DEQUEUED 0xb4000076b5320090 frame=1751 [ 720x1600: 
10-02 22:40:50.196 17484 17501 E BufferQueueProducer: BQDUMP  [09:0xb400007695237910] state=DEQUEUED 0xb4000076b5320090 frame=1751 [ 720x1600: 
10-02 22:40:50.234 17484 17501 E BufferQueueProducer: BQDUMP  [09:0xb400007695237910] state=DEQUEUED 0xb4000076b5320090 frame=1751 [ 720x1600: 
10-02 22:40:50.246 17484 17575 E BufferQueueProducer: BQDUMP  [09:0xb400007695237910] state=DEQUEUED 0xb4000076b5320090 frame=1751 [ 720x1600: 
10-02 22:40:53.633   751 26454 E AudioALSAPlaybackHandlerNormal: open_audiodsp_preset() Preset file can't be opened
10-02 22:40:53.633   751 26454 E AudioALSAPlaybackHandlerNormal: open_audiodsp() Could not load the preset file, it might be sktv3 algo, return here.
10-02 22:40:53.633   751 26454 E AudioALSAPlaybackHandlerNormal: open() Could not open audioDSP lib
10-02 22:41:14.416   778   858 I libPowerHal: [perfLockAcq] idx:2 hdl:15751 hint:1157 pid:824 duration:80 lock_user:vperf@1.0-servi => ret_hdl:15751
10-02 22:41:14.496   778   858 I mtkpower@impl: [powerd_req] TIMER_MSG_PERF_LOCK_TIMEOUT hdl:15751
10-02 22:41:14.496   778   858 I libPowerHal: [perfLockRel] hdl:15751, idx:2
10-02 22:41:14.516   824 11606 I mtkpower_client: perf_lock_rel, hdl:15751, tid:11606
10-02 22:41:14.517   778   858 I libPowerHal: [perfLockRel] hdl:15751, idx:-1
10-02 22:41:45.251   751 26454 E AudioALSAPlaybackHandlerNormal: open_audiodsp_preset() Preset file can't be opened
10-02 22:41:45.251   751 26454 E AudioALSAPlaybackHandlerNormal: open_audiodsp() Could not load the preset file, it might be sktv3 algo, return here.
10-02 22:41:45.251   751 26454 E AudioALSAPlaybackHandlerNormal: open() Could not open audioDSP lib
10-02 22:41:53.501   751 10457 E AudioALSAPlaybackHandlerNormal: open_audiodsp_preset() Preset file can't be opened
10-02 22:41:53.501   751 10457 E AudioALSAPlaybackHandlerNormal: open_audiodsp() Could not load the preset file, it might be sktv3 algo, return here.
10-02 22:41:53.501   751 10457 E AudioALSAPlaybackHandlerNormal: open() Could not open audioDSP lib
10-02 22:42:13.743   768   822 E android.hardware.sensors@2.0-service.multihal-mediatek: MEMSIC_Getgyro: accur 3, -0.227224 0.514855 0.751808 
10-02 22:42:52.688  2580  2748 E _V_SysProcFs: SysProcFsDataItem{extype=2020,path=smaps,group=g0,uid=10186,abi=64,threadName=lowpool[259],threadId=12353,cmdline=com.google.android.gms.persistent,pid=19779,bufferSize=4096,op=show_smap,readSize=2097152,index=3137,otime=1664725372686,createTime=30570751,times=1}
10-02 22:44:34.646   768   822 E android.hardware.sensors@2.0-service.multihal-mediatek: MEMSIC_SetAccData: -0.008980 0.007959 0.751633
10-02 22:44:43.751  1212  1241 I mtkpower_client: perf_lock_rel, hdl:15977, tid:1241
10-02 22:45:32.751  1668  2858 E ActivityManager: Sending non-protected broadcast action.topinfo from system 2603:com.vivo.pem/1000 pkg com.vivo.pem
10-02 22:45:32.751  1668  2858 E ActivityManager: java.lang.Throwable
10-02 22:45:32.751  1668  2858 E ActivityManager: 	at com.android.server.am.ActivityManagerService.checkBroadcastFromSystem(ActivityManagerService.java:14115)
10-02 22:45:32.751  1668  2858 E ActivityManager: 	at com.android.server.am.ActivityManagerService.broadcastIntentLocked(ActivityManagerService.java:14957)
10-02 22:45:32.751  1668  2858 E ActivityManager: 	at com.android.server.am.ActivityManagerService.broadcastIntentLocked(ActivityManagerService.java:14133)
10-02 22:45:32.751  1668  2858 E ActivityManager: 	at com.android.server.am.ActivityManagerService.broadcastIntentWithFeature(ActivityManagerService.java:15148)
10-02 22:45:32.751  1668  2858 E ActivityManager: 	at android.app.IActivityManager$Stub.onTransact$broadcastIntentWithFeature$(IActivityManager.java:14074)
10-02 22:45:32.751  1668  2858 E ActivityManager: 	at android.app.IActivityManager$Stub.onTransact(IActivityManager.java:2790)
10-02 22:45:32.751  1668  2858 E ActivityManager: 	at com.android.server.am.ActivityManagerService.onTransact(ActivityManagerService.java:2982)
10-02 22:45:32.751  1668  2858 E ActivityManager: 	at android.os.Binder.execTransactInternal(Binder.java:1179)
10-02 22:45:32.751  1668  2858 E ActivityManager: 	at android.os.Binder.execTransact(Binder.java:1143)
10-02 22:45:46.751   824   824 I mtkpower_client: perf_lock_rel, hdl:16126, tid:824
10-02 22:45:53.622 11804 14776 E BufferQueueProducer: BQDUMP  07:0xb4000076952dbf50 crop=[0,0,1280,720] xform=0x04 time=30751.7275 scale=SCALE_TO_WINDOW
10-02 22:45:53.642   751 26454 E AudioALSAPlaybackHandlerNormal: open_audiodsp_preset() Preset file can't be opened
10-02 22:45:53.642   751 26454 E AudioALSAPlaybackHandlerNormal: open_audiodsp() Could not load the preset file, it might be sktv3 algo, return here.
10-02 22:45:53.642   751 26454 E AudioALSAPlaybackHandlerNormal: open() Could not open audioDSP lib
10-02 22:45:53.768 11804 14776 E BufferQueueProducer: BQDUMP  08:0xb4000076952f46d0 crop=[0,0,1280,720] xform=0x04 time=30751.8608 scale=SCALE_TO_WINDOW
10-02 22:47:57.037   751 26454 E AudioALSAPlaybackHandlerNormal: open_audiodsp_preset() Preset file can't be opened
10-02 22:47:57.037   751 26454 E AudioALSAPlaybackHandlerNormal: open_audiodsp() Could not load the preset file, it might be sktv3 algo, return here.
10-02 22:47:57.037   751 26454 E AudioALSAPlaybackHandlerNormal: open() Could not open audioDSP lib
10-02 22:47:59.927   751 26454 E AudioALSAPlaybackHandlerNormal: open_audiodsp_preset() Preset file can't be opened
10-02 22:47:59.927   751 26454 E AudioALSAPlaybackHandlerNormal: open_audiodsp() Could not load the preset file, it might be sktv3 algo, return here.
10-02 22:47:59.927   751 26454 E AudioALSAPlaybackHandlerNormal: open() Could not open audioDSP lib
10-02 22:48:12.751   830  1400 E _V_FeatureManager: erro!!,gFeatureNotifyCallback = NULL 
10-02 22:48:22.876   751 26454 E AudioALSAPlaybackHandlerNormal: open_audiodsp_preset() Preset file can't be opened
10-02 22:48:22.876   751 26454 E AudioALSAPlaybackHandlerNormal: open_audiodsp() Could not load the preset file, it might be sktv3 algo, return here.
10-02 22:48:22.876   751 26454 E AudioALSAPlaybackHandlerNormal: open() Could not open audioDSP lib
10-02 22:48:43.671   751 26454 E AudioALSAPlaybackHandlerNormal: open_audiodsp_preset() Preset file can't be opened
10-02 22:48:43.671   751 26454 E AudioALSAPlaybackHandlerNormal: open_audiodsp() Could not load the preset file, it might be sktv3 algo, return here.
10-02 22:48:43.671   751 26454 E AudioALSAPlaybackHandlerNormal: open() Could not open audioDSP lib
10-02 22:49:28.254   764 16294 E C2MtkVdec: [0xF35C2B30] Unknown output workId: 143751277
10-02 22:49:30.537   751 26454 E AudioALSAPlaybackHandlerNormal: open_audiodsp_preset() Preset file can't be opened
10-02 22:49:30.537   751 26454 E AudioALSAPlaybackHandlerNormal: open_audiodsp() Could not load the preset file, it might be sktv3 algo, return here.
10-02 22:49:30.538   751 26454 E AudioALSAPlaybackHandlerNormal: open() Could not open audioDSP lib
10-02 22:49:41.046 17484 17654 E BufferQueueProducer: BQDUMP >[03:0xb400007695243bb0] state=ACQUIRED 0xb4000076b52abc50 frame=751 [1280x 720:1280,7F000001]
10-02 22:49:41.046 17484 17654 E BufferQueueProducer: BQDUMP >[03:0xb400007695243bb0] state=ACQUIRED 0xb4000076b52abc50 frame=751 [1280x 720:1280,7F000001]
10-02 22:49:41.085 17484 16458 E BufferQueueProducer: BQDUMP >[03:0xb400007695243bb0] state=ACQUIRED 0xb4000076b52abc50 frame=751 [1280x 720:1280,7F000001]
10-02 22:49:41.085 17484 16458 E BufferQueueProducer: BQDUMP >[03:0xb400007695243bb0] state=ACQUIRED 0xb4000076b52abc50 frame=751 [1280x 720:1280,7F000001]
10-02 22:49:41.329 17484 16458 E BufferQueueProducer: BQDUMP  [03:0xb400007695243bb0] state=DEQUEUED 0xb4000076b52abc50 frame=751 [1280x 720:1280,7F000001]
10-02 22:49:41.329 17484 16458 E BufferQueueProducer: BQDUMP  [03:0xb400007695243bb0] state=DEQUEUED 0xb4000076b52abc50 frame=751 [1280x 720:1280,7F000001]
10-02 22:49:41.365 17484 17924 E BufferQueueProducer: BQDUMP  [03:0xb400007695243bb0] state=DEQUEUED 0xb4000076b52abc50 frame=751 [1280x 720:1280,7F000001]
10-02 22:49:41.365 17484 17924 E BufferQueueProducer: BQDUMP  [03:0xb400007695243bb0] state=DEQUEUED 0xb4000076b52abc50 frame=751 [1280x 720:1280,7F000001]
10-02 22:50:03.751 17484 16458 E BufferQueueProducer: [SurfaceView[com.vivo.gallery/com.android.gallery3d.vivo.NewPageActivity]#38(BLAST Consumer)38](id:444c00000040,api:3,p:1152,c:17484) waitForFreeSlotThenRelock TIMED_OUT 0
10-02 22:50:16.240   764 16294 E C2MtkVdec: [0xF35C2B30] Unknown output workId: 87515700
10-02 22:50:22.490 17484 17502 E BufferQueueProducer: BQDUMP  default-size=[720x1280] default-format=4 BQDUMP  transform-hint=00 frame-counter=1751
10-02 22:50:48.083   751 26454 E AudioALSAPlaybackHandlerNormal: open_audiodsp_preset() Preset file can't be opened
10-02 22:50:48.083   751 26454 E AudioALSAPlaybackHandlerNormal: open_audiodsp() Could not load the preset file, it might be sktv3 algo, return here.
10-02 22:50:48.083   751 26454 E AudioALSAPlaybackHandlerNormal: open() Could not open audioDSP lib
10-02 22:51:13.817 17484 17654 E BufferQueueProducer: BQDUMP  [00:0xb4000076952496d0] state=DEQUEUED 0xb4000076b52b3a50 frame=751 [1280x 720:1280,7F000001]
10-02 22:51:13.817 17484 17654 E BufferQueueProducer: BQDUMP  [00:0xb4000076952496d0] state=DEQUEUED 0xb4000076b52b3a50 frame=751 [1280x 720:1280,7F000001]
10-02 22:51:13.830 17484 17654 E BufferQueueProducer: BQDUMP  [00:0xb4000076952496d0] state=DEQUEUED 0xb4000076b52b3a50 frame=751 [1280x 720:1280,7F000001]
10-02 22:51:13.830 17484 17654 E BufferQueueProducer: BQDUMP  [00:0xb4000076952496d0] state=DEQUEUED 0xb4000076b52b3a50 frame=751 [1280x 720:1280,7F000001]
10-02 22:51:13.892 17484 17654 E BufferQueueProducer: BQDUMP  [00:0xb4000076952496d0] state=DEQUEUED 0xb4000076b52b3a50 frame=751 [1280x 720:1280,7F000001]
10-02 22:51:13.892 17484 17654 E BufferQueueProducer: BQDUMP  [00:0xb4000076952496d0] state=DEQUEUED 0xb4000076b52b3a50 frame=751 [1280x 720:1280,7F000001]
10-02 22:51:13.956 17484 17654 E BufferQueueProducer: BQDUMP  [00:0xb4000076952496d0] state=DEQUEUED 0xb4000076b52b3a50 frame=751 [1280x 720:1280,7F000001]
10-02 22:51:13.956 17484 17654 E BufferQueueProducer: BQDUMP  [00:0xb4000076952496d0] state=DEQUEUED 0xb4000076b52b3a50 frame=751 [1280x 720:1280,7F000001]
10-02 22:51:13.994 17484 17654 E BufferQueueProducer: BQDUMP  [00:0xb4000076952496d0] state=DEQUEUED 0xb4000076b52b3a50 frame=751 [1280x 720:1280,7F000001]
10-02 22:51:13.994 17484 17654 E BufferQueueProducer: BQDUMP  [00:0xb4000076952496d0] state=DEQUEUED 0xb4000076b52b3a50 frame=751 [1280x 720:1280,7F000001]
10-02 22:51:14.020 17484 17654 E BufferQueueProducer: BQDUMP  [00:0xb4000076952496d0] state=DEQUEUED 0xb4000076b52b3a50 frame=751 [1280x 720:1280,7F000001]
10-02 22:51:14.020 17484 17654 E BufferQueueProducer: BQDUMP  [00:0xb4000076952496d0] state=DEQUEUED 0xb4000076b52b3a50 frame=751 [1280x 720:1280,7F000001]
10-02 22:51:14.177 17484 16458 E BufferQueueProducer: BQDUMP  [00:0xb4000076952496d0] state=DEQUEUED 0xb4000076b52b3a50 frame=751 [1280x 720:1280,7F000001]
10-02 22:51:14.177 17484 16458 E BufferQueueProducer: BQDUMP  [00:0xb4000076952496d0] state=DEQUEUED 0xb4000076b52b3a50 frame=751 [1280x 720:1280,7F000001]
10-02 22:51:14.214 17484 16458 E BufferQueueProducer: BQDUMP  [00:0xb4000076952496d0] state=DEQUEUED 0xb4000076b52b3a50 frame=751 [1280x 720:1280,7F000001]
10-02 22:51:14.214 17484 16458 E BufferQueueProducer: BQDUMP  [00:0xb4000076952496d0] state=DEQUEUED 0xb4000076b52b3a50 frame=751 [1280x 720:1280,7F000001]
10-02 22:51:14.240 17484 17501 E BufferQueueProducer: BQDUMP  [00:0xb4000076952496d0] state=DEQUEUED 0xb4000076b52b3a50 frame=751 [1280x 720:1280,7F000001]
10-02 22:51:14.240 17484 17501 E BufferQueueProducer: BQDUMP  [00:0xb4000076952496d0] state=DEQUEUED 0xb4000076b52b3a50 frame=751 [1280x 720:1280,7F000001]
10-02 22:51:14.323 17484 16458 E BufferQueueProducer: BQDUMP  [00:0xb4000076952496d0] state=DEQUEUED 0xb4000076b52b3a50 frame=751 [1280x 720:1280,7F000001]
10-02 22:51:14.323 17484 16458 E BufferQueueProducer: BQDUMP  [00:0xb4000076952496d0] state=DEQUEUED 0xb4000076b52b3a50 frame=751 [1280x 720:1280,7F000001]
10-02 22:51:35.751 17484 17924 E BufferQueueProducer: BQDUMP- BufferQueue mMaxAcquiredBufferCount=2 mMaxDequeuedBufferCount=19
10-02 22:51:35.751 17484 17924 E BufferQueueProducer: BQDUMP  mDequeueBufferCannotBlock=0 mAsyncMode=0
10-02 22:51:35.751 17484 17924 E BufferQueueProducer: BQDUMP  mQueueBufferCanDrop=0 mLegacyBufferDrop=1
10-02 22:51:35.751 17484 17924 E BufferQueueProducer: BQDUMP  default-size=[720x1280] default-format=4 BQDUMP  transform-hint=00 frame-counter=1407
10-02 22:51:35.751 17484 17924 E BufferQueueProducer: BQDUMP  mTransformHintInUse=00 mAutoPrerotation=0
10-02 22:51:35.751 17484 17924 E BufferQueueProducer: BQDUMPFIFO(0):
10-02 22:51:35.751 17484 17924 E BufferQueueProducer: BQDUMP(mConsumerName=SurfaceView[com.vivo.gallery/com.android.gallery3d.vivo.NewPageActivity]#39(BLAST Consumer)39, mConnectedApi=3, mConsumerUsageBits=2304, mId=444c00000043, producer=[1152:???], consumer=[17484:com.vivo.gallery])
10-02 22:51:35.751 17484 17924 E BufferQueueProducer: BQDUMPSlots:
10-02 22:51:35.751 17484 17924 E BufferQueueProducer: BQDUMP  [00:0xb4000076952496d0] state=DEQUEUED 0xb4000076b52b3a50 frame=1402 [1280x 720:1280,7F000001]
10-02 22:51:35.751 17484 17924 E BufferQueueProducer: BQDUMP  [01:0xb400007695248ef0] state=DEQUEUED 0xb4000076b52b4d90 frame=1387 [1280x 720:1280,7F000001]
10-02 22:51:35.751 17484 17924 E BufferQueueProducer: BQDUMP  [02:0xb400007695244a50] state=DEQUEUED 0xb4000076b52c6210 frame=1403 [1280x 720:1280,7F000001]
10-02 22:51:35.751 17484 17924 E BufferQueueProducer: BQDUMP  [03:0xb4000076952468b0] state=DEQUEUED 0xb4000076b52b5d50 frame=1394 [1280x 720:1280,7F000001]
10-02 22:51:35.751 17484 17924 E BufferQueueProducer: BQDUMP  [04:0xb400007695241210] sta
10-02 22:51:35.751 17484 17924 E BufferQueueProducer: Slots:
10-02 22:51:35.751 17484 17924 E BufferQueueProducer: BQDUMP  [00:0xb4000076952496d0] state=DEQUEUED 0xb4000076b52b3a50 frame=1402 [1280x 720:1280,7F000001]
10-02 22:51:35.751 17484 17924 E BufferQueueProducer: BQDUMP  [01:0xb400007695248ef0] state=DEQUEUED 0xb4000076b52b4d90 frame=1387 [1280x 720:1280,7F000001]
10-02 22:51:35.751 17484 17924 E BufferQueueProducer: BQDUMP  [02:0xb400007695244a50] state=DEQUEUED 0xb4000076b52c6210 frame=1403 [1280x 720:1280,7F000001]
10-02 22:51:35.751 17484 17924 E BufferQueueProducer: BQDUMP  [03:0xb4000076952468b0] state=DEQUEUED 0xb4000076b52b5d50 frame=1394 [1280x 720:1280,7F000001]
10-02 22:51:35.751 17484 17924 E BufferQueueProducer: BQDUMP  [04:0xb400007695241210] state=DEQUEUED 0xb4000076b5242710 frame=1391 [1280x 720:1280,7F000001]
10-02 22:51:35.751 17484 17924 E BufferQueueProducer: BQDUMP >[05:0xb400007695242410] state=ACQUIRED 0xb4000076b52b83d0 frame=1406 [1280x 720:1280,7F000001]
10-02 22:51:35.751 17484 17924 E BufferQueueProducer: BQDUMP  [06:0xb4000076952432b0] state=DEQUEUED 0xb4000076b52aa3d0 frame=1392 [1280x 720:1280,7F000001]
10-02 22:51:35.751 17484 17924 E BufferQueueProducer: BQDUMP  [07:0xb4000076952460d0] state=DEQUEUED 0xb4000076b52c0a90 frame=1396 [1280x 720:1280,7F000001]
10-02 22:51:35.751 17484 17924 E BufferQueueProducer: BQDUMP  [08:0xb400007695240910] state=DEQUEUED 0xb4000076b52baf90 frame=1399 [1280x 720:1280,7F000001]
10-02 22:51:35.751 17484 17924 E BufferQueueProducer: BQDUMP  [09:0xb400007695246670] state=DEQUEUED 0xb4000076b5310d50 frame=1397 [1280x 720:1
10-02 22:51:41.751 17484 17654 E BufferQueueProducer: [SurfaceView[com.vivo.gallery/com.android.gallery3d.vivo.NewPageActivity]#39(BLAST Consumer)39](id:444c00000043,api:3,p:1152,c:17484) waitForFreeSlotThenRelock TIMED_OUT 0
10-02 22:51:47.406 17484 17504 E BufferQueueProducer: BQDUMP >[03:0xb4000076952468b0] state=ACQUIRED 0xb4000076b52b5d50 frame=1751 [1280x 720:1280,7F000001]
10-02 22:51:47.406 17484 17504 E BufferQueueProducer: BQDUMP >[03:0xb4000076952468b0] state=ACQUIRED 0xb4000076b52b5d50 frame=1751 [1280x 720:1280,7F000001]
10-02 22:51:47.468 17484 16458 E BufferQueueProducer: BQDUMP  [03:0xb4000076952468b0] state=DEQUEUED 0xb4000076b52b5d50 frame=1751 [1280x 720:1280,7F000001]
10-02 22:51:47.468 17484 16458 E BufferQueueProducer: BQDUMP  [03:0xb4000076952468b0] state=DEQUEUED 0xb4000076b52b5d50 frame=1751 [1280x 720:1280,7F000001]
10-02 22:51:47.603 17484 16458 E BufferQueueProducer: BQDUMP  [03:0xb4000076952468b0] state=DEQUEUED 0xb4000076b52b5d50 frame=1751 [1280x 720:1280,7F000001]
10-02 22:51:47.603 17484 16458 E BufferQueueProducer: BQDUMP  [03:0xb4000076952468b0] state=DEQUEUED 0xb4000076b52b5d50 frame=1751 [1280x 720:1280,7F000001]
10-02 22:51:47.677 17484 17501 E BufferQueueProducer: BQDUMP  [03:0xb4000076952468b0] state=DEQUEUED 0xb4000076b52b5d50 frame=1751 [1280x 720:1280,7F000001]
10-02 22:51:47.677 17484 17501 E BufferQueueProducer: BQDUMP  [03:0xb4000076952468b0] state=DEQUEUED 0xb4000076b52b5d50 frame=1751 [1280x 720:1280,7F000001]
10-02 22:51:47.704 17484 16458 E BufferQueueProducer: BQDUMP  [03:0xb4000076952468b0] state=DEQUEUED 0xb4000076b52b5d50 frame=1751 [1280x 720:1280,7F000001]
10-02 22:51:47.704 17484 16458 E BufferQueueProducer: BQDUMP  [03:0xb4000076952468b0] state=DEQUEUED 0xb4000076b52b5d50 frame=1751 [1280x 720:1280,7F000001]
10-02 22:51:47.729 17484 16458 E BufferQueueProducer: BQDUMP  [03:0xb4000076952468b0] state=DEQUEUED 0xb4000076b52b5d50 frame=1751 [1280x 720:1280,7F000001]
